<html>
<body>
<pre>
<h1>µVision Build Log</h1>
<h2>Tool Versions:</h2>
IDE-Version: µVision V5.13.0.0
Copyright (C) 2014 ARM Ltd and ARM Germany GmbH. All rights reserved.
License Information: Michael Meli, NCSU, LIC=----
 
Tool Versions:
Toolchain:       MDK-Lite  Version: 5.13.0.0
Toolchain Path:  C:\Keil_v5\ARM\ARMCC\Bin
C Compiler:      Armcc.exe V5.05 update 1 (build 106)
Assembler:       Armasm.exe V5.05 update 1 (build 106)
Linker/Locator:  ArmLink.exe V5.05 update 1 (build 106)
Library Manager: ArmAr.exe V5.05 update 1 (build 106)
Hex Converter:   FromElf.exe V5.05 update 1 (build 106)
CPU DLL:         SARMCM3.DLL V5.13.0.0
Dialog DLL:      DARMCM1.DLL V1.12.0.0
Target DLL:      CMSIS_AGDI.dll V1.20.8.0
Dialog DLL:      TARMCM1.DLL V1.9.0.0
 
<h2>Project:</h2>
C:\Users\Michael\Documents\GitHub\ECE561\Freescale\Freescale_TSS_3_1\examples\FRDMKLXX_DEMO\build\uv4\FRDMKL25Z_DEMO\FRDMKL25Z_DEMO.uvproj
Project File Date:  05/17/2013

<h2>Output:</h2>
Build target 'FRDMKL25Z_DEMO'
compiling timers.c...
linking...
Program Size: Code=23306 RO-data=674 RW-data=176 ZI-data=1232  
".\FRDMKL25Z48M_DEMO\TWRKL25Z48M_DEMO.axf" - 0 Error(s), 0 Warning(s).
</pre>
</body>
</html>
