Component: ARM Compiler 5.05 update 1 (build 106) Tool: armlink [4d0efa]

==============================================================================

Section Cross References

    system_mkl25z4.o(.text) refers to uidiv.o(.text) for __aeabi_uidivmod
    system_mkl25z4.o(.text) refers to system_mkl25z4.o(i.__ARM_common_switch8) for __ARM_common_switch8
    system_mkl25z4.o(.text) refers to system_mkl25z4.o(.data) for .data
    startup_mkl25z4.o(RESET) refers to startup_mkl25z4.o(STACK) for __initial_sp
    startup_mkl25z4.o(RESET) refers to startup_mkl25z4.o(.text) for Reset_Handler
    startup_mkl25z4.o(RESET) refers to hal_cm1.o(.emb_text) for SVC_Handler
    startup_mkl25z4.o(RESET) refers to timers.o(.text) for PIT_IRQHandler
    startup_mkl25z4.o(.text) refers to system_mkl25z4.o(.text) for SystemInit
    startup_mkl25z4.o(.text) refers to entry.o(.ARM.Collect$$$$00000000) for __main
    main.o(.text) refers to tasks.o(.text) for Init_Debug_Signals
    main.o(.text) refers to leds.o(.text) for Init_RGB_LEDs
    main.o(.text) refers to sound.o(.text) for Sound_Init
    main.o(.text) refers to tft_lcd.o(.text) for TFT_Init
    main.o(.text) refers to tft_text.o(.text) for TFT_Text_Init
    main.o(.text) refers to i2c.o(.text) for i2c_init
    main.o(.text) refers to mma8451.o(.text) for init_mma
    main.o(.text) refers to delay.o(.text) for Delay
    main.o(.text) refers to hal_cm1.o(.emb_text) for os_set_env
    main.o(.text) refers to rt_task.o(i.rt_sys_init) for rt_sys_init
    timers.o(.text) refers to profile.o(.data) for profiling_enabled
    timers.o(.text) refers to timers.o(.data) for .data
    timers.o(.text) refers to profile.o(.data) for profile_ticks
    timers.o(.text) refers to region.o(.constdata) for NumProfileRegions
    timers.o(.text) refers to region.o(.constdata) for RegionTable
    timers.o(.text) refers to region.o(.bss) for RegionCount
    timers.o(.text) refers to profile.o(.data) for adx_lost
    timers.o(.text) refers to profile.o(.data) for num_lost
    mma8451.o(.text) refers to i2c.o(.text) for i2c_read_byte
    mma8451.o(.text) refers to delay.o(.text) for Delay
    mma8451.o(.text) refers to fdiv.o(.text) for __aeabi_fdiv
    mma8451.o(.text) refers to f2d.o(.text) for __aeabi_f2d
    mma8451.o(.text) refers to dmul.o(.text) for __aeabi_dmul
    mma8451.o(.text) refers to dadd.o(.text) for __aeabi_dadd
    mma8451.o(.text) refers to fadd.o(.text) for __aeabi_fsub
    mma8451.o(.text) refers to fmul.o(.text) for __aeabi_fmul
    mma8451.o(.text) refers to d2f.o(.text) for __aeabi_d2f
    mma8451.o(.text) refers to fflti.o(.text) for __aeabi_i2f
    mma8451.o(.text) refers to mma8451.o(.data) for .data
    profile.o(.text) refers to timers.o(.text) for Init_PIT
    profile.o(.text) refers to uidiv.o(.text) for __aeabi_uidivmod
    profile.o(.text) refers to printfa.o(i.__0snprintf) for __2snprintf
    profile.o(.text) refers to tft_text.o(.text) for TFT_Text_PrintStr
    profile.o(.text) refers to region.o(.bss) for RegionCount
    profile.o(.text) refers to region.o(.constdata) for NumProfileRegions
    profile.o(.text) refers to profile.o(.data) for .data
    profile.o(.text) refers to region.o(.bss) for SortedRegions
    profile.o(.text) refers to tft_text.o(.data) for G_TFT_char_height
    profile.o(.text) refers to region.o(.constdata) for RegionTable
    tft_lcd.o(.text) refers to timers.o(.text) for Old_Init_PWM
    tft_lcd.o(.text) refers to uidiv.o(.text) for __aeabi_uidivmod
    tft_lcd.o(.text) refers to delay.o(.text) for Delay
    tft_lcd.o(.text) refers to system_mkl25z4.o(.data) for SystemCoreClock
    tft_lcd.o(.text) refers to tft_text.o(.text) for TFT_Erase
    tft_lcd.o(.text) refers to printfa.o(i.__0sprintf) for __2sprintf
    tft_lcd.o(.text) refers to tft_graphics.o(.text) for TFT_Draw_Line
    tft_lcd.o(.text) refers to tft_lcd.o(.data) for .data
    tft_lcd.o(.text) refers to tft_text.o(.data) for G_TFT_char_height
    tft_text.o(.text) refers to tft_lcd.o(.text) for TFT_Fill_Buffer
    tft_text.o(.text) refers to tft_text.o(.data) for .data
    tft_text.o(.text) refers to lucida_12x19.o(.constdata) for Lucida_Console12x19
    tft_text.o(.data) refers to lucida_8x13.o(.constdata) for Lucida_Console8x13
    tft_text.o(.data) refers to lucida_12x19.o(.constdata) for Lucida_Console12x19
    tasks.o(.text) refers to mma8451.o(.text) for read_full_xyz
    tasks.o(.text) refers to f2d.o(.text) for __aeabi_f2d
    tasks.o(.text) refers to printfa.o(i.__0sprintf) for __2sprintf
    tasks.o(.text) refers to tft_text.o(.text) for TFT_Text_PrintStr_RC
    tasks.o(.text) refers to tft_lcd.o(.text) for TFT_TS_Read
    tasks.o(.text) refers to tft_graphics.o(.text) for TFT_Draw_Line
    tasks.o(.text) refers to rt_time.o(i.rt_itv_set) for rt_itv_set
    tasks.o(.text) refers to rt_event.o(i.rt_evt_wait) for rt_evt_wait
    tasks.o(.text) refers to rt_time.o(i.rt_itv_wait) for rt_itv_wait
    tasks.o(.text) refers to mma8451.o(.data) for roll
[...]
    printf1.o(i.__0sprintf$1) refers to printf1.o(i._sputc) for _sputc
    printf1.o(i.__0vfprintf$1) refers to printf1.o(i._printf_core) for _printf_core
    printf1.o(i.__0vfprintf$1) refers to fputc.o(i.fputc) for fputc
    printf1.o(i.__0vprintf$1) refers to printf1.o(i._printf_core) for _printf_core
    printf1.o(i.__0vprintf$1) refers to fputc.o(i.fputc) for fputc
    printf1.o(i.__0vprintf$1) refers to stdout.o(.data) for __stdout
    printf1.o(i.__0vsnprintf$1) refers to printf1.o(i._printf_core) for _printf_core
    printf1.o(i.__0vsnprintf$1) refers to printf1.o(i._snputc) for _snputc
    printf1.o(i.__0vsprintf$1) refers to printf1.o(i._printf_core) for _printf_core
    printf1.o(i.__0vsprintf$1) refers to printf1.o(i._sputc) for _sputc
    printf1.o(i._printf_core) refers to uidiv.o(.text) for __aeabi_uidivmod
    printf2.o(i.__0fprintf$2) refers to printf2.o(i._printf_core) for _printf_core
    printf2.o(i.__0fprintf$2) refers to fputc.o(i.fputc) for fputc
    printf2.o(i.__0printf$2) refers to printf2.o(i._printf_core) for _printf_core
    printf2.o(i.__0printf$2) refers to fputc.o(i.fputc) for fputc
    printf2.o(i.__0printf$2) refers to stdout.o(.data) for __stdout
    printf2.o(i.__0snprintf$2) refers to printf2.o(i._printf_core) for _printf_core
    printf2.o(i.__0snprintf$2) refers to printf2.o(i._snputc) for _snputc
    printf2.o(i.__0sprintf$2) refers to printf2.o(i._printf_core) for _printf_core
    printf2.o(i.__0sprintf$2) refers to printf2.o(i._sputc) for _sputc
    printf2.o(i.__0vfprintf$2) refers to printf2.o(i._printf_core) for _printf_core
    printf2.o(i.__0vfprintf$2) refers to fputc.o(i.fputc) for fputc
    printf2.o(i.__0vprintf$2) refers to printf2.o(i._printf_core) for _printf_core
    printf2.o(i.__0vprintf$2) refers to fputc.o(i.fputc) for fputc
    printf2.o(i.__0vprintf$2) refers to stdout.o(.data) for __stdout
    printf2.o(i.__0vsnprintf$2) refers to printf2.o(i._printf_core) for _printf_core
    printf2.o(i.__0vsnprintf$2) refers to printf2.o(i._snputc) for _snputc
    printf2.o(i.__0vsprintf$2) refers to printf2.o(i._printf_core) for _printf_core
    printf2.o(i.__0vsprintf$2) refers to printf2.o(i._sputc) for _sputc
    printf3.o(i.__0fprintf$3) refers to printf3.o(i._printf_core) for _printf_core
    printf3.o(i.__0fprintf$3) refers to fputc.o(i.fputc) for fputc
    printf3.o(i.__0printf$3) refers to printf3.o(i._printf_core) for _printf_core
    printf3.o(i.__0printf$3) refers to fputc.o(i.fputc) for fputc
    printf3.o(i.__0printf$3) refers to stdout.o(.data) for __stdout
    printf3.o(i.__0snprintf$3) refers to printf3.o(i._printf_core) for _printf_core
    printf3.o(i.__0snprintf$3) refers to printf3.o(i._snputc) for _snputc
    printf3.o(i.__0sprintf$3) refers to printf3.o(i._printf_core) for _printf_core
    printf3.o(i.__0sprintf$3) refers to printf3.o(i._sputc) for _sputc
    printf3.o(i.__0vfprintf$3) refers to printf3.o(i._printf_core) for _printf_core
    printf3.o(i.__0vfprintf$3) refers to fputc.o(i.fputc) for fputc
    printf3.o(i.__0vprintf$3) refers to printf3.o(i._printf_core) for _printf_core
    printf3.o(i.__0vprintf$3) refers to fputc.o(i.fputc) for fputc
    printf3.o(i.__0vprintf$3) refers to stdout.o(.data) for __stdout
    printf3.o(i.__0vsnprintf$3) refers to printf3.o(i._printf_core) for _printf_core
    printf3.o(i.__0vsnprintf$3) refers to printf3.o(i._snputc) for _snputc
    printf3.o(i.__0vsprintf$3) refers to printf3.o(i._printf_core) for _printf_core
    printf3.o(i.__0vsprintf$3) refers to printf3.o(i._sputc) for _sputc
    printf3.o(i._printf_core) refers to uidiv.o(.text) for __aeabi_uidivmod
    printf4.o(i.__0fprintf$4) refers to printf4.o(i._printf_core) for _printf_core
    printf4.o(i.__0fprintf$4) refers to fputc.o(i.fputc) for fputc
    printf4.o(i.__0printf$4) refers to printf4.o(i._printf_core) for _printf_core
    printf4.o(i.__0printf$4) refers to fputc.o(i.fputc) for fputc
    printf4.o(i.__0printf$4) refers to stdout.o(.data) for __stdout
    printf4.o(i.__0snprintf$4) refers to printf4.o(i._printf_core) for _printf_core
    printf4.o(i.__0snprintf$4) refers to printf4.o(i._snputc) for _snputc
    printf4.o(i.__0sprintf$4) refers to printf4.o(i._printf_core) for _printf_core
    printf4.o(i.__0sprintf$4) refers to printf4.o(i._sputc) for _sputc
    printf4.o(i.__0vfprintf$4) refers to printf4.o(i._printf_core) for _printf_core
    printf4.o(i.__0vfprintf$4) refers to fputc.o(i.fputc) for fputc
    printf4.o(i.__0vprintf$4) refers to printf4.o(i._printf_core) for _printf_core
    printf4.o(i.__0vprintf$4) refers to fputc.o(i.fputc) for fputc
    printf4.o(i.__0vprintf$4) refers to stdout.o(.data) for __stdout
    printf4.o(i.__0vsnprintf$4) refers to printf4.o(i._printf_core) for _printf_core
    printf4.o(i.__0vsnprintf$4) refers to printf4.o(i._snputc) for _snputc
    printf4.o(i.__0vsprintf$4) refers to printf4.o(i._printf_core) for _printf_core
    printf4.o(i.__0vsprintf$4) refers to printf4.o(i._sputc) for _sputc
    printf4.o(i._printf_core) refers to uldiv.o(.text) for __aeabi_uldivmod
    printf5.o(i.__0fprintf$5) refers to printf5.o(i._printf_core) for _printf_core
    printf5.o(i.__0fprintf$5) refers to fputc.o(i.fputc) for fputc
    printf5.o(i.__0printf$5) refers to printf5.o(i._printf_core) for _printf_core
    printf5.o(i.__0printf$5) refers to fputc.o(i.fputc) for fputc
    printf5.o(i.__0printf$5) refers to stdout.o(.data) for __stdout
    printf5.o(i.__0snprintf$5) refers to printf5.o(i._printf_core) for _printf_core
    printf5.o(i.__0snprintf$5) refers to printf5.o(i._snputc) for _snputc
    printf5.o(i.__0sprintf$5) refers to printf5.o(i._printf_core) for _printf_core
    printf5.o(i.__0sprintf$5) refers to printf5.o(i._sputc) for _sputc
    printf5.o(i.__0vfprintf$5) refers to printf5.o(i._printf_core) for _printf_core
    printf5.o(i.__0vfprintf$5) refers to fputc.o(i.fputc) for fputc
    printf5.o(i.__0vprintf$5) refers to printf5.o(i._printf_core) for _printf_core
    printf5.o(i.__0vprintf$5) refers to fputc.o(i.fputc) for fputc
    printf5.o(i.__0vprintf$5) refers to stdout.o(.data) for __stdout
    printf5.o(i.__0vsnprintf$5) refers to printf5.o(i._printf_core) for _printf_core
    printf5.o(i.__0vsnprintf$5) refers to printf5.o(i._snputc) for _snputc
    printf5.o(i.__0vsprintf$5) refers to printf5.o(i._printf_core) for _printf_core
    printf5.o(i.__0vsprintf$5) refers to printf5.o(i._sputc) for _sputc
    printf5.o(i._printf_core) refers to uldiv.o(.text) for __aeabi_uldivmod
    printf6.o(i.__0fprintf$6) refers to printf6.o(i._printf_core) for _printf_core
    printf6.o(i.__0fprintf$6) refers to fputc.o(i.fputc) for fputc
    printf6.o(i.__0printf$6) refers to printf6.o(i._printf_core) for _printf_core
    printf6.o(i.__0printf$6) refers to fputc.o(i.fputc) for fputc
    printf6.o(i.__0printf$6) refers to stdout.o(.data) for __stdout
    printf6.o(i.__0snprintf$6) refers to printf6.o(i._printf_core) for _printf_core
    printf6.o(i.__0snprintf$6) refers to printf6.o(i._snputc) for _snputc
    printf6.o(i.__0sprintf$6) refers to printf6.o(i._printf_core) for _printf_core
    printf6.o(i.__0sprintf$6) refers to printf6.o(i._sputc) for _sputc
    printf6.o(i.__0vfprintf$6) refers to printf6.o(i._printf_core) for _printf_core
    printf6.o(i.__0vfprintf$6) refers to fputc.o(i.fputc) for fputc
    printf6.o(i.__0vprintf$6) refers to printf6.o(i._printf_core) for _printf_core
    printf6.o(i.__0vprintf$6) refers to fputc.o(i.fputc) for fputc
    printf6.o(i.__0vprintf$6) refers to stdout.o(.data) for __stdout
    printf6.o(i.__0vsnprintf$6) refers to printf6.o(i._printf_core) for _printf_core
    printf6.o(i.__0vsnprintf$6) refers to printf6.o(i._snputc) for _snputc
    printf6.o(i.__0vsprintf$6) refers to printf6.o(i._printf_core) for _printf_core
    printf6.o(i.__0vsprintf$6) refers to printf6.o(i._sputc) for _sputc
    printf6.o(i._printf_core) refers to printf6.o(i._printf_pre_padding) for _printf_pre_padding
    printf6.o(i._printf_core) refers to printf6.o(i._printf_post_padding) for _printf_post_padding
    printf6.o(i._printf_core) refers to uidiv.o(.text) for __aeabi_uidivmod
    printf7.o(i.__0fprintf$7) refers to printf7.o(i._printf_core) for _printf_core
    printf7.o(i.__0fprintf$7) refers to fputc.o(i.fputc) for fputc
    printf7.o(i.__0printf$7) refers to printf7.o(i._printf_core) for _printf_core
    printf7.o(i.__0printf$7) refers to fputc.o(i.fputc) for fputc
    printf7.o(i.__0printf$7) refers to stdout.o(.data) for __stdout
    printf7.o(i.__0snprintf$7) refers to printf7.o(i._printf_core) for _printf_core
    printf7.o(i.__0snprintf$7) refers to printf7.o(i._snputc) for _snputc
    printf7.o(i.__0sprintf$7) refers to printf7.o(i._printf_core) for _printf_core
    printf7.o(i.__0sprintf$7) refers to printf7.o(i._sputc) for _sputc
    printf7.o(i.__0vfprintf$7) refers to printf7.o(i._printf_core) for _printf_core
    printf7.o(i.__0vfprintf$7) refers to fputc.o(i.fputc) for fputc
    printf7.o(i.__0vprintf$7) refers to printf7.o(i._printf_core) for _printf_core
    printf7.o(i.__0vprintf$7) refers to fputc.o(i.fputc) for fputc
    printf7.o(i.__0vprintf$7) refers to stdout.o(.data) for __stdout
    printf7.o(i.__0vsnprintf$7) refers to printf7.o(i._printf_core) for _printf_core
    printf7.o(i.__0vsnprintf$7) refers to printf7.o(i._snputc) for _snputc
    printf7.o(i.__0vsprintf$7) refers to printf7.o(i._printf_core) for _printf_core
    printf7.o(i.__0vsprintf$7) refers to printf7.o(i._sputc) for _sputc
    printf7.o(i._printf_core) refers to printf7.o(i._printf_pre_padding) for _printf_pre_padding
    printf7.o(i._printf_core) refers to printf7.o(i._printf_post_padding) for _printf_post_padding
    printf7.o(i._printf_core) refers to uldiv.o(.text) for __aeabi_uldivmod
    printf8.o(i.__0fprintf$8) refers to printf8.o(i._printf_core) for _printf_core
    printf8.o(i.__0fprintf$8) refers to fputc.o(i.fputc) for fputc
    printf8.o(i.__0printf$8) refers to printf8.o(i._printf_core) for _printf_core
    printf8.o(i.__0printf$8) refers to fputc.o(i.fputc) for fputc
    printf8.o(i.__0printf$8) refers to stdout.o(.data) for __stdout
    printf8.o(i.__0snprintf$8) refers to printf8.o(i._printf_core) for _printf_core
    printf8.o(i.__0snprintf$8) refers to printf8.o(i._snputc) for _snputc
    printf8.o(i.__0sprintf$8) refers to printf8.o(i._printf_core) for _printf_core
    printf8.o(i.__0sprintf$8) refers to printf8.o(i._sputc) for _sputc
    printf8.o(i.__0vfprintf$8) refers to printf8.o(i._printf_core) for _printf_core
    printf8.o(i.__0vfprintf$8) refers to fputc.o(i.fputc) for fputc
    printf8.o(i.__0vprintf$8) refers to printf8.o(i._printf_core) for _printf_core
    printf8.o(i.__0vprintf$8) refers to fputc.o(i.fputc) for fputc
    printf8.o(i.__0vprintf$8) refers to stdout.o(.data) for __stdout
    printf8.o(i.__0vsnprintf$8) refers to printf8.o(i._printf_core) for _printf_core
    printf8.o(i.__0vsnprintf$8) refers to printf8.o(i._snputc) for _snputc
    printf8.o(i.__0vsprintf$8) refers to printf8.o(i._printf_core) for _printf_core
    printf8.o(i.__0vsprintf$8) refers to printf8.o(i._sputc) for _sputc
    printf8.o(i._printf_core) refers to printf8.o(i._printf_pre_padding) for _printf_pre_padding
    printf8.o(i._printf_core) refers to printf8.o(i._printf_post_padding) for _printf_post_padding
    printf8.o(i._printf_core) refers to uldiv.o(.text) for __aeabi_uldivmod
    printfa.o(i.__0fprintf) refers (Special) to iusefp.o(.text) for __I$use$fp
    printfa.o(i.__0fprintf) refers to printfa.o(i._printf_core) for _printf_core
    printfa.o(i.__0fprintf) refers to fputc.o(i.fputc) for fputc
    printfa.o(i.__0printf) refers (Special) to iusefp.o(.text) for __I$use$fp
    printfa.o(i.__0printf) refers to printfa.o(i._printf_core) for _printf_core
    printfa.o(i.__0printf) refers to fputc.o(i.fputc) for fputc
    printfa.o(i.__0printf) refers to stdout.o(.data) for __stdout
    printfa.o(i.__0snprintf) refers (Special) to iusefp.o(.text) for __I$use$fp
    printfa.o(i.__0snprintf) refers to printfa.o(i._printf_core) for _printf_core
    printfa.o(i.__0snprintf) refers to printfa.o(i._snputc) for _snputc
    printfa.o(i.__0sprintf) refers (Special) to iusefp.o(.text) for __I$use$fp
    printfa.o(i.__0sprintf) refers to printfa.o(i._printf_core) for _printf_core
    printfa.o(i.__0sprintf) refers to printfa.o(i._sputc) for _sputc
    printfa.o(i.__0vfprintf) refers (Special) to iusefp.o(.text) for __I$use$fp
    printfa.o(i.__0vfprintf) refers to printfa.o(i._printf_core) for _printf_core
    printfa.o(i.__0vfprintf) refers to fputc.o(i.fputc) for fputc
    printfa.o(i.__0vprintf) refers (Special) to iusefp.o(.text) for __I$use$fp
    printfa.o(i.__0vprintf) refers to printfa.o(i._printf_core) for _printf_core
    printfa.o(i.__0vprintf) refers to fputc.o(i.fputc) for fputc
    printfa.o(i.__0vprintf) refers to stdout.o(.data) for __stdout
    printfa.o(i.__0vsnprintf) refers (Special) to iusefp.o(.text) for __I$use$fp
    printfa.o(i.__0vsnprintf) refers to printfa.o(i._printf_core) for _printf_core
    printfa.o(i.__0vsnprintf) refers to printfa.o(i._snputc) for _snputc
    printfa.o(i.__0vsprintf) refers (Special) to iusefp.o(.text) for __I$use$fp
    printfa.o(i.__0vsprintf) refers to printfa.o(i._printf_core) for _printf_core
    printfa.o(i.__0vsprintf) refers to printfa.o(i._sputc) for _sputc
    printfa.o(i._fp_digits) refers (Special) to iusefp.o(.text) for __I$use$fp
    printfa.o(i._fp_digits) refers to dmul.o(.text) for __aeabi_dmul
    printfa.o(i._fp_digits) refers to ddiv.o(.text) for __aeabi_ddiv
    printfa.o(i._fp_digits) refers to cdrcmple.o(.text) for __aeabi_cdrcmple
    printfa.o(i._fp_digits) refers to dadd.o(.text) for __aeabi_dadd
    printfa.o(i._fp_digits) refers to dfixul.o(.text) for __aeabi_d2ulz
    printfa.o(i._fp_digits) refers to uldiv.o(.text) for __aeabi_uldivmod
    printfa.o(i._printf_core) refers (Special) to iusefp.o(.text) for __I$use$fp
    printfa.o(i._printf_core) refers to printfa.o(i._printf_pre_padding) for _printf_pre_padding
    printfa.o(i._printf_core) refers to uldiv.o(.text) for __aeabi_uldivmod
    printfa.o(i._printf_core) refers to printfa.o(i._printf_post_padding) for _printf_post_padding
    printfa.o(i._printf_core) refers to printfa.o(i._fp_digits) for _fp_digits
    printfa.o(i._printf_core) refers to uidiv.o(.text) for __aeabi_uidivmod
    printfa.o(i._printf_post_padding) refers (Special) to iusefp.o(.text) for __I$use$fp
    printfa.o(i._printf_pre_padding) refers (Special) to iusefp.o(.text) for __I$use$fp
    printfa.o(i._snputc) refers (Special) to iusefp.o(.text) for __I$use$fp
    printfa.o(i._sputc) refers (Special) to iusefp.o(.text) for __I$use$fp
    fadd.o(.text) refers (Special) to iusefp.o(.text) for __I$use$fp
    fadd.o(.text) refers to fepilogue.o(.text) for _float_epilogue
    fmul.o(.text) refers (Special) to iusefp.o(.text) for __I$use$fp
    fdiv.o(.text) refers (Special) to iusefp.o(.text) for __I$use$fp
    fdiv.o(.text) refers to fepilogue.o(.text) for _float_round
    dadd.o(.text) refers (Special) to iusefp.o(.text) for __I$use$fp
    dadd.o(.text) refers to llshl.o(.text) for __aeabi_llsl
    dadd.o(.text) refers to llsshr.o(.text) for __aeabi_lasr
    dadd.o(.text) refers to depilogue.o(.text) for _double_epilogue
    dmul.o(.text) refers (Special) to iusefp.o(.text) for __I$use$fp
    dmul.o(.text) refers to depilogue.o(.text) for _double_epilogue
    fflti.o(.text) refers (Special) to iusefp.o(.text) for __I$use$fp
    fflti.o(.text) refers to fepilogue.o(.text) for _float_epilogue
    f2d.o(.text) refers (Special) to iusefp.o(.text) for __I$use$fp
    d2f.o(.text) refers (Special) to iusefp.o(.text) for __I$use$fp
    d2f.o(.text) refers to fepilogue.o(.text) for _float_round
    entry2.o(.ARM.Collect$$$$00000001) refers to entry2.o(.ARM.Collect$$$$00002712) for __lit__00000000
    entry2.o(.ARM.Collect$$$$00002712) refers to startup_mkl25z4.o(STACK) for __initial_sp
    entry2.o(__vectab_stack_and_reset_area) refers to startup_mkl25z4.o(STACK) for __initial_sp
    entry2.o(__vectab_stack_and_reset_area) refers to entry.o(.ARM.Collect$$$$00000000) for __main
    entry5.o(.ARM.Collect$$$$00000004) refers to init.o(.text) for __scatterload
    entry9a.o(.ARM.Collect$$$$0000000B) refers to main.o(.text) for main
    entry9b.o(.ARM.Collect$$$$0000000C) refers to main.o(.text) for main
    fputc.o(i.fputc) refers (Special) to iusesemip.o(.text) for __I$use$semihosting$fputc
    fputc.o(i.fputc) refers (Special) to semi.o(.text) for __semihosting_library_function
    uldiv.o(.text) refers to llushr.o(.text) for __aeabi_llsr
    uldiv.o(.text) refers to llshl.o(.text) for __aeabi_llsl
    depilogue.o(.text) refers to depilogue.o(i.__ARM_clz) for __ARM_clz
    depilogue.o(.text) refers to llshl.o(.text) for __aeabi_llsl
    depilogue.o(.text) refers to llushr.o(.text) for __aeabi_llsr
    ddiv.o(.text) refers to depilogue.o(.text) for _double_round
    dfixul.o(.text) refers to llushr.o(.text) for __aeabi_llsr
    dfixul.o(.text) refers to llshl.o(.text) for __aeabi_llsl
    init.o(.text) refers to entry5.o(.ARM.Collect$$$$00000004) for __main_after_scatterload


==============================================================================

Removing Unused input sections from the image.

    Removing system_mkl25z4.o(.rev16_text), (4 bytes).
    Removing system_mkl25z4.o(.revsh_text), (4 bytes).
    Removing startup_mkl25z4.o(HEAP), (0 bytes).
    Removing main.o(.rev16_text), (4 bytes).
    Removing main.o(.revsh_text), (4 bytes).
    Removing leds.o(.rev16_text), (4 bytes).
    Removing leds.o(.revsh_text), (4 bytes).
    Removing timers.o(.rev16_text), (4 bytes).
    Removing timers.o(.revsh_text), (4 bytes).
    Removing timers.o(.data), (4 bytes).
    Removing timers.o(.data), (4 bytes).
    Removing i2c.o(.rev16_text), (4 bytes).
    Removing i2c.o(.revsh_text), (4 bytes).
    Removing mma8451.o(.rev16_text), (4 bytes).
    Removing mma8451.o(.revsh_text), (4 bytes).
    Removing delay.o(.rev16_text), (4 bytes).
    Removing delay.o(.revsh_text), (4 bytes).
    Removing profile.o(.rev16_text), (4 bytes).
    Removing profile.o(.revsh_text), (4 bytes).
    Removing profile.o(.text), (312 bytes).
    Removing region.o(.bss), (420 bytes).
    Removing lucida_8x13.o(.constdata), (1640 bytes).
    Removing lucida_20x31.o(.constdata), (8762 bytes).
    Removing tft_lcd.o(.rev16_text), (4 bytes).
    Removing tft_lcd.o(.revsh_text), (4 bytes).
    Removing tft_text.o(.constdata), (3 bytes).
    Removing tft_text.o(.constdata), (3 bytes).
    Removing tft_text.o(.data), (8 bytes).
    Removing rtx_config.o(.constdata), (4 bytes).
    Removing sound.o(.rev16_text), (4 bytes).
    Removing sound.o(.revsh_text), (4 bytes).
    Removing tasks.o(.rev16_text), (4 bytes).
    Removing tasks.o(.revsh_text), (4 bytes).
    Removing tasks.o(.bss), (16 bytes).
    Removing rt_task.o(i.rt_tsk_pass), (44 bytes).
    Removing rt_task.o(i.rt_tsk_prio), (144 bytes).
    Removing rt_task.o(i.rt_tsk_self), (16 bytes).
    Removing rt_event.o(i.isr_evt_set), (36 bytes).
    Removing rt_event.o(i.rt_evt_clr), (28 bytes).
    Removing rt_event.o(i.rt_evt_get), (12 bytes).
    Removing rt_time.o(i.rt_dly_wait), (10 bytes).
    Removing rt_time.o(i.rt_time_get), (12 bytes).
    Removing rt_system.o(.emb_text), (0 bytes).
    Removing rt_system.o(i.rt_psh_req), (32 bytes).
    Removing rt_system.o(i.rt_resume), (176 bytes).
    Removing rt_system.o(i.rt_suspend), (52 bytes).
    Removing rt_system.o(i.rt_tsk_lock), (84 bytes).
    Removing rt_system.o(i.rt_tsk_unlock), (84 bytes).
    Removing rt_list.o(i.rt_get_same_rdy_prio), (36 bytes).
    Removing rt_list.o(i.rt_psq_enq), (64 bytes).
    Removing rt_membox.o(i._calloc_box), (32 bytes).
    Removing rt_mailbox.o(i.isr_mbx_receive), (74 bytes).
    Removing rt_mailbox.o(i.isr_mbx_send), (12 bytes).
    Removing rt_mailbox.o(i.rt_mbx_check), (8 bytes).
    Removing rt_mailbox.o(i.rt_mbx_init), (32 bytes).
    Removing rt_mailbox.o(i.rt_mbx_send), (160 bytes).
    Removing rt_mailbox.o(i.rt_mbx_wait), (176 bytes).
    Removing rt_semaphore.o(i.isr_sem_send), (14 bytes).
    Removing rt_semaphore.o(i.rt_sem_init), (12 bytes).
    Removing rt_semaphore.o(i.rt_sem_send), (60 bytes).
    Removing rt_semaphore.o(i.rt_sem_wait), (68 bytes).
    Removing rt_timer.o(i.rt_tmr_create), (80 bytes).
    Removing rt_timer.o(i.rt_tmr_kill), (52 bytes).
    Removing rt_robin.o(i.rt_chk_robin), (68 bytes).
    Removing rt_robin.o(i.rt_init_robin), (24 bytes).
    Removing rt_robin.o(.data), (8 bytes).

66 unused section(s) (total 12974 bytes) removed from the image.

==============================================================================

Image Symbol Table

    Local Symbols

    Symbol Name                              Value     Ov Type        Size  Object(Section)

    RESET                                    0x00000000   Section      192  startup_mkl25z4.o(RESET)
    ../clib/microlib/division.c              0x00000000   Number         0  uldiv.o ABSOLUTE
    ../clib/microlib/division.c              0x00000000   Number         0  idiv.o ABSOLUTE
    ../clib/microlib/division.c              0x00000000   Number         0  uidiv.o ABSOLUTE
    ../clib/microlib/init/entry.s            0x00000000   Number         0  entry5.o ABSOLUTE
    ../clib/microlib/init/entry.s            0x00000000   Number         0  entry7b.o ABSOLUTE
    ../clib/microlib/init/entry.s            0x00000000   Number         0  entry.o ABSOLUTE
    ../clib/microlib/init/entry.s            0x00000000   Number         0  entry7a.o ABSOLUTE
    ../clib/microlib/init/entry.s            0x00000000   Number         0  entry9b.o ABSOLUTE
    ../clib/microlib/init/entry.s            0x00000000   Number         0  entry9a.o ABSOLUTE
    ../clib/microlib/init/entry.s            0x00000000   Number         0  entry8a.o ABSOLUTE
    ../clib/microlib/init/entry.s            0x00000000   Number         0  entry2.o ABSOLUTE
    ../clib/microlib/init/entry.s            0x00000000   Number         0  entry8b.o ABSOLUTE
    ../clib/microlib/init/entry.s            0x00000000   Number         0  entry11b.o ABSOLUTE
    ../clib/microlib/init/entry.s            0x00000000   Number         0  entry10a.o ABSOLUTE
    ../clib/microlib/init/entry.s            0x00000000   Number         0  entry11a.o ABSOLUTE
    ../clib/microlib/init/entry.s            0x00000000   Number         0  entry10b.o ABSOLUTE
    ../clib/microlib/longlong.c              0x00000000   Number         0  llushr.o ABSOLUTE
    ../clib/microlib/longlong.c              0x00000000   Number         0  llshl.o ABSOLUTE
    ../clib/microlib/longlong.c              0x00000000   Number         0  llsshr.o ABSOLUTE
    ../clib/microlib/printf/printf.c         0x00000000   Number         0  printf6.o ABSOLUTE
    ../clib/microlib/printf/printf.c         0x00000000   Number         0  printfa.o ABSOLUTE
    ../clib/microlib/printf/printf.c         0x00000000   Number         0  printf8.o ABSOLUTE
    ../clib/microlib/printf/printf.c         0x00000000   Number         0  printfb.o ABSOLUTE
    ../clib/microlib/printf/printf.c         0x00000000   Number         0  printf0.o ABSOLUTE
    ../clib/microlib/printf/printf.c         0x00000000   Number         0  printf1.o ABSOLUTE
    ../clib/microlib/printf/printf.c         0x00000000   Number         0  printf2.o ABSOLUTE
    ../clib/microlib/printf/printf.c         0x00000000   Number         0  printf3.o ABSOLUTE
    ../clib/microlib/printf/printf.c         0x00000000   Number         0  printf7.o ABSOLUTE
    ../clib/microlib/printf/printf.c         0x00000000   Number         0  printf4.o ABSOLUTE
    ../clib/microlib/printf/printf.c         0x00000000   Number         0  printf5.o ABSOLUTE
    ../clib/microlib/printf/stubs.s          0x00000000   Number         0  stubs.o ABSOLUTE
    ../clib/microlib/stdio/fputc.c           0x00000000   Number         0  fputc.o ABSOLUTE
    ../clib/microlib/stdio/semi.s            0x00000000   Number         0  semi.o ABSOLUTE
    ../clib/microlib/stdio/streams.c         0x00000000   Number         0  stdout.o ABSOLUTE
    ../clib/microlib/stubs.s                 0x00000000   Number         0  iusesemip.o ABSOLUTE
    ../clib/microlib/stubs.s                 0x00000000   Number         0  iusefp.o ABSOLUTE
    ../fplib/microlib/d2f.c                  0x00000000   Number         0  d2f.o ABSOLUTE
    ../fplib/microlib/f2d.c                  0x00000000   Number         0  f2d.o ABSOLUTE
    ../fplib/microlib/fpadd.c                0x00000000   Number         0  fadd.o ABSOLUTE
    ../fplib/microlib/fpadd.c                0x00000000   Number         0  dadd.o ABSOLUTE
    ../fplib/microlib/fpdiv.c                0x00000000   Number         0  ddiv.o ABSOLUTE
    ../fplib/microlib/fpdiv.c                0x00000000   Number         0  fdiv.o ABSOLUTE
    ../fplib/microlib/fpepilogue.c           0x00000000   Number         0  fepilogue.o ABSOLUTE
    ../fplib/microlib/fpepilogue.c           0x00000000   Number         0  depilogue.o ABSOLUTE
    ../fplib/microlib/fpfix.c                0x00000000   Number         0  dfixul.o ABSOLUTE
    ../fplib/microlib/fpflt.c                0x00000000   Number         0  fflti.o ABSOLUTE
    ../fplib/microlib/fpmul.c                0x00000000   Number         0  fmul.o ABSOLUTE
    ../fplib/microlib/fpmul.c                0x00000000   Number         0  dmul.o ABSOLUTE
    SRC\CM\HAL_CM1.c                         0x00000000   Number         0  hal_cm1.o ABSOLUTE
    SRC\CM\SVC_Table.s                       0x00000000   Number         0  svc_table.o ABSOLUTE
    SRC\CM\rt_Event.c                        0x00000000   Number         0  rt_event.o ABSOLUTE
    SRC\CM\rt_List.c                         0x00000000   Number         0  rt_list.o ABSOLUTE
    SRC\CM\rt_Mailbox.c                      0x00000000   Number         0  rt_mailbox.o ABSOLUTE
    SRC\CM\rt_MemBox.c                       0x00000000   Number         0  rt_membox.o ABSOLUTE
    SRC\CM\rt_Mutex.c                        0x00000000   Number         0  rt_mutex.o ABSOLUTE
    SRC\CM\rt_Robin.c                        0x00000000   Number         0  rt_robin.o ABSOLUTE
    SRC\CM\rt_Semaphore.c                    0x00000000   Number         0  rt_semaphore.o ABSOLUTE
    SRC\CM\rt_System.c                       0x00000000   Number         0  rt_system.o ABSOLUTE
    SRC\CM\rt_Task.c                         0x00000000   Number         0  rt_task.o ABSOLUTE
    SRC\CM\rt_Time.c                         0x00000000   Number         0  rt_time.o ABSOLUTE
    SRC\CM\rt_Timer.c                        0x00000000   Number         0  rt_timer.o ABSOLUTE
    SRC\\CM\\HAL_CM1.c                       0x00000000   Number         0  hal_cm1.o ABSOLUTE
    SRC\\CM\\rt_System.c                     0x00000000   Number         0  rt_system.o ABSOLUTE
    asm\startup_MKL25Z4.s                    0x00000000   Number         0  startup_mkl25z4.o ABSOLUTE
    cdrcmple.s                               0x00000000   Number         0  cdrcmple.o ABSOLUTE
    dc.s                                     0x00000000   Number         0  dc.o ABSOLUTE
    handlers.s                               0x00000000   Number         0  handlers.o ABSOLUTE
    init.s                                   0x00000000   Number         0  init.o ABSOLUTE
    src\LEDs.c                               0x00000000   Number         0  leds.o ABSOLUTE
    src\RTX_Config.c                         0x00000000   Number         0  rtx_config.o ABSOLUTE
    src\\LEDs.c                              0x00000000   Number         0  leds.o ABSOLUTE
    src\\delay.c                             0x00000000   Number         0  delay.o ABSOLUTE
    src\\i2c.c                               0x00000000   Number         0  i2c.o ABSOLUTE
    src\\main.c                              0x00000000   Number         0  main.o ABSOLUTE
    src\\mma8451.c                           0x00000000   Number         0  mma8451.o ABSOLUTE
    src\\profile.c                           0x00000000   Number         0  profile.o ABSOLUTE
    src\\sound.c                             0x00000000   Number         0  sound.o ABSOLUTE
    src\\system_MKL25Z4.c                    0x00000000   Number         0  system_mkl25z4.o ABSOLUTE
    src\\tasks.c                             0x00000000   Number         0  tasks.o ABSOLUTE
    src\\tft_lcd.c                           0x00000000   Number         0  tft_lcd.o ABSOLUTE
    src\\timers.c                            0x00000000   Number         0  timers.o ABSOLUTE
    src\delay.c                              0x00000000   Number         0  delay.o ABSOLUTE
    src\i2c.c                                0x00000000   Number         0  i2c.o ABSOLUTE
    src\lucida_12x19.c                       0x00000000   Number         0  lucida_12x19.o ABSOLUTE
    src\lucida_20x31.c                       0x00000000   Number         0  lucida_20x31.o ABSOLUTE
    src\lucida_8x13.c                        0x00000000   Number         0  lucida_8x13.o ABSOLUTE
    src\main.c                               0x00000000   Number         0  main.o ABSOLUTE
    src\mma8451.c                            0x00000000   Number         0  mma8451.o ABSOLUTE
    src\profile.c                            0x00000000   Number         0  profile.o ABSOLUTE
    src\region.c                             0x00000000   Number         0  region.o ABSOLUTE
    src\sound.c                              0x00000000   Number         0  sound.o ABSOLUTE
    src\system_MKL25Z4.c                     0x00000000   Number         0  system_mkl25z4.o ABSOLUTE
    src\tasks.c                              0x00000000   Number         0  tasks.o ABSOLUTE
    src\tft_graphics.c                       0x00000000   Number         0  tft_graphics.o ABSOLUTE
    src\tft_lcd.c                            0x00000000   Number         0  tft_lcd.o ABSOLUTE
    src\tft_text.c                           0x00000000   Number         0  tft_text.o ABSOLUTE
    src\timers.c                             0x00000000   Number         0  timers.o ABSOLUTE
    .ARM.Collect$$$$00000000                 0x000000c0   Section        0  entry.o(.ARM.Collect$$$$00000000)
    .ARM.Collect$$$$00000001                 0x000000c0   Section        4  entry2.o(.ARM.Collect$$$$00000001)
    .ARM.Collect$$$$00000004                 0x000000c4   Section        4  entry5.o(.ARM.Collect$$$$00000004)
    .ARM.Collect$$$$00000008                 0x000000c8   Section        0  entry7b.o(.ARM.Collect$$$$00000008)
    .ARM.Collect$$$$0000000A                 0x000000c8   Section        0  entry8b.o(.ARM.Collect$$$$0000000A)
    .ARM.Collect$$$$0000000B                 0x000000c8   Section        8  entry9a.o(.ARM.Collect$$$$0000000B)
    .ARM.Collect$$$$0000000D                 0x000000d0   Section        0  entry10a.o(.ARM.Collect$$$$0000000D)
    .ARM.Collect$$$$0000000F                 0x000000d0   Section        0  entry11a.o(.ARM.Collect$$$$0000000F)
    .ARM.Collect$$$$00002712                 0x000000d0   Section        4  entry2.o(.ARM.Collect$$$$00002712)
    __lit__00000000                          0x000000d0   Data           4  entry2.o(.ARM.Collect$$$$00002712)
    .emb_text                                0x000000d4   Section      392  hal_cm1.o(.emb_text)
    .text                                    0x0000025c   Section        0  system_mkl25z4.o(.text)
    .text                                    0x000003f4   Section        0  rtx_config.o(.text)
    .text                                    0x000003fe   Section        0  iusefp.o(.text)
    i.__scatterload_null                     0x000003fe   Section        2  handlers.o(i.__scatterload_null)
    .ARM.__at_0x400                          0x00000400   Section       16  startup_mkl25z4.o(.ARM.__at_0x400)
    .text                                    0x00000410   Section       28  startup_mkl25z4.o(.text)
    .text                                    0x0000042c   Section        0  main.o(.text)
    .text                                    0x000004bc   Section        0  leds.o(.text)
    .text                                    0x00000554   Section        0  timers.o(.text)
    .text                                    0x00000758   Section        0  i2c.o(.text)
    .text                                    0x000008b4   Section        0  mma8451.o(.text)
    .text                                    0x00000b10   Section        0  delay.o(.text)
    .text                                    0x00000b40   Section        0  tft_lcd.o(.text)
    .text                                    0x000014c4   Section        0  tft_text.o(.text)
    .text                                    0x00001724   Section        0  sound.o(.text)
    .text                                    0x000017a8   Section        0  tasks.o(.text)
    .text                                    0x00001a40   Section        0  tft_graphics.o(.text)
    .text                                    0x00001cf4   Section        0  uidiv.o(.text)
    .text                                    0x00001d20   Section        0  idiv.o(.text)
    .text                                    0x00001d48   Section        0  fadd.o(.text)
    .text                                    0x00001dfa   Section        0  fmul.o(.text)
    .text                                    0x00001e74   Section        0  fdiv.o(.text)
    .text                                    0x00001ef0   Section        0  dadd.o(.text)
    .text                                    0x00002054   Section        0  dmul.o(.text)
    .text                                    0x00002124   Section        0  fflti.o(.text)
    .text                                    0x0000213a   Section        0  f2d.o(.text)
    .text                                    0x00002162   Section        0  d2f.o(.text)
    .text                                    0x0000219a   Section        0  uldiv.o(.text)
    .text                                    0x000021fa   Section        0  llshl.o(.text)
    .text                                    0x0000221a   Section        0  llsshr.o(.text)
    .text                                    0x00002240   Section        0  fepilogue.o(.text)
    .text                                    0x000022c2   Section        0  depilogue.o(.text)
    .text                                    0x00002380   Section        0  ddiv.o(.text)
    .text                                    0x00002470   Section        0  dfixul.o(.text)
    .text                                    0x000024b0   Section       40  cdrcmple.o(.text)
    .text                                    0x000024d8   Section       36  init.o(.text)
    .text                                    0x000024fc   Section        0  llushr.o(.text)
    SVC_TABLE                                0x00002520   Section        4  svc_table.o(SVC_TABLE)
    i.__0sprintf                             0x00002524   Section        0  printfa.o(i.__0sprintf)
    i.__ARM_clz                              0x0000254c   Section        0  depilogue.o(i.__ARM_clz)
    i.__ARM_common_switch8                   0x0000257a   Section        0  system_mkl25z4.o(i.__ARM_common_switch8)
    i.__scatterload_copy                     0x00002594   Section       14  handlers.o(i.__scatterload_copy)
    i.__scatterload_zeroinit                 0x000025a2   Section       14  handlers.o(i.__scatterload_zeroinit)
    i._fp_digits                             0x000025b0   Section        0  printfa.o(i._fp_digits)
    _fp_digits                               0x000025b1   Thumb Code   316  printfa.o(i._fp_digits)
    i._init_box                              0x00002708   Section        0  rt_membox.o(i._init_box)
    i._printf_core                           0x00002750   Section        0  printfa.o(i._printf_core)
    _printf_core                             0x00002751   Thumb Code  1754  printfa.o(i._printf_core)
    i._printf_post_padding                   0x00002e3c   Section        0  printfa.o(i._printf_post_padding)
    _printf_post_padding                     0x00002e3d   Thumb Code    32  printfa.o(i._printf_post_padding)
    i._printf_pre_padding                    0x00002e5c   Section        0  printfa.o(i._printf_pre_padding)
    _printf_pre_padding                      0x00002e5d   Thumb Code    44  printfa.o(i._printf_pre_padding)
    i._sputc                                 0x00002e88   Section        0  printfa.o(i._sputc)
    _sputc                                   0x00002e89   Thumb Code    10  printfa.o(i._sputc)
    i.os_tick_init                           0x00002e94   Section        0  rt_system.o(i.os_tick_init)
    i.os_tick_irqack                         0x00002ec0   Section        0  rt_system.o(i.os_tick_irqack)
    i.rt_alloc_box                           0x00002ec2   Section        0  rt_membox.o(i.rt_alloc_box)
    i.rt_block                               0x00002ee0   Section        0  rt_task.o(i.rt_block)
    i.rt_dec_dly                             0x00002f18   Section        0  rt_list.o(i.rt_dec_dly)
    i.rt_dispatch                            0x00002f90   Section        0  rt_task.o(i.rt_dispatch)
    i.rt_evt_psh                             0x00002fd0   Section        0  rt_event.o(i.rt_evt_psh)
    i.rt_evt_set                             0x0000301c   Section        0  rt_event.o(i.rt_evt_set)
    i.rt_evt_wait                            0x00003078   Section        0  rt_event.o(i.rt_evt_wait)
    i.rt_free_box                            0x000030b8   Section        0  rt_membox.o(i.rt_free_box)
    i.rt_get_first                           0x000030de   Section        0  rt_list.o(i.rt_get_first)
    i.rt_init_context                        0x00003108   Section        0  rt_task.o(i.rt_init_context)
    rt_init_context                          0x00003109   Thumb Code    68  rt_task.o(i.rt_init_context)
    i.rt_init_stack                          0x00003150   Section        0  hal_cm1.o(i.rt_init_stack)
    i.rt_itv_set                             0x0000319c   Section        0  rt_time.o(i.rt_itv_set)
    i.rt_itv_wait                            0x000031b4   Section        0  rt_time.o(i.rt_itv_wait)
    i.rt_mbx_psh                             0x000031e0   Section        0  rt_mailbox.o(i.rt_mbx_psh)
    i.rt_mut_init                            0x00003294   Section        0  rt_mutex.o(i.rt_mut_init)
    i.rt_mut_release                         0x000032a4   Section        0  rt_mutex.o(i.rt_mut_release)
    i.rt_mut_wait                            0x00003388   Section        0  rt_mutex.o(i.rt_mut_wait)
    i.rt_pop_req                             0x000033f8   Section        0  rt_system.o(i.rt_pop_req)
    i.rt_put_dly                             0x00003468   Section        0  rt_list.o(i.rt_put_dly)
    i.rt_put_prio                            0x000034b8   Section        0  rt_list.o(i.rt_put_prio)
    i.rt_put_rdy_first                       0x000034f4   Section        0  rt_list.o(i.rt_put_rdy_first)
    i.rt_resort_prio                         0x00003508   Section        0  rt_list.o(i.rt_resort_prio)
    i.rt_rmv_dly                             0x00003538   Section        0  rt_list.o(i.rt_rmv_dly)
    i.rt_rmv_list                            0x00003564   Section        0  rt_list.o(i.rt_rmv_list)
    i.rt_sem_psh                             0x00003598   Section        0  rt_semaphore.o(i.rt_sem_psh)
    i.rt_stk_check                           0x000035cc   Section        0  rt_system.o(i.rt_stk_check)
    i.rt_switch_req                          0x000035f4   Section        0  rt_task.o(i.rt_switch_req)
    i.rt_sys_init                            0x00003604   Section        0  rt_task.o(i.rt_sys_init)
    i.rt_systick                             0x0000373c   Section        0  rt_system.o(i.rt_systick)
    i.rt_tmr_tick                            0x00003778   Section        0  rt_timer.o(i.rt_tmr_tick)
    i.rt_tsk_create                          0x000037b8   Section        0  rt_task.o(i.rt_tsk_create)
    i.rt_tsk_delete                          0x00003834   Section        0  rt_task.o(i.rt_tsk_delete)
    .constdata                               0x00003974   Section     3360  region.o(.constdata)
    .constdata                               0x00004694   Section        4  region.o(.constdata)
    .constdata                               0x00004698   Section     3831  lucida_12x19.o(.constdata)
    .constdata                               0x00005590   Section        2  rtx_config.o(.constdata)
    .constdata                               0x00005594   Section        4  rtx_config.o(.constdata)
    .constdata                               0x00005598   Section        4  rtx_config.o(.constdata)
    .constdata                               0x0000559c   Section        1  rtx_config.o(.constdata)
    .constdata                               0x000055a0   Section        8  rtx_config.o(.constdata)
    __tagsym$$used                           0x000055a0   Number         0  rtx_config.o(.constdata)
    __tagsym$$used                           0x000055a4   Number         0  rtx_config.o(.constdata)
    .constdata                               0x000055a8   Section        2  rtx_config.o(.constdata)
    .constdata                               0x000055ac   Section        4  rtx_config.o(.constdata)
    .constdata                               0x000055b0   Section        1  rtx_config.o(.constdata)
    .constdata                               0x000055b2   Section        2  rtx_config.o(.constdata)
    .constdata                               0x000055b4   Section        4  rt_system.o(.constdata)
    __tagsym$$used                           0x000055b4   Number         0  rt_system.o(.constdata)
    .data                                    0x20000000   Section        4  system_mkl25z4.o(.data)
    .data                                    0x20000004   Section        4  timers.o(.data)
    .data                                    0x20000008   Section       16  mma8451.o(.data)
    .data                                    0x20000018   Section        4  profile.o(.data)
    .data                                    0x2000001c   Section        4  profile.o(.data)
    .data                                    0x20000020   Section        4  profile.o(.data)
    .data                                    0x20000024   Section        1  profile.o(.data)
    .data                                    0x20000028   Section       40  tft_lcd.o(.data)
    xl                                       0x2000002a   Data           2  tft_lcd.o(.data)
    yu                                       0x2000002c   Data           2  tft_lcd.o(.data)
    .data                                    0x20000050   Section       20  tft_text.o(.data)
    .data                                    0x20000064   Section        4  rtx_config.o(.data)
    .data                                    0x20000068   Section       12  tasks.o(.data)
    .data                                    0x20000074   Section        8  rt_task.o(.data)
    .data                                    0x2000007c   Section        4  rt_time.o(.data)
    .data                                    0x20000080   Section        8  rt_system.o(.data)
    os_lock                                  0x20000080   Data           1  rt_system.o(.data)
    os_psh_flag                              0x20000081   Data           1  rt_system.o(.data)
    pend_flags                               0x20000082   Data           1  rt_system.o(.data)
    .data                                    0x20000088   Section        8  rt_timer.o(.data)
    .bss                                     0x20000090   Section      420  region.o(.bss)
    .bss                                     0x20000234   Section      292  rtx_config.o(.bss)
    .bss                                     0x20000358   Section     1296  rtx_config.o(.bss)
    .bss                                     0x20000868   Section      132  rtx_config.o(.bss)
    .bss                                     0x200008ec   Section       20  rtx_config.o(.bss)
    .bss                                     0x20000900   Section      528  tasks.o(.bss)
    .bss                                     0x20000b10   Section       56  rt_task.o(.bss)
    .bss                                     0x20000b48   Section       48  rt_list.o(.bss)
    STACK                                    0x20000b78   Section     2048  startup_mkl25z4.o(STACK)

    Global Symbols

    Symbol Name                              Value     Ov Type        Size  Object(Section)

    BuildAttributes$$THM_ISAv3M$S$PE$A:L22$X:L11$S22$IEEE1$IW$USESV6$~STKCKD$USESV7$~SHL$OTIME$ROPI$EBA8$MICROLIB$REQ8$PRES8$EABIv2 0x00000000   Number         0  anon$$obj.o ABSOLUTE
    __ARM_use_no_argv                        0x00000000   Number         0  main.o ABSOLUTE
    __Vectors                                0x00000000   Data           4  startup_mkl25z4.o(RESET)
    _printf_a                                0x00000000   Number         0  stubs.o ABSOLUTE
    _printf_c                                0x00000000   Number         0  stubs.o ABSOLUTE
    _printf_charcount                        0x00000000   Number         0  stubs.o ABSOLUTE
    _printf_d                                0x00000000   Number         0  stubs.o ABSOLUTE
    _printf_e                                0x00000000   Number         0  stubs.o ABSOLUTE
    _printf_f                                0x00000000   Number         0  stubs.o ABSOLUTE
    _printf_flags                            0x00000000   Number         0  stubs.o ABSOLUTE
    _printf_fp_dec                           0x00000000   Number         0  stubs.o ABSOLUTE
    _printf_fp_hex                           0x00000000   Number         0  stubs.o ABSOLUTE
    _printf_g                                0x00000000   Number         0  stubs.o ABSOLUTE
    _printf_i                                0x00000000   Number         0  stubs.o ABSOLUTE
    _printf_int_dec                          0x00000000   Number         0  stubs.o ABSOLUTE
    _printf_l                                0x00000000   Number         0  stubs.o ABSOLUTE
    _printf_lc                               0x00000000   Number         0  stubs.o ABSOLUTE
    _printf_ll                               0x00000000   Number         0  stubs.o ABSOLUTE
    _printf_lld                              0x00000000   Number         0  stubs.o ABSOLUTE
    _printf_lli                              0x00000000   Number         0  stubs.o ABSOLUTE
    _printf_llo                              0x00000000   Number         0  stubs.o ABSOLUTE
    _printf_llu                              0x00000000   Number         0  stubs.o ABSOLUTE
    _printf_llx                              0x00000000   Number         0  stubs.o ABSOLUTE
    _printf_longlong_dec                     0x00000000   Number         0  stubs.o ABSOLUTE
    _printf_longlong_hex                     0x00000000   Number         0  stubs.o ABSOLUTE
    _printf_longlong_oct                     0x00000000   Number         0  stubs.o ABSOLUTE
    _printf_ls                               0x00000000   Number         0  stubs.o ABSOLUTE
    _printf_mbtowc                           0x00000000   Number         0  stubs.o ABSOLUTE
    _printf_n                                0x00000000   Number         0  stubs.o ABSOLUTE
    _printf_o                                0x00000000   Number         0  stubs.o ABSOLUTE
    _printf_p                                0x00000000   Number         0  stubs.o ABSOLUTE
    _printf_percent                          0x00000000   Number         0  stubs.o ABSOLUTE
    _printf_pre_padding                      0x00000000   Number         0  stubs.o ABSOLUTE
    _printf_return_value                     0x00000000   Number         0  stubs.o ABSOLUTE
    _printf_s                                0x00000000   Number         0  stubs.o ABSOLUTE
    _printf_sizespec                         0x00000000   Number         0  stubs.o ABSOLUTE
    _printf_str                              0x00000000   Number         0  stubs.o ABSOLUTE
    _printf_truncate_signed                  0x00000000   Number         0  stubs.o ABSOLUTE
    _printf_truncate_unsigned                0x00000000   Number         0  stubs.o ABSOLUTE
    _printf_u                                0x00000000   Number         0  stubs.o ABSOLUTE
    _printf_wc                               0x00000000   Number         0  stubs.o ABSOLUTE
    _printf_wctomb                           0x00000000   Number         0  stubs.o ABSOLUTE
    _printf_widthprec                        0x00000000   Number         0  stubs.o ABSOLUTE
    _printf_x                                0x00000000   Number         0  stubs.o ABSOLUTE
    __cpp_initialize__aeabi_                  - Undefined Weak Reference
    __cxa_finalize                            - Undefined Weak Reference
    __decompress                              - Undefined Weak Reference
    _clock_init                               - Undefined Weak Reference
    _microlib_exit                            - Undefined Weak Reference
    __Vectors_End                            0x000000c0   Data           0  startup_mkl25z4.o(RESET)
    __Vectors_Size                           0x000000c0   Number         0  startup_mkl25z4.o ABSOLUTE
    __main                                   0x000000c1   Thumb Code     0  entry.o(.ARM.Collect$$$$00000000)
    _main_stk                                0x000000c1   Thumb Code     0  entry2.o(.ARM.Collect$$$$00000001)
    _main_scatterload                        0x000000c5   Thumb Code     0  entry5.o(.ARM.Collect$$$$00000004)
    __main_after_scatterload                 0x000000c9   Thumb Code     0  entry5.o(.ARM.Collect$$$$00000004)
    _main_clock                              0x000000c9   Thumb Code     0  entry7b.o(.ARM.Collect$$$$00000008)
    _main_cpp_init                           0x000000c9   Thumb Code     0  entry8b.o(.ARM.Collect$$$$0000000A)
    _main_init                               0x000000c9   Thumb Code     0  entry9a.o(.ARM.Collect$$$$0000000B)
    __rt_final_cpp                           0x000000d1   Thumb Code     0  entry10a.o(.ARM.Collect$$$$0000000D)
    __rt_final_exit                          0x000000d1   Thumb Code     0  entry11a.o(.ARM.Collect$$$$0000000F)
    rt_set_PSP                               0x000000d5   Thumb Code     6  hal_cm1.o(.emb_text)
    rt_get_PSP                               0x000000db   Thumb Code     6  hal_cm1.o(.emb_text)
    os_set_env                               0x000000e1   Thumb Code    32  hal_cm1.o(.emb_text)
    _alloc_box                               0x00000105   Thumb Code    28  hal_cm1.o(.emb_text)
    _free_box                                0x00000125   Thumb Code    28  hal_cm1.o(.emb_text)
    SVC_Handler                              0x00000145   Thumb Code   152  hal_cm1.o(.emb_text)
    PendSV_Handler                           0x000001e9   Thumb Code    92  hal_cm1.o(.emb_text)
    SysTick_Handler                          0x00000249   Thumb Code     8  hal_cm1.o(.emb_text)
    OS_Tick_Handler                          0x00000251   Thumb Code    12  hal_cm1.o(.emb_text)
    SystemInit                               0x0000025d   Thumb Code   122  system_mkl25z4.o(.text)
    SystemCoreClockUpdate                    0x000002d7   Thumb Code   236  system_mkl25z4.o(.text)
    os_idle_demon                            0x000003f5   Thumb Code     2  rtx_config.o(.text)
    os_tmr_call                              0x000003f7   Thumb Code     2  rtx_config.o(.text)
    os_error                                 0x000003f9   Thumb Code     2  rtx_config.o(.text)
    rt_init_robin                            0x000003fb   Thumb Code     2  rtx_config.o(.text)
    rt_chk_robin                             0x000003fd   Thumb Code     2  rtx_config.o(.text)
    __I$use$fp                               0x000003ff   Thumb Code     0  iusefp.o(.text)
    __scatterload_null                       0x000003ff   Thumb Code     2  handlers.o(i.__scatterload_null)
    Reset_Handler                            0x00000411   Thumb Code     8  startup_mkl25z4.o(.text)
    NMI_Handler                              0x00000419   Thumb Code     2  startup_mkl25z4.o(.text)
    HardFault_Handler                        0x0000041b   Thumb Code     2  startup_mkl25z4.o(.text)
    ADC0_IRQHandler                          0x00000423   Thumb Code     0  startup_mkl25z4.o(.text)
    CMP0_IRQHandler                          0x00000423   Thumb Code     0  startup_mkl25z4.o(.text)
    DAC0_IRQHandler                          0x00000423   Thumb Code     0  startup_mkl25z4.o(.text)
    DMA0_IRQHandler                          0x00000423   Thumb Code     0  startup_mkl25z4.o(.text)
    DMA1_IRQHandler                          0x00000423   Thumb Code     0  startup_mkl25z4.o(.text)
    DMA2_IRQHandler                          0x00000423   Thumb Code     0  startup_mkl25z4.o(.text)
    DMA3_IRQHandler                          0x00000423   Thumb Code     0  startup_mkl25z4.o(.text)
    DefaultISR                               0x00000423   Thumb Code     0  startup_mkl25z4.o(.text)
    FTFA_IRQHandler                          0x00000423   Thumb Code     0  startup_mkl25z4.o(.text)
    I2C0_IRQHandler                          0x00000423   Thumb Code     0  startup_mkl25z4.o(.text)
    I2C1_IRQHandler                          0x00000423   Thumb Code     0  startup_mkl25z4.o(.text)
    LLW_IRQHandler                           0x00000423   Thumb Code     0  startup_mkl25z4.o(.text)
    LPTimer_IRQHandler                       0x00000423   Thumb Code     0  startup_mkl25z4.o(.text)
    LVD_LVW_IRQHandler                       0x00000423   Thumb Code     0  startup_mkl25z4.o(.text)
    MCG_IRQHandler                           0x00000423   Thumb Code     0  startup_mkl25z4.o(.text)
    PORTA_IRQHandler                         0x00000423   Thumb Code     0  startup_mkl25z4.o(.text)
    PORTD_IRQHandler                         0x00000423   Thumb Code     0  startup_mkl25z4.o(.text)
    RTC_IRQHandler                           0x00000423   Thumb Code     0  startup_mkl25z4.o(.text)
    RTC_Seconds_IRQHandler                   0x00000423   Thumb Code     0  startup_mkl25z4.o(.text)
    Reserved20_IRQHandler                    0x00000423   Thumb Code     0  startup_mkl25z4.o(.text)
    Reserved39_IRQHandler                    0x00000423   Thumb Code     0  startup_mkl25z4.o(.text)
    Reserved45_IRQHandler                    0x00000423   Thumb Code     0  startup_mkl25z4.o(.text)
    SPI0_IRQHandler                          0x00000423   Thumb Code     0  startup_mkl25z4.o(.text)
    SPI1_IRQHandler                          0x00000423   Thumb Code     0  startup_mkl25z4.o(.text)
    TPM0_IRQHandler                          0x00000423   Thumb Code     0  startup_mkl25z4.o(.text)
    TPM1_IRQHandler                          0x00000423   Thumb Code     0  startup_mkl25z4.o(.text)
    TPM2_IRQHandler                          0x00000423   Thumb Code     0  startup_mkl25z4.o(.text)
    TSI0_IRQHandler                          0x00000423   Thumb Code     0  startup_mkl25z4.o(.text)
    UART0_IRQHandler                         0x00000423   Thumb Code     0  startup_mkl25z4.o(.text)
    UART1_IRQHandler                         0x00000423   Thumb Code     0  startup_mkl25z4.o(.text)
    UART2_IRQHandler                         0x00000423   Thumb Code     0  startup_mkl25z4.o(.text)
    USB0_IRQHandler                          0x00000423   Thumb Code     0  startup_mkl25z4.o(.text)
    main                                     0x0000042d   Thumb Code   104  main.o(.text)
    __RL_RTX_VER                             0x00000474   Number         0  rt_system.o ABSOLUTE
    Init_RGB_LEDs                            0x000004bd   Thumb Code    84  leds.o(.text)
    Control_RGB_LEDs                         0x00000511   Thumb Code    50  leds.o(.text)
    PIT_IRQHandler                           0x00000555   Thumb Code   138  timers.o(.text)
    Init_PIT                                 0x000005df   Thumb Code    76  timers.o(.text)
    Start_PIT                                0x0000062b   Thumb Code    12  timers.o(.text)
    Stop_PIT                                 0x00000637   Thumb Code    12  timers.o(.text)
    Init_PWM                                 0x00000643   Thumb Code   122  timers.o(.text)
    Old_Init_PWM                             0x000006bd   Thumb Code    64  timers.o(.text)
    Set_PWM_Value                            0x000006fd   Thumb Code     8  timers.o(.text)
    i2c_init                                 0x00000759   Thumb Code    60  i2c.o(.text)
    i2c_wait                                 0x00000795   Thumb Code    18  i2c.o(.text)
    i2c_start                                0x000007a7   Thumb Code    20  i2c.o(.text)
    i2c_read_setup                           0x000007bb   Thumb Code    48  i2c.o(.text)
    i2c_repeated_read                        0x000007eb   Thumb Code    50  i2c.o(.text)
    i2c_read_byte                            0x0000081d   Thumb Code    88  i2c.o(.text)
    i2c_write_byte                           0x00000875   Thumb Code    52  i2c.o(.text)
    init_mma                                 0x000008b5   Thumb Code    54  mma8451.o(.text)
    read_full_xyz                            0x000008eb   Thumb Code    86  mma8451.o(.text)
    read_xyz                                 0x00000941   Thumb Code    54  mma8451.o(.text)
    approx_sqrtf                             0x00000977   Thumb Code    20  mma8451.o(.text)
    approx_atan2f                            0x0000098b   Thumb Code   258  mma8451.o(.text)
    convert_xyz_to_roll_pitch                0x00000a8d   Thumb Code    86  mma8451.o(.text)
    Delay                                    0x00000b11   Thumb Code    24  delay.o(.text)
    ShortDelay                               0x00000b29   Thumb Code    20  delay.o(.text)
    TFT_GPIO_Init                            0x00000b41   Thumb Code   294  tft_lcd.o(.text)
    TFT_Init_Backlight                       0x00000c67   Thumb Code     8  tft_lcd.o(.text)
    TFT_Set_Backlight_Brightness             0x00000c6f   Thumb Code    40  tft_lcd.o(.text)
    TFT_24S_Write_Command                    0x00000c97   Thumb Code    38  tft_lcd.o(.text)
    TFT_24S_Write_Data                       0x00000cbd   Thumb Code    38  tft_lcd.o(.text)
    Init_ADC                                 0x00000ce3   Thumb Code    24  tft_lcd.o(.text)
    TFT_TS_Init                              0x00000cfb   Thumb Code    24  tft_lcd.o(.text)
    TFT_Init                                 0x00000d13   Thumb Code   436  tft_lcd.o(.text)
    TFT_Plot_Pixel                           0x00000ec7   Thumb Code   146  tft_lcd.o(.text)
    TFT_Fill_Buffer                          0x00000f59   Thumb Code   130  tft_lcd.o(.text)
    TFT_Fill_Rectangle                       0x00000fdb   Thumb Code   200  tft_lcd.o(.text)
    TFT_Start_Rectangle                      0x000010a3   Thumb Code   144  tft_lcd.o(.text)
    TFT_Write_Rectangle_Pixel                0x00001133   Thumb Code    50  tft_lcd.o(.text)
    TFT_Set_BL                               0x00001165   Thumb Code    28  tft_lcd.o(.text)
    TFT_Set_Brightness                       0x00001181   Thumb Code    18  tft_lcd.o(.text)
    TFT_TS_Read                              0x00001193   Thumb Code   370  tft_lcd.o(.text)
    TFT_TS_Test                              0x00001305   Thumb Code   116  tft_lcd.o(.text)
    TFT_TS_Calibrate                         0x00001379   Thumb Code   234  tft_lcd.o(.text)
    TFT_Text_Set_Colors                      0x000014c5   Thumb Code    30  tft_text.o(.text)
    TFT_Erase                                0x000014e3   Thumb Code    10  tft_text.o(.text)
    TFT_Text_Init                            0x000014ed   Thumb Code    42  tft_text.o(.text)
    TFT_Text_PrintChar                       0x00001517   Thumb Code   414  tft_text.o(.text)
    TFT_Text_PrintStr                        0x000016b5   Thumb Code    40  tft_text.o(.text)
    TFT_Text_PrintStr_RC                     0x000016dd   Thumb Code    54  tft_text.o(.text)
    Init_DAC                                 0x00001725   Thumb Code    48  sound.o(.text)
    Play_Sound_Sample                        0x00001755   Thumb Code    14  sound.o(.text)
    Sound_Init                               0x00001763   Thumb Code    52  sound.o(.text)
    Init_Debug_Signals                       0x000017a9   Thumb Code   112  tasks.o(.text)
    Task_Sound                               0x00001819   Thumb Code   104  tasks.o(.text)
    Task_Read_Accelerometer                  0x00001881   Thumb Code   132  tasks.o(.text)
    Task_Read_TS                             0x00001905   Thumb Code   126  tasks.o(.text)
    Task_Init                                0x00001983   Thumb Code    64  tasks.o(.text)
    TFT_Draw_Line                            0x00001a41   Thumb Code   536  tft_graphics.o(.text)
    Graphics_Test                            0x00001c59   Thumb Code   156  tft_graphics.o(.text)
    __aeabi_uidiv                            0x00001cf5   Thumb Code     0  uidiv.o(.text)
    __aeabi_uidivmod                         0x00001cf5   Thumb Code    44  uidiv.o(.text)
    __aeabi_idiv                             0x00001d21   Thumb Code     0  idiv.o(.text)
    __aeabi_idivmod                          0x00001d21   Thumb Code    40  idiv.o(.text)
    __aeabi_fadd                             0x00001d49   Thumb Code   162  fadd.o(.text)
    __aeabi_fsub                             0x00001deb   Thumb Code     8  fadd.o(.text)
    __aeabi_frsub                            0x00001df3   Thumb Code     8  fadd.o(.text)
    __aeabi_fmul                             0x00001dfb   Thumb Code   122  fmul.o(.text)
    __aeabi_fdiv                             0x00001e75   Thumb Code   124  fdiv.o(.text)
    __aeabi_dadd                             0x00001ef1   Thumb Code   328  dadd.o(.text)
    __aeabi_dsub                             0x00002039   Thumb Code    12  dadd.o(.text)
    __aeabi_drsub                            0x00002045   Thumb Code    12  dadd.o(.text)
    __aeabi_dmul                             0x00002055   Thumb Code   202  dmul.o(.text)
    __aeabi_i2f                              0x00002125   Thumb Code    22  fflti.o(.text)
    __aeabi_f2d                              0x0000213b   Thumb Code    40  f2d.o(.text)
    __aeabi_d2f                              0x00002163   Thumb Code    56  d2f.o(.text)
    __aeabi_uldivmod                         0x0000219b   Thumb Code    96  uldiv.o(.text)
    __aeabi_llsl                             0x000021fb   Thumb Code    32  llshl.o(.text)
    _ll_shift_l                              0x000021fb   Thumb Code     0  llshl.o(.text)
    __aeabi_lasr                             0x0000221b   Thumb Code    38  llsshr.o(.text)
    _ll_sshift_r                             0x0000221b   Thumb Code     0  llsshr.o(.text)
    _float_round                             0x00002241   Thumb Code    16  fepilogue.o(.text)
    _float_epilogue                          0x00002251   Thumb Code   114  fepilogue.o(.text)
    _double_round                            0x000022c3   Thumb Code    26  depilogue.o(.text)
    _double_epilogue                         0x000022dd   Thumb Code   164  depilogue.o(.text)
    __aeabi_ddiv                             0x00002381   Thumb Code   234  ddiv.o(.text)
    __aeabi_d2ulz                            0x00002471   Thumb Code    54  dfixul.o(.text)
    __aeabi_cdrcmple                         0x000024b1   Thumb Code    38  cdrcmple.o(.text)
    __scatterload                            0x000024d9   Thumb Code    28  init.o(.text)
    __scatterload_rt2                        0x000024d9   Thumb Code     0  init.o(.text)
    __aeabi_llsr                             0x000024fd   Thumb Code    34  llushr.o(.text)
    _ll_ushift_r                             0x000024fd   Thumb Code     0  llushr.o(.text)
    SVC_Count                                0x00002520   Data           4  svc_table.o(SVC_TABLE)
    SVC_Table                                0x00002524   Data           0  svc_table.o(SVC_TABLE)
    __0sprintf                               0x00002525   Thumb Code    36  printfa.o(i.__0sprintf)
    __1sprintf                               0x00002525   Thumb Code     0  printfa.o(i.__0sprintf)
    __2sprintf                               0x00002525   Thumb Code     0  printfa.o(i.__0sprintf)
    __c89sprintf                             0x00002525   Thumb Code     0  printfa.o(i.__0sprintf)
    sprintf                                  0x00002525   Thumb Code     0  printfa.o(i.__0sprintf)
    __ARM_clz                                0x0000254d   Thumb Code    46  depilogue.o(i.__ARM_clz)
    __ARM_common_switch8                     0x0000257b   Thumb Code    26  system_mkl25z4.o(i.__ARM_common_switch8)
    __scatterload_copy                       0x00002595   Thumb Code    14  handlers.o(i.__scatterload_copy)
    __scatterload_zeroinit                   0x000025a3   Thumb Code    14  handlers.o(i.__scatterload_zeroinit)
    _init_box                                0x00002709   Thumb Code    72  rt_membox.o(i._init_box)
    os_tick_init                             0x00002e95   Thumb Code    32  rt_system.o(i.os_tick_init)
    os_tick_irqack                           0x00002ec1   Thumb Code     2  rt_system.o(i.os_tick_irqack)
    rt_alloc_box                             0x00002ec3   Thumb Code    30  rt_membox.o(i.rt_alloc_box)
    rt_block                                 0x00002ee1   Thumb Code    42  rt_task.o(i.rt_block)
    rt_dec_dly                               0x00002f19   Thumb Code   112  rt_list.o(i.rt_dec_dly)
    rt_dispatch                              0x00002f91   Thumb Code    56  rt_task.o(i.rt_dispatch)
    rt_evt_psh                               0x00002fd1   Thumb Code    70  rt_event.o(i.rt_evt_psh)
    rt_evt_set                               0x0000301d   Thumb Code    88  rt_event.o(i.rt_evt_set)
    rt_evt_wait                              0x00003079   Thumb Code    58  rt_event.o(i.rt_evt_wait)
    rt_free_box                              0x000030b9   Thumb Code    38  rt_membox.o(i.rt_free_box)
    rt_get_first                             0x000030df   Thumb Code    42  rt_list.o(i.rt_get_first)
    rt_init_stack                            0x00003151   Thumb Code    68  hal_cm1.o(i.rt_init_stack)
    rt_itv_set                               0x0000319d   Thumb Code    16  rt_time.o(i.rt_itv_set)
    rt_itv_wait                              0x000031b5   Thumb Code    34  rt_time.o(i.rt_itv_wait)
    rt_mbx_psh                               0x000031e1   Thumb Code   176  rt_mailbox.o(i.rt_mbx_psh)
    rt_mut_init                              0x00003295   Thumb Code    16  rt_mutex.o(i.rt_mut_init)
    rt_mut_release                           0x000032a5   Thumb Code   218  rt_mutex.o(i.rt_mut_release)
    rt_mut_wait                              0x00003389   Thumb Code   106  rt_mutex.o(i.rt_mut_wait)
    rt_pop_req                               0x000033f9   Thumb Code   100  rt_system.o(i.rt_pop_req)
    rt_put_dly                               0x00003469   Thumb Code    74  rt_list.o(i.rt_put_dly)
    rt_put_prio                              0x000034b9   Thumb Code    60  rt_list.o(i.rt_put_prio)
    rt_put_rdy_first                         0x000034f5   Thumb Code    14  rt_list.o(i.rt_put_rdy_first)
    rt_resort_prio                           0x00003509   Thumb Code    44  rt_list.o(i.rt_resort_prio)
    rt_rmv_dly                               0x00003539   Thumb Code    42  rt_list.o(i.rt_rmv_dly)
    rt_rmv_list                              0x00003565   Thumb Code    46  rt_list.o(i.rt_rmv_list)
    rt_sem_psh                               0x00003599   Thumb Code    46  rt_semaphore.o(i.rt_sem_psh)
    rt_stk_check                             0x000035cd   Thumb Code    30  rt_system.o(i.rt_stk_check)
    rt_switch_req                            0x000035f5   Thumb Code    10  rt_task.o(i.rt_switch_req)
    rt_sys_init                              0x00003605   Thumb Code   230  rt_task.o(i.rt_sys_init)
    rt_systick                               0x0000373d   Thumb Code    48  rt_system.o(i.rt_systick)
    rt_tmr_tick                              0x00003779   Thumb Code    56  rt_timer.o(i.rt_tmr_tick)
    rt_tsk_create                            0x000037b9   Thumb Code   108  rt_task.o(i.rt_tsk_create)
    rt_tsk_delete                            0x00003835   Thumb Code   294  rt_task.o(i.rt_tsk_delete)
    RegionTable                              0x00003974   Data        3360  region.o(.constdata)
    NumProfileRegions                        0x00004694   Data           4  region.o(.constdata)
    Lucida_Console12x19                      0x00004698   Data        3831  lucida_12x19.o(.constdata)
    os_maxtaskrun                            0x00005590   Data           2  rtx_config.o(.constdata)
    os_stackinfo                             0x00005594   Data           4  rtx_config.o(.constdata)
    os_trv                                   0x00005598   Data           4  rtx_config.o(.constdata)
    os_flags                                 0x0000559c   Data           1  rtx_config.o(.constdata)
    os_clockrate                             0x000055a0   Data           4  rtx_config.o(.constdata)
    os_timernum                              0x000055a4   Data           4  rtx_config.o(.constdata)
    mp_tcb_size                              0x000055a8   Data           2  rtx_config.o(.constdata)
    mp_stk_size                              0x000055ac   Data           4  rtx_config.o(.constdata)
    os_fifo_size                             0x000055b0   Data           1  rtx_config.o(.constdata)
    mp_tmr_size                              0x000055b2   Data           2  rtx_config.o(.constdata)
    RL_RTX_Version                           0x000055b4   Data           4  rt_system.o(.constdata)
    Region$$Table$$Base                      0x000055b8   Number         0  anon$$obj.o(Region$$Table)
    Region$$Table$$Limit                     0x000055d8   Number         0  anon$$obj.o(Region$$Table)
    SystemCoreClock                          0x20000000   Data           4  system_mkl25z4.o(.data)
    PC_val                                   0x20000004   Data           4  timers.o(.data)
    acc_X                                    0x20000008   Data           2  mma8451.o(.data)
    acc_Y                                    0x2000000a   Data           2  mma8451.o(.data)
    acc_Z                                    0x2000000c   Data           2  mma8451.o(.data)
    roll                                     0x20000010   Data           4  mma8451.o(.data)
    pitch                                    0x20000014   Data           4  mma8451.o(.data)
    adx_lost                                 0x20000018   Data           4  profile.o(.data)
    num_lost                                 0x2000001c   Data           4  profile.o(.data)
    profile_ticks                            0x20000020   Data           4  profile.o(.data)
    profiling_enabled                        0x20000024   Data           1  profile.o(.data)
    TFT_TS_Calibrated                        0x20000028   Data           1  tft_lcd.o(.data)
    TFT_TS_X_Scale                           0x20000030   Data           4  tft_lcd.o(.data)
    TFT_TS_X_Offset                          0x20000034   Data           4  tft_lcd.o(.data)
    TFT_TS_Y_Scale                           0x20000038   Data           4  tft_lcd.o(.data)
    TFT_TS_Y_Offset                          0x2000003c   Data           4  tft_lcd.o(.data)
    TS_Min                                   0x20000040   Data           8  tft_lcd.o(.data)
    TS_Max                                   0x20000048   Data           8  tft_lcd.o(.data)
    G_TFT_char_width                         0x20000050   Data           1  tft_text.o(.data)
    G_TFT_char_height                        0x20000051   Data           1  tft_text.o(.data)
    fg                                       0x20000052   Data           3  tft_text.o(.data)
    bg                                       0x20000055   Data           3  tft_text.o(.data)
    font                                     0x20000058   Data           4  tft_text.o(.data)
    font_header                              0x2000005c   Data           4  tft_text.o(.data)
    glyph_index                              0x20000060   Data           4  tft_text.o(.data)
    m_tmr                                    0x20000064   Data           4  rtx_config.o(.data)
    t_Read_TS                                0x20000068   Data           4  tasks.o(.data)
    t_Read_Accelerometer                     0x2000006c   Data           4  tasks.o(.data)
    t_Sound                                  0x20000070   Data           4  tasks.o(.data)
    os_tsk                                   0x20000074   Data           8  rt_task.o(.data)
    os_time                                  0x2000007c   Data           4  rt_time.o(.data)
    os_tick_irqn                             0x20000084   Data           4  rt_system.o(.data)
    os_tmr                                   0x20000088   Data           8  rt_timer.o(.data)
    RegionCount                              0x20000090   Data         420  region.o(.bss)
    mp_tcb                                   0x20000234   Data         292  rtx_config.o(.bss)
    mp_stk                                   0x20000358   Data        1296  rtx_config.o(.bss)
    os_fifo                                  0x20000868   Data         132  rtx_config.o(.bss)
    os_active_TCB                            0x200008ec   Data          20  rtx_config.o(.bss)
    RA_Stack                                 0x20000900   Data         512  tasks.o(.bss)
    LCD_mutex                                0x20000b00   Data          16  tasks.o(.bss)
    os_idle_TCB                              0x20000b10   Data          56  rt_task.o(.bss)
    os_rdy                                   0x20000b48   Data          24  rt_list.o(.bss)
    os_dly                                   0x20000b60   Data          24  rt_list.o(.bss)
    __initial_sp                             0x20001378   Data           0  startup_mkl25z4.o(STACK)



==============================================================================

Memory Map of the image

  Image Entry point : 0x000000c1

  Load Region LR_IROM1 (Base: 0x00000000, Size: 0x00005668, Max: 0x00020000, ABSOLUTE)

    Execution Region ER_IROM1 (Base: 0x00000000, Size: 0x000055d8, Max: 0x00020000, ABSOLUTE)

    Base Addr    Size         Type   Attr      Idx    E Section Name        Object

    0x00000000   0x000000c0   Data   RO           49    RESET               startup_mkl25z4.o
    0x000000c0   0x00000000   Code   RO         1017  * .ARM.Collect$$$$00000000  mc_p.l(entry.o)
    0x000000c0   0x00000004   Code   RO         1301    .ARM.Collect$$$$00000001  mc_p.l(entry2.o)
    0x000000c4   0x00000004   Code   RO         1304    .ARM.Collect$$$$00000004  mc_p.l(entry5.o)
    0x000000c8   0x00000000   Code   RO         1306    .ARM.Collect$$$$00000008  mc_p.l(entry7b.o)
    0x000000c8   0x00000000   Code   RO         1308    .ARM.Collect$$$$0000000A  mc_p.l(entry8b.o)
    0x000000c8   0x00000008   Code   RO         1309    .ARM.Collect$$$$0000000B  mc_p.l(entry9a.o)
    0x000000d0   0x00000000   Code   RO         1311    .ARM.Collect$$$$0000000D  mc_p.l(entry10a.o)
    0x000000d0   0x00000000   Code   RO         1313    .ARM.Collect$$$$0000000F  mc_p.l(entry11a.o)
    0x000000d0   0x00000004   Code   RO         1302    .ARM.Collect$$$$00002712  mc_p.l(entry2.o)
    0x000000d4   0x00000188   Code   RO          668    .emb_text           RTX_CM1.LIB(hal_cm1.o)
    0x0000025c   0x00000198   Code   RO            3    .text               system_mkl25z4.o
    0x000003f4   0x0000000a   Code   RO          374    .text               rtx_config.o
    0x000003fe   0x00000000   Code   RO         1324    .text               mc_p.l(iusefp.o)
    0x000003fe   0x00000002   Code   RO         1346    i.__scatterload_null  mc_p.l(handlers.o)
    0x00000400   0x00000010   Code   RO           50    .ARM.__at_0x400     startup_mkl25z4.o
    0x00000410   0x0000001c   Code   RO           51    .text               startup_mkl25z4.o
    0x0000042c   0x00000090   Code   RO           59    .text               main.o
    0x000004bc   0x00000098   Code   RO          137    .text               leds.o
    0x00000554   0x00000204   Code   RO          157    .text               timers.o
    0x00000758   0x0000015c   Code   RO          190    .text               i2c.o
    0x000008b4   0x0000025c   Code   RO          210    .text               mma8451.o
    0x00000b10   0x00000030   Code   RO          237    .text               delay.o
    0x00000b40   0x00000984   Code   RO          331    .text               tft_lcd.o
    0x000014c4   0x00000260   Code   RO          353    .text               tft_text.o
    0x00001724   0x00000084   Code   RO          411    .text               sound.o
    0x000017a8   0x00000298   Code   RO          431    .text               tasks.o
    0x00001a40   0x000002b4   Code   RO          454    .text               tft_graphics.o
    0x00001cf4   0x0000002c   Code   RO         1020    .text               mc_p.l(uidiv.o)
    0x00001d20   0x00000028   Code   RO         1022    .text               mc_p.l(idiv.o)
    0x00001d48   0x000000b2   Code   RO         1285    .text               mf_p.l(fadd.o)
    0x00001dfa   0x0000007a   Code   RO         1287    .text               mf_p.l(fmul.o)
    0x00001e74   0x0000007c   Code   RO         1289    .text               mf_p.l(fdiv.o)
    0x00001ef0   0x00000164   Code   RO         1291    .text               mf_p.l(dadd.o)
    0x00002054   0x000000d0   Code   RO         1293    .text               mf_p.l(dmul.o)
    0x00002124   0x00000016   Code   RO         1295    .text               mf_p.l(fflti.o)
    0x0000213a   0x00000028   Code   RO         1297    .text               mf_p.l(f2d.o)
    0x00002162   0x00000038   Code   RO         1299    .text               mf_p.l(d2f.o)
    0x0000219a   0x00000060   Code   RO         1318    .text               mc_p.l(uldiv.o)
    0x000021fa   0x00000020   Code   RO         1320    .text               mc_p.l(llshl.o)
    0x0000221a   0x00000026   Code   RO         1322    .text               mc_p.l(llsshr.o)
    0x00002240   0x00000082   Code   RO         1325    .text               mf_p.l(fepilogue.o)
    0x000022c2   0x000000be   Code   RO         1327    .text               mf_p.l(depilogue.o)
    0x00002380   0x000000f0   Code   RO         1331    .text               mf_p.l(ddiv.o)
    0x00002470   0x00000040   Code   RO         1333    .text               mf_p.l(dfixul.o)
    0x000024b0   0x00000028   Code   RO         1335    .text               mf_p.l(cdrcmple.o)
    0x000024d8   0x00000024   Code   RO         1337    .text               mc_p.l(init.o)
    0x000024fc   0x00000022   Code   RO         1340    .text               mc_p.l(llushr.o)
    0x0000251e   0x00000002   PAD
    0x00002520   0x00000004   Code   RO          882    SVC_TABLE           RTX_CM1.LIB(svc_table.o)
    0x00002524   0x00000028   Code   RO         1259    i.__0sprintf        mc_p.l(printfa.o)
    0x0000254c   0x0000002e   Code   RO         1329    i.__ARM_clz         mf_p.l(depilogue.o)
    0x0000257a   0x0000001a   Code   RO           22    i.__ARM_common_switch8  system_mkl25z4.o
    0x00002594   0x0000000e   Code   RO         1345    i.__scatterload_copy  mc_p.l(handlers.o)
    0x000025a2   0x0000000e   Code   RO         1347    i.__scatterload_zeroinit  mc_p.l(handlers.o)
    0x000025b0   0x00000158   Code   RO         1264    i._fp_digits        mc_p.l(printfa.o)
    0x00002708   0x00000048   Code   RO          853    i._init_box         RTX_CM1.LIB(rt_membox.o)
    0x00002750   0x000006ec   Code   RO         1265    i._printf_core      mc_p.l(printfa.o)
    0x00002e3c   0x00000020   Code   RO         1266    i._printf_post_padding  mc_p.l(printfa.o)
    0x00002e5c   0x0000002c   Code   RO         1267    i._printf_pre_padding  mc_p.l(printfa.o)
    0x00002e88   0x0000000a   Code   RO         1269    i._sputc            mc_p.l(printfa.o)
    0x00002e92   0x00000002   PAD
    0x00002e94   0x0000002c   Code   RO          689    i.os_tick_init      RTX_CM1.LIB(rt_system.o)
    0x00002ec0   0x00000002   Code   RO          690    i.os_tick_irqack    RTX_CM1.LIB(rt_system.o)
    0x00002ec2   0x0000001e   Code   RO          854    i.rt_alloc_box      RTX_CM1.LIB(rt_membox.o)
    0x00002ee0   0x00000038   Code   RO          466    i.rt_block          RTX_CM1.LIB(rt_task.o)
    0x00002f18   0x00000078   Code   RO          773    i.rt_dec_dly        RTX_CM1.LIB(rt_list.o)
    0x00002f90   0x00000040   Code   RO          467    i.rt_dispatch       RTX_CM1.LIB(rt_task.o)
    0x00002fd0   0x0000004c   Code   RO          568    i.rt_evt_psh        RTX_CM1.LIB(rt_event.o)
    0x0000301c   0x0000005c   Code   RO          569    i.rt_evt_set        RTX_CM1.LIB(rt_event.o)
    0x00003078   0x00000040   Code   RO          570    i.rt_evt_wait       RTX_CM1.LIB(rt_event.o)
    0x000030b8   0x00000026   Code   RO          855    i.rt_free_box       RTX_CM1.LIB(rt_membox.o)
    0x000030de   0x0000002a   Code   RO          774    i.rt_get_first      RTX_CM1.LIB(rt_list.o)
    0x00003108   0x00000048   Code   RO          468    i.rt_init_context   RTX_CM1.LIB(rt_task.o)
    0x00003150   0x0000004c   Code   RO          669    i.rt_init_stack     RTX_CM1.LIB(hal_cm1.o)
    0x0000319c   0x00000018   Code   RO          612    i.rt_itv_set        RTX_CM1.LIB(rt_time.o)
    0x000031b4   0x0000002c   Code   RO          613    i.rt_itv_wait       RTX_CM1.LIB(rt_time.o)
    0x000031e0   0x000000b4   Code   RO          889    i.rt_mbx_psh        RTX_CM1.LIB(rt_mailbox.o)
    0x00003294   0x00000010   Code   RO          644    i.rt_mut_init       RTX_CM1.LIB(rt_mutex.o)
    0x000032a4   0x000000e4   Code   RO          645    i.rt_mut_release    RTX_CM1.LIB(rt_mutex.o)
    0x00003388   0x00000070   Code   RO          646    i.rt_mut_wait       RTX_CM1.LIB(rt_mutex.o)
    0x000033f8   0x00000070   Code   RO          691    i.rt_pop_req        RTX_CM1.LIB(rt_system.o)
    0x00003468   0x00000050   Code   RO          777    i.rt_put_dly        RTX_CM1.LIB(rt_list.o)
    0x000034b8   0x0000003c   Code   RO          778    i.rt_put_prio       RTX_CM1.LIB(rt_list.o)
    0x000034f4   0x00000014   Code   RO          779    i.rt_put_rdy_first  RTX_CM1.LIB(rt_list.o)
    0x00003508   0x00000030   Code   RO          780    i.rt_resort_prio    RTX_CM1.LIB(rt_list.o)
    0x00003538   0x0000002a   Code   RO          781    i.rt_rmv_dly        RTX_CM1.LIB(rt_list.o)
    0x00003562   0x00000002   PAD
    0x00003564   0x00000034   Code   RO          782    i.rt_rmv_list       RTX_CM1.LIB(rt_list.o)
    0x00003598   0x00000034   Code   RO          935    i.rt_sem_psh        RTX_CM1.LIB(rt_semaphore.o)
    0x000035cc   0x00000028   Code   RO          694    i.rt_stk_check      RTX_CM1.LIB(rt_system.o)
    0x000035f4   0x00000010   Code   RO          469    i.rt_switch_req     RTX_CM1.LIB(rt_task.o)
    0x00003604   0x00000138   Code   RO          470    i.rt_sys_init       RTX_CM1.LIB(rt_task.o)
    0x0000373c   0x0000003c   Code   RO          696    i.rt_systick        RTX_CM1.LIB(rt_system.o)
    0x00003778   0x00000040   Code   RO          971    i.rt_tmr_tick       RTX_CM1.LIB(rt_timer.o)
    0x000037b8   0x0000007c   Code   RO          471    i.rt_tsk_create     RTX_CM1.LIB(rt_task.o)
    0x00003834   0x00000140   Code   RO          472    i.rt_tsk_delete     RTX_CM1.LIB(rt_task.o)
    0x00003974   0x00000d20   Data   RO          289    .constdata          region.o
    0x00004694   0x00000004   Data   RO          290    .constdata          region.o
    0x00004698   0x00000ef7   Data   RO          311    .constdata          lucida_12x19.o
    0x0000558f   0x00000001   PAD
    0x00005590   0x00000002   Data   RO          379    .constdata          rtx_config.o
    0x00005592   0x00000002   PAD
    0x00005594   0x00000004   Data   RO          380    .constdata          rtx_config.o
    0x00005598   0x00000004   Data   RO          382    .constdata          rtx_config.o
    0x0000559c   0x00000001   Data   RO          383    .constdata          rtx_config.o
    0x0000559d   0x00000003   PAD
    0x000055a0   0x00000008   Data   RO          384    .constdata          rtx_config.o
    0x000055a8   0x00000002   Data   RO          385    .constdata          rtx_config.o
    0x000055aa   0x00000002   PAD
    0x000055ac   0x00000004   Data   RO          386    .constdata          rtx_config.o
    0x000055b0   0x00000001   Data   RO          387    .constdata          rtx_config.o
    0x000055b1   0x00000001   PAD
    0x000055b2   0x00000002   Data   RO          388    .constdata          rtx_config.o
    0x000055b4   0x00000004   Data   RO          699    .constdata          RTX_CM1.LIB(rt_system.o)
    0x000055b8   0x00000020   Data   RO         1343    Region$$Table       anon$$obj.o


    Execution Region RW_IRAM1 (Base: 0x1ffff000, Size: 0x00000000, Max: 0x00001000, ABSOLUTE)

    **** No section assigned to this execution region ****


    Execution Region RW_IRAM2 (Base: 0x20000000, Size: 0x00001378, Max: 0x00003000, ABSOLUTE)

    Base Addr    Size         Type   Attr      Idx    E Section Name        Object

    0x20000000   0x00000004   Data   RW            4    .data               system_mkl25z4.o
    0x20000004   0x00000004   Data   RW          160    .data               timers.o
    0x20000008   0x00000010   Data   RW          211    .data               mma8451.o
    0x20000018   0x00000004   Data   RW          258    .data               profile.o
    0x2000001c   0x00000004   Data   RW          259    .data               profile.o
    0x20000020   0x00000004   Data   RW          260    .data               profile.o
    0x20000024   0x00000001   Data   RW          261    .data               profile.o
    0x20000025   0x00000003   PAD
    0x20000028   0x00000028   Data   RW          332    .data               tft_lcd.o
    0x20000050   0x00000014   Data   RW          357    .data               tft_text.o
    0x20000064   0x00000004   Data   RW          389    .data               rtx_config.o
    0x20000068   0x0000000c   Data   RW          434    .data               tasks.o
    0x20000074   0x00000008   Data   RW          477    .data               RTX_CM1.LIB(rt_task.o)
    0x2000007c   0x00000004   Data   RW          615    .data               RTX_CM1.LIB(rt_time.o)
    0x20000080   0x00000008   Data   RW          700    .data               RTX_CM1.LIB(rt_system.o)
    0x20000088   0x00000008   Data   RW          972    .data               RTX_CM1.LIB(rt_timer.o)
    0x20000090   0x000001a4   Zero   RW          287    .bss                region.o
    0x20000234   0x00000124   Zero   RW          375    .bss                rtx_config.o
    0x20000358   0x00000510   Zero   RW          376    .bss                rtx_config.o
    0x20000868   0x00000084   Zero   RW          377    .bss                rtx_config.o
    0x200008ec   0x00000014   Zero   RW          378    .bss                rtx_config.o
    0x20000900   0x00000210   Zero   RW          432    .bss                tasks.o
    0x20000b10   0x00000038   Zero   RW          476    .bss                RTX_CM1.LIB(rt_task.o)
    0x20000b48   0x00000030   Zero   RW          783    .bss                RTX_CM1.LIB(rt_list.o)
    0x20000b78   0x00000800   Zero   RW           47    STACK               startup_mkl25z4.o


==============================================================================

Image component sizes


      Code (inc. data)   RO Data    RW Data    ZI Data      Debug   Object Name

        48          4          0          0          0       1027   delay.o
       348         12          0          0          0       1676   i2c.o
       152         18          0          0          0        761   leds.o
         0          0       3831          0          0        614   lucida_12x19.o
       144         40          0          0          0      10077   main.o
       604         46          0         16          0       2370   mma8451.o
         0          0          0         13          0        428   profile.o
         0          0       3364          0        420       1118   region.o
        10          0         28          4       1740       9483   rtx_config.o
       132         18          0          0          0        708   sound.o
        44         24        192          0       2048        880   startup_mkl25z4.o
       434         60          0          4          0      98845   system_mkl25z4.o
       664        126          0         12        528       2352   tasks.o
       692          0          0          0          0       2610   tft_graphics.o
      2436        132          0         40          0       6008   tft_lcd.o
       608         18          0         20          0       4279   tft_text.o
       516         84          0          4          0       8459   timers.o

    ----------------------------------------------------------------------
      6832        582       7456        116       4736     151695   Object Totals
         0          0         32          0          0          0   (incl. Generated)
         0          0          9          3          0          0   (incl. Padding)

    ----------------------------------------------------------------------

      Code (inc. data)   RO Data    RW Data    ZI Data      Debug   Library Member Name

       468         50          0          0          0       1368   hal_cm1.o
       232         16          0          0          0       1636   rt_event.o
       464         30          0          0         48       4054   rt_list.o
       180          4          0          0          0        601   rt_mailbox.o
       140          0          0          0          0       1629   rt_membox.o
       356         16          0          0          0       1729   rt_mutex.o
        52          6          0          0          0        469   rt_semaphore.o
       258         46          4          8          0       3229   rt_system.o
       964        156          0          8         56       6630   rt_task.o
        68         18          0          4          0       1005   rt_time.o
        64          8          0          8          0        647   rt_timer.o
         4          4          0          0          0        180   svc_table.o
         0          0          0          0          0          0   entry.o
         0          0          0          0          0          0   entry10a.o
         0          0          0          0          0          0   entry11a.o
         8          4          0          0          0          0   entry2.o
         4          0          0          0          0          0   entry5.o
         0          0          0          0          0          0   entry7b.o
         0          0          0          0          0          0   entry8b.o
         8          4          0          0          0          0   entry9a.o
        30          0          0          0          0          0   handlers.o
        40          0          0          0          0         72   idiv.o
        36          8          0          0          0         68   init.o
         0          0          0          0          0          0   iusefp.o
        32          0          0          0          0         68   llshl.o
        38          0          0          0          0         68   llsshr.o
        34          0          0          0          0         68   llushr.o
      2242         94          0          0          0        472   printfa.o
        44          0          0          0          0         72   uidiv.o
        96          0          0          0          0         84   uldiv.o
        40          2          0          0          0         68   cdrcmple.o
        56          0          0          0          0         68   d2f.o
       356          4          0          0          0        140   dadd.o
       240          6          0          0          0         84   ddiv.o
       236          0          0          0          0        216   depilogue.o
        64         10          0          0          0         68   dfixul.o
       208          6          0          0          0         88   dmul.o
        40          0          0          0          0         60   f2d.o
       178          0          0          0          0        108   fadd.o
       124          0          0          0          0         72   fdiv.o
       130          0          0          0          0        144   fepilogue.o
        22          0          0          0          0         68   fflti.o
       122          0          0          0          0         72   fmul.o

    ----------------------------------------------------------------------
      7684        492          4         28        104      25405   Library Totals
         6          0          0          0          0          0   (incl. Padding)

    ----------------------------------------------------------------------

      Code (inc. data)   RO Data    RW Data    ZI Data      Debug   Library Name

      3250        354          4         28        104      23177   RTX_CM1.LIB
      2612        110          0          0          0        972   mc_p.l
      1816         28          0          0          0       1256   mf_p.l

    ----------------------------------------------------------------------
      7684        492          4         28        104      25405   Library Totals

    ----------------------------------------------------------------------

==============================================================================


      Code (inc. data)   RO Data    RW Data    ZI Data      Debug   

     14516       1074       7460        144       4840     173760   Grand Totals
     14516       1074       7460        144       4840     173760   ELF Image Totals
     14516       1074       7460        144          0          0   ROM Totals

==============================================================================

    Total RO  Size (Code + RO Data)                21976 (  21.46kB)
    Total RW  Size (RW Data + ZI Data)              4984 (   4.87kB)
    Total ROM Size (Code + RO Data + RW Data)      22120 (  21.60kB)

==============================================================================

