<html>
<body>
<pre>
<h1>µVision Build Log</h1>
<h2>Tool Versions:</h2>
IDE-Version: µVision V5.14.0.0
Copyright (C) 2015 ARM Ltd and ARM Germany GmbH. All rights reserved.
License Information: A A, A, LIC=----
 
Tool Versions:
Toolchain:       MDK-Lite  Version: 5.14.0.0
Toolchain Path:  C:\Keil_v5\ARM\ARMCC\Bin
C Compiler:      Armcc.exe V5.05 update 1 (build 106)
Assembler:       Armasm.exe V5.05 update 1 (build 106)
Linker/Locator:  ArmLink.exe V5.05 update 1 (build 106)
Library Manager: ArmAr.exe V5.05 update 1 (build 106)
Hex Converter:   FromElf.exe V5.05 update 1 (build 106)
CPU DLL:         SARMCM3.DLL V5.14.0.0
Dialog DLL:      DARMCM1.DLL V1.12.0.0
Target DLL:      CMSIS_AGDI.dll V1.21.0.0
Dialog DLL:      TARMCM1.DLL V1.9.0.0
 
<h2>Project:</h2>
C:\Users\Michael\Documents\GitHub\ECE561\Project 4 - Multithreaded Game Project\3D Brick Breaker Code\BasicUI.uvproj
Project File Date:  04/27/2015

<h2>Output:</h2>
Rebuild target 'KL25Z Flash'
compiling system_MKL25Z4.c...
assembling startup_MKL25Z4.s...
compiling main.c...
compiling LEDs.c...
compiling timers.c...
compiling delay.c...
compiling profile.c...
compiling region.c...
compiling lucida_8x13.c...
compiling lucida_12x19.c...
compiling lucida_20x31.c...
compiling RTX_Config.c...
compiling sound.c...
compiling tasks.c...
compiling I2C.c...
compiling DMA.c...
compiling MMA8451.c...
compiling TFT_graphics.c...
compiling TFT_lcd.c...
compiling TFT_text.c...
compiling game.c...
compiling utilization.c...
linking...
Program Size: Code=21580 RO-data=4128 RW-data=172 ZI-data=7068  
".\obj\BasicUI.axf" - 0 Error(s), 0 Warning(s).
</pre>
</body>
</html>
