<html>
<body>
<pre>
<h1>µVision Build Log</h1>
<h2>Tool Versions:</h2>
IDE-Version: µVision V5.12.0.0
Copyright (C) 2014 ARM Ltd and ARM Germany GmbH. All rights reserved.
License Information: Alexander Dean, North Carolina State University, LIC=IC9TL-JLX5P-VNNFG-TIA77-47UGM-XIR90
 
Tool Versions:
Toolchain:       MDK-ARM Professional  Version: 5.12.0.0
Toolchain Path:  C:\Keil_v5\ARM\ARMCC\Bin
C Compiler:      Armcc.exe V5.05 (build 41)
Assembler:       Armasm.exe V5.05 (build 41)
Linker/Locator:  ArmLink.exe V5.05 (build 41)
Library Manager: ArmAr.exe V5.05 (build 41)
Hex Converter:   FromElf.exe V5.05 (build 41)
CPU DLL:         SARMCM3.DLL V5.12.0.0
Dialog DLL:      DARMCM1.DLL V1.11.00.0
Target DLL:      CMSIS_AGDI.dll V1.19.0.0
Dialog DLL:      TARMCM1.DLL V1.08.00.0
 
<h2>Project:</h2>
C:\Users\Alex\Documents\Teaching\ESD\2015-Spring\Projects\Project 2\ProfilerProject - Base\ProfilerProject - Base\BasicUI.uvproj
Project File Date:  02/09/2015

<h2>Output:</h2>
Build target 'KL25Z Flash'
compiling region.c...
linking...
Program Size: Code=5376 RO-data=2568 RW-data=44 ZI-data=1300  
After Build - User command #1: "C:\Users\Alex\Documents\Teaching\ESD\2015-Spring\Projects\Project 2\ProfilerProject - Base\ProfilerProject - Base\Scripts\update_regions_MDK.bat"
C:\Users\Alex\Documents\Teaching\ESD\2015-Spring\Projects\Project 2\ProfilerProject - Base\ProfilerProject - Base>Scripts\getregions.exe obj/*.axf -c -osrc/region.c 
".\obj\BasicUI.axf" - 0 Error(s), 0 Warning(s).
Load "C:\\Users\\Alex\\Documents\\Teaching\\ESD\\2015-Spring\\Projects\\Project 2\\ProfilerProject - Base\\ProfilerProject - Base\\obj\\BasicUI.axf" 
Erase Done.
Programming Done.
Verify OK.
Application running ...
</pre>
</body>
</html>
Error(s), 0 Warning(s).

Clean started: Project: 'BasicUI'
   deleting intermediate output files for target 'KL25Z Flash'
- Base\\ProfilerProject - Base\\obj\\BasicUI.axf" 
Erase Done.
Programming Done.
Verify OK.
Application running ...
mming Done.
Verify OK.
Application running ...
Clean started: Project: 'BasicUI'
   deleting intermediate output files for target 'KL25Z Flash'
sicUI.axf" - 0 Error(s), 6 Warning(s).
