<html>
<body>
<pre>
<h1>µVision Build Log</h1>
<h2>Tool Versions:</h2>
IDE-Version: µVision V5.14.0.0
Copyright (C) 2015 ARM Ltd and ARM Germany GmbH. All rights reserved.
License Information: A A, A, LIC=----
 
Tool Versions:
Toolchain:       MDK-Lite  Version: 5.14.0.0
Toolchain Path:  C:\Keil_v5\ARM\ARMCC\Bin
C Compiler:      Armcc.exe V5.05 update 1 (build 106)
Assembler:       Armasm.exe V5.05 update 1 (build 106)
Linker/Locator:  ArmLink.exe V5.05 update 1 (build 106)
Library Manager: ArmAr.exe V5.05 update 1 (build 106)
Hex Converter:   FromElf.exe V5.05 update 1 (build 106)
CPU DLL:         SARMCM3.DLL V5.14.0.0
Dialog DLL:      DARMCM1.DLL V1.12.0.0
Target DLL:      CMSIS_AGDI.dll V1.21.0.0
Dialog DLL:      TARMCM1.DLL V1.9.0.0
 
<h2>Project:</h2>
C:\Users\Michael\Documents\GitHub\ECE561\Project 3 - Power and Energy Optimization\Code\BasicUI.uvproj
Project File Date:  04/05/2015

<h2>Output:</h2>
Build target 'KL25Z Flash'
compiling main.c...
compiling LEDs.c...
compiling timers.c...
linking...
Program Size: Code=3196 RO-data=224 RW-data=32 ZI-data=1024  
".\obj\BasicUI.axf" - 0 Error(s), 0 Warning(s).
</pre>
</body>
</html>
