Component: ARM Compiler 5.05 (build 41) Tool: armlink [4d0eb9]

==============================================================================

Section Cross References

    system_mkl25z4.o(.text) refers to uidiv.o(.text) for __aeabi_uidivmod
    system_mkl25z4.o(.text) refers to system_mkl25z4.o(.data) for .data
    startup_mkl25z4.o(RESET) refers to startup_mkl25z4.o(STACK) for __initial_sp
    startup_mkl25z4.o(RESET) refers to startup_mkl25z4.o(.text) for Reset_Handler
    startup_mkl25z4.o(RESET) refers to hal_cm1.o(.emb_text) for SVC_Handler
    startup_mkl25z4.o(RESET) refers to dma.o(.text) for DMA0_IRQHandler
    startup_mkl25z4.o(RESET) refers to timers.o(.text) for TPM0_IRQHandler
    startup_mkl25z4.o(.text) refers to system_mkl25z4.o(.text) for SystemInit
    startup_mkl25z4.o(.text) refers to entry.o(.ARM.Collect$$$$00000000) for __main
    main.o(.text) refers to tasks.o(.text) for Init_Debug_Signals
    main.o(.text) refers to leds.o(.text) for Init_RGB_LEDs
    main.o(.text) refers to sound.o(.text) for Sound_Init
    main.o(.text) refers to tft_lcd.o(.text) for TFT_Init
    main.o(.text) refers to tft_text.o(.text) for TFT_Text_Init
    main.o(.text) refers to i2c.o(.text) for i2c_init
    main.o(.text) refers to mma8451.o(.text) for init_mma
    main.o(.text) refers to delay.o(.text) for Delay
    main.o(.text) refers to hal_cm1.o(.emb_text) for os_set_env
    main.o(.text) refers to rt_task.o(i.rt_sys_init) for rt_sys_init
    timers.o(.text) refers to profile.o(.data) for profiling_enabled
    timers.o(.text) refers to timers.o(.data) for .data
    timers.o(.text) refers to profile.o(.data) for profile_ticks
    timers.o(.text) refers to region.o(.constdata) for NumProfileRegions
    timers.o(.text) refers to region.o(.constdata) for RegionTable
    timers.o(.text) refers to region.o(.bss) for RegionCount
    timers.o(.text) refers to profile.o(.data) for adx_lost
    timers.o(.text) refers to profile.o(.data) for num_lost
    profile.o(.text) refers to timers.o(.text) for PIT_Init
    profile.o(.text) refers to uidiv.o(.text) for __aeabi_uidivmod
    profile.o(.text) refers to printfa.o(i.__0snprintf) for __2snprintf
    profile.o(.text) refers to tft_text.o(.text) for TFT_Text_PrintStr
    profile.o(.text) refers to region.o(.constdata) for NumProfileRegions
    profile.o(.text) refers to region.o(.bss) for RegionCount
    profile.o(.text) refers to profile.o(.data) for .data
    profile.o(.text) refers to region.o(.bss) for SortedRegions
    profile.o(.text) refers to tft_text.o(.data) for G_TFT_char_height
    profile.o(.text) refers to region.o(.constdata) for RegionTable
    sound.o(.text) refers to fflti.o(.text) for __aeabi_i2f
    sound.o(.text) refers to fmul.o(.text) for __aeabi_fmul
    sound.o(.text) refers to sinf.o(i.sinf) for sinf
    sound.o(.text) refers to ffixi.o(.text) for __aeabi_f2iz
    sound.o(.text) refers to dma.o(.text) for DMA_Init
    sound.o(.text) refers to timers.o(.text) for TPM0_Init
    sound.o(.text) refers to idiv.o(.text) for __aeabi_idivmod
    sound.o(.text) refers to delay.o(.text) for Delay
    sound.o(.text) refers to dfltui.o(.text) for __aeabi_ui2d
    sound.o(.text) refers to ddiv.o(.text) for __aeabi_ddiv
    sound.o(.text) refers to dfixui.o(.text) for __aeabi_d2uiz
    sound.o(.text) refers to uidiv.o(.text) for __aeabi_uidivmod
    sound.o(.text) refers to sound.o(.bss) for .bss
    sound.o(.text) refers to rt_time.o(i.rt_itv_set) for rt_itv_set
    sound.o(.text) refers to rt_time.o(i.rt_itv_wait) for rt_itv_wait
    sound.o(.text) refers to tasks.o(.data) for t_Refill_Sound_Buffer
    sound.o(.text) refers to rt_event.o(i.rt_evt_set) for rt_evt_set
    sound.o(.text) refers to rt_event.o(i.rt_evt_wait) for rt_evt_wait
    tasks.o(.text) refers to tft_lcd.o(.text) for TFT_Fill_Rectangle
    tasks.o(.text) refers to fflti.o(.text) for __aeabi_i2f
    tasks.o(.text) refers to fadd.o(.text) for __aeabi_fadd
    tasks.o(.text) refers to ffixi.o(.text) for __aeabi_f2iz
    tasks.o(.text) refers to mma8451.o(.text) for read_full_xyz
    tasks.o(.text) refers to f2d.o(.text) for __aeabi_f2d
    tasks.o(.text) refers to printfa.o(i.__0sprintf) for __2sprintf
    tasks.o(.text) refers to tft_text.o(.text) for TFT_Text_PrintStr_RC
    tasks.o(.text) refers to uidiv.o(.text) for __aeabi_uidivmod
    tasks.o(.text) refers to sound.o(.text) for Sound_Disable_Amp
    tasks.o(.text) refers to tft_graphics.o(.text) for TFT_Draw_Line
    tasks.o(.text) refers to rt_time.o(i.rt_itv_set) for rt_itv_set
    tasks.o(.text) refers to rt_time.o(i.rt_itv_wait) for rt_itv_wait
    tasks.o(.text) refers to mma8451.o(.data) for roll
    tasks.o(.text) refers to tasks.o(.bss) for .bss
    tasks.o(.text) refers to rt_mutex.o(i.rt_mut_wait) for rt_mut_wait
    tasks.o(.text) refers to rt_mutex.o(i.rt_mut_release) for rt_mut_release
    tasks.o(.text) refers to tft_text.o(.data) for G_TFT_char_height
[...]
    printfa.o(i.__0printf) refers to stdout.o(.data) for __stdout
    printfa.o(i.__0snprintf) refers (Special) to iusefp.o(.text) for __I$use$fp
    printfa.o(i.__0snprintf) refers to printfa.o(i._printf_core) for _printf_core
    printfa.o(i.__0snprintf) refers to printfa.o(i._snputc) for _snputc
    printfa.o(i.__0sprintf) refers (Special) to iusefp.o(.text) for __I$use$fp
    printfa.o(i.__0sprintf) refers to printfa.o(i._printf_core) for _printf_core
    printfa.o(i.__0sprintf) refers to printfa.o(i._sputc) for _sputc
    printfa.o(i.__0vfprintf) refers (Special) to iusefp.o(.text) for __I$use$fp
    printfa.o(i.__0vfprintf) refers to printfa.o(i._printf_core) for _printf_core
    printfa.o(i.__0vfprintf) refers to fputc.o(i.fputc) for fputc
    printfa.o(i.__0vprintf) refers (Special) to iusefp.o(.text) for __I$use$fp
    printfa.o(i.__0vprintf) refers to printfa.o(i._printf_core) for _printf_core
    printfa.o(i.__0vprintf) refers to fputc.o(i.fputc) for fputc
    printfa.o(i.__0vprintf) refers to stdout.o(.data) for __stdout
    printfa.o(i.__0vsnprintf) refers (Special) to iusefp.o(.text) for __I$use$fp
    printfa.o(i.__0vsnprintf) refers to printfa.o(i._printf_core) for _printf_core
    printfa.o(i.__0vsnprintf) refers to printfa.o(i._snputc) for _snputc
    printfa.o(i.__0vsprintf) refers (Special) to iusefp.o(.text) for __I$use$fp
    printfa.o(i.__0vsprintf) refers to printfa.o(i._printf_core) for _printf_core
    printfa.o(i.__0vsprintf) refers to printfa.o(i._sputc) for _sputc
    printfa.o(i._fp_digits) refers (Special) to iusefp.o(.text) for __I$use$fp
    printfa.o(i._fp_digits) refers to dmul.o(.text) for __aeabi_dmul
    printfa.o(i._fp_digits) refers to ddiv.o(.text) for __aeabi_ddiv
    printfa.o(i._fp_digits) refers to cdrcmple.o(.text) for __aeabi_cdrcmple
    printfa.o(i._fp_digits) refers to dadd.o(.text) for __aeabi_dadd
    printfa.o(i._fp_digits) refers to dfixul.o(.text) for __aeabi_d2ulz
    printfa.o(i._fp_digits) refers to uldiv.o(.text) for __aeabi_uldivmod
    printfa.o(i._printf_core) refers (Special) to iusefp.o(.text) for __I$use$fp
    printfa.o(i._printf_core) refers to printfa.o(i._printf_pre_padding) for _printf_pre_padding
    printfa.o(i._printf_core) refers to uldiv.o(.text) for __aeabi_uldivmod
    printfa.o(i._printf_core) refers to printfa.o(i._printf_post_padding) for _printf_post_padding
    printfa.o(i._printf_core) refers to printfa.o(i._fp_digits) for _fp_digits
    printfa.o(i._printf_core) refers to uidiv.o(.text) for __aeabi_uidivmod
    printfa.o(i._printf_post_padding) refers (Special) to iusefp.o(.text) for __I$use$fp
    printfa.o(i._printf_pre_padding) refers (Special) to iusefp.o(.text) for __I$use$fp
    printfa.o(i._snputc) refers (Special) to iusefp.o(.text) for __I$use$fp
    printfa.o(i._sputc) refers (Special) to iusefp.o(.text) for __I$use$fp
    fadd.o(.text) refers (Special) to iusefp.o(.text) for __I$use$fp
    fadd.o(.text) refers to fepilogue.o(.text) for _float_epilogue
    fmul.o(.text) refers (Special) to iusefp.o(.text) for __I$use$fp
    fdiv.o(.text) refers (Special) to iusefp.o(.text) for __I$use$fp
    fdiv.o(.text) refers to fepilogue.o(.text) for _float_round
    ddiv.o(.text) refers (Special) to iusefp.o(.text) for __I$use$fp
    ddiv.o(.text) refers to depilogue.o(.text) for _double_round
    fflti.o(.text) refers (Special) to iusefp.o(.text) for __I$use$fp
    fflti.o(.text) refers to fepilogue.o(.text) for _float_epilogue
    dfltui.o(.text) refers (Special) to iusefp.o(.text) for __I$use$fp
    dfltui.o(.text) refers to depilogue.o(.text) for _double_epilogue
    ffixi.o(.text) refers (Special) to iusefp.o(.text) for __I$use$fp
    dfixui.o(.text) refers (Special) to iusefp.o(.text) for __I$use$fp
    dfixui.o(.text) refers to llushr.o(.text) for __aeabi_llsr
    f2d.o(.text) refers (Special) to iusefp.o(.text) for __I$use$fp
    fpclassifyf.o(i.__ARM_fpclassifyf) refers (Special) to iusefp.o(.text) for __I$use$fp
    funder.o(i.__mathlib_flt_divzero) refers to fdiv.o(.text) for __aeabi_fdiv
    funder.o(i.__mathlib_flt_infnan) refers to fscalb.o(.text) for __ARM_scalbnf
    funder.o(i.__mathlib_flt_infnan2) refers to fadd.o(.text) for __aeabi_fadd
    funder.o(i.__mathlib_flt_invalid) refers to fdiv.o(.text) for __aeabi_fdiv
    funder.o(i.__mathlib_flt_overflow) refers to fscalb.o(.text) for __ARM_scalbnf
    funder.o(i.__mathlib_flt_posinfnan) refers to fmul.o(.text) for __aeabi_fmul
    funder.o(i.__mathlib_flt_underflow) refers to fscalb.o(.text) for __ARM_scalbnf
    rredf.o(i.__mathlib_rredf2) refers (Special) to iusefp.o(.text) for __I$use$fp
    rredf.o(i.__mathlib_rredf2) refers to rredf.o(i.__ARM_common_ll_muluu) for __ARM_common_ll_muluu
    rredf.o(i.__mathlib_rredf2) refers to fflti.o(.text) for __aeabi_i2f
    rredf.o(i.__mathlib_rredf2) refers to ffltui.o(.text) for __aeabi_ui2f
    rredf.o(i.__mathlib_rredf2) refers to fscalb.o(.text) for __ARM_scalbnf
    rredf.o(i.__mathlib_rredf2) refers to fadd.o(.text) for __aeabi_fadd
    rredf.o(i.__mathlib_rredf2) refers to fmul.o(.text) for __aeabi_fmul
    rredf.o(i.__mathlib_rredf2) refers to rredf.o(.constdata) for .constdata
    rredf.o(.constdata) refers (Special) to iusefp.o(.text) for __I$use$fp
    entry2.o(.ARM.Collect$$$$00000001) refers to entry2.o(.ARM.Collect$$$$00002712) for __lit__00000000
    entry2.o(.ARM.Collect$$$$00002712) refers to startup_mkl25z4.o(STACK) for __initial_sp
    entry2.o(__vectab_stack_and_reset_area) refers to startup_mkl25z4.o(STACK) for __initial_sp
    entry2.o(__vectab_stack_and_reset_area) refers to entry.o(.ARM.Collect$$$$00000000) for __main
    entry5.o(.ARM.Collect$$$$00000004) refers to init.o(.text) for __scatterload
    entry9a.o(.ARM.Collect$$$$0000000B) refers to main.o(.text) for main
    entry9b.o(.ARM.Collect$$$$0000000C) refers to main.o(.text) for main
    fputc.o(i.fputc) refers (Special) to iusesemip.o(.text) for __I$use$semihosting$fputc
    fputc.o(i.fputc) refers (Special) to semi.o(.text) for __semihosting_library_function
    uldiv.o(.text) refers to llushr.o(.text) for __aeabi_llsr
    uldiv.o(.text) refers to llshl.o(.text) for __aeabi_llsl
    errno.o(i.__aeabi_errno_addr) refers to errno.o(.data) for .data
    errno.o(i.__read_errno) refers to errno.o(.data) for .data
    errno.o(i.__set_errno) refers to errno.o(.data) for .data
    frnd.o(.text) refers to fepilogue.o(.text) for _float_round
    depilogue.o(.text) refers to depilogue.o(i.__ARM_clz) for __ARM_clz
    depilogue.o(.text) refers to llshl.o(.text) for __aeabi_llsl
    depilogue.o(.text) refers to llushr.o(.text) for __aeabi_llsr
    dadd.o(.text) refers to llshl.o(.text) for __aeabi_llsl
    dadd.o(.text) refers to llsshr.o(.text) for __aeabi_lasr
    dadd.o(.text) refers to depilogue.o(.text) for _double_epilogue
    dmul.o(.text) refers to depilogue.o(.text) for _double_epilogue
    dfixul.o(.text) refers to llushr.o(.text) for __aeabi_llsr
    dfixul.o(.text) refers to llshl.o(.text) for __aeabi_llsl
    init.o(.text) refers to entry5.o(.ARM.Collect$$$$00000004) for __main_after_scatterload
    ffltui.o(.text) refers to fepilogue.o(.text) for _float_epilogue
    rredf.o(i.__ARM_common_ll_muluu) refers (Special) to iusefp.o(.text) for __I$use$fp


==============================================================================

Removing Unused input sections from the image.

    Removing system_mkl25z4.o(.rev16_text), (4 bytes).
    Removing system_mkl25z4.o(.revsh_text), (4 bytes).
    Removing startup_mkl25z4.o(HEAP), (0 bytes).
    Removing main.o(.rev16_text), (4 bytes).
    Removing main.o(.revsh_text), (4 bytes).
    Removing leds.o(.rev16_text), (4 bytes).
    Removing leds.o(.revsh_text), (4 bytes).
    Removing timers.o(.rev16_text), (4 bytes).
    Removing timers.o(.revsh_text), (4 bytes).
    Removing timers.o(.data), (4 bytes).
    Removing timers.o(.data), (4 bytes).
    Removing delay.o(.rev16_text), (4 bytes).
    Removing delay.o(.revsh_text), (4 bytes).
    Removing profile.o(.rev16_text), (4 bytes).
    Removing profile.o(.revsh_text), (4 bytes).
    Removing profile.o(.text), (484 bytes).
    Removing region.o(.bss), (420 bytes).
    Removing lucida_8x13.o(.constdata), (1640 bytes).
    Removing lucida_20x31.o(.constdata), (8762 bytes).
    Removing rtx_config.o(.constdata), (4 bytes).
    Removing sound.o(.rev16_text), (4 bytes).
    Removing sound.o(.revsh_text), (4 bytes).
    Removing tasks.o(.rev16_text), (4 bytes).
    Removing tasks.o(.revsh_text), (4 bytes).
    Removing tasks.o(.bss), (16 bytes).
    Removing i2c.o(.rev16_text), (4 bytes).
    Removing i2c.o(.revsh_text), (4 bytes).
    Removing dma.o(.rev16_text), (4 bytes).
    Removing dma.o(.revsh_text), (4 bytes).
    Removing mma8451.o(.rev16_text), (4 bytes).
    Removing mma8451.o(.revsh_text), (4 bytes).
    Removing tft_lcd.o(.rev16_text), (4 bytes).
    Removing tft_lcd.o(.revsh_text), (4 bytes).
    Removing tft_text.o(.constdata), (3 bytes).
    Removing tft_text.o(.constdata), (3 bytes).
    Removing tft_text.o(.data), (8 bytes).
    Removing rt_task.o(i.rt_tsk_pass), (44 bytes).
    Removing rt_task.o(i.rt_tsk_prio), (144 bytes).
    Removing rt_task.o(i.rt_tsk_self), (16 bytes).
    Removing rt_event.o(i.rt_evt_clr), (28 bytes).
    Removing rt_event.o(i.rt_evt_get), (12 bytes).
    Removing rt_time.o(i.rt_dly_wait), (10 bytes).
    Removing rt_time.o(i.rt_time_get), (12 bytes).
    Removing rt_system.o(.emb_text), (0 bytes).
    Removing rt_system.o(i.rt_resume), (176 bytes).
    Removing rt_system.o(i.rt_suspend), (52 bytes).
    Removing rt_system.o(i.rt_tsk_lock), (84 bytes).
    Removing rt_system.o(i.rt_tsk_unlock), (84 bytes).
    Removing rt_list.o(i.rt_get_same_rdy_prio), (36 bytes).
    Removing rt_membox.o(i._calloc_box), (30 bytes).
    Removing rt_mailbox.o(i.isr_mbx_receive), (74 bytes).
    Removing rt_mailbox.o(i.isr_mbx_send), (12 bytes).
    Removing rt_mailbox.o(i.rt_mbx_check), (8 bytes).
    Removing rt_mailbox.o(i.rt_mbx_init), (32 bytes).
    Removing rt_mailbox.o(i.rt_mbx_send), (160 bytes).
    Removing rt_mailbox.o(i.rt_mbx_wait), (176 bytes).
    Removing rt_semaphore.o(i.isr_sem_send), (14 bytes).
    Removing rt_semaphore.o(i.rt_sem_init), (12 bytes).
    Removing rt_semaphore.o(i.rt_sem_send), (60 bytes).
    Removing rt_semaphore.o(i.rt_sem_wait), (68 bytes).
    Removing rt_timer.o(i.rt_tmr_create), (80 bytes).
    Removing rt_timer.o(i.rt_tmr_kill), (52 bytes).
    Removing rt_robin.o(i.rt_chk_robin), (68 bytes).
    Removing rt_robin.o(i.rt_init_robin), (24 bytes).
    Removing rt_robin.o(.data), (8 bytes).

65 unused section(s) (total 13020 bytes) removed from the image.

==============================================================================

Image Symbol Table

    Local Symbols

    Symbol Name                              Value     Ov Type        Size  Object(Section)

    RESET                                    0x00000000   Section      192  startup_mkl25z4.o(RESET)
    ../clib/microlib/division.c              0x00000000   Number         0  uidiv.o ABSOLUTE
    ../clib/microlib/division.c              0x00000000   Number         0  uldiv.o ABSOLUTE
    ../clib/microlib/division.c              0x00000000   Number         0  idiv.o ABSOLUTE
    ../clib/microlib/errno.c                 0x00000000   Number         0  errno.o ABSOLUTE
    ../clib/microlib/init/entry.s            0x00000000   Number         0  entry7b.o ABSOLUTE
    ../clib/microlib/init/entry.s            0x00000000   Number         0  entry8a.o ABSOLUTE
    ../clib/microlib/init/entry.s            0x00000000   Number         0  entry10a.o ABSOLUTE
    ../clib/microlib/init/entry.s            0x00000000   Number         0  entry9b.o ABSOLUTE
    ../clib/microlib/init/entry.s            0x00000000   Number         0  entry9a.o ABSOLUTE
    ../clib/microlib/init/entry.s            0x00000000   Number         0  entry5.o ABSOLUTE
    ../clib/microlib/init/entry.s            0x00000000   Number         0  entry10b.o ABSOLUTE
    ../clib/microlib/init/entry.s            0x00000000   Number         0  entry7a.o ABSOLUTE
    ../clib/microlib/init/entry.s            0x00000000   Number         0  entry.o ABSOLUTE
    ../clib/microlib/init/entry.s            0x00000000   Number         0  entry8b.o ABSOLUTE
    ../clib/microlib/init/entry.s            0x00000000   Number         0  entry11a.o ABSOLUTE
    ../clib/microlib/init/entry.s            0x00000000   Number         0  entry11b.o ABSOLUTE
    ../clib/microlib/init/entry.s            0x00000000   Number         0  entry2.o ABSOLUTE
    ../clib/microlib/longlong.c              0x00000000   Number         0  llsshr.o ABSOLUTE
    ../clib/microlib/longlong.c              0x00000000   Number         0  llshl.o ABSOLUTE
    ../clib/microlib/longlong.c              0x00000000   Number         0  llushr.o ABSOLUTE
    ../clib/microlib/printf/printf.c         0x00000000   Number         0  printfb.o ABSOLUTE
    ../clib/microlib/printf/printf.c         0x00000000   Number         0  printf5.o ABSOLUTE
    ../clib/microlib/printf/printf.c         0x00000000   Number         0  printf1.o ABSOLUTE
    ../clib/microlib/printf/printf.c         0x00000000   Number         0  printf6.o ABSOLUTE
    ../clib/microlib/printf/printf.c         0x00000000   Number         0  printf2.o ABSOLUTE
    ../clib/microlib/printf/printf.c         0x00000000   Number         0  printf3.o ABSOLUTE
    ../clib/microlib/printf/printf.c         0x00000000   Number         0  printf0.o ABSOLUTE
    ../clib/microlib/printf/printf.c         0x00000000   Number         0  printf7.o ABSOLUTE
    ../clib/microlib/printf/printf.c         0x00000000   Number         0  printf8.o ABSOLUTE
    ../clib/microlib/printf/printf.c         0x00000000   Number         0  printf4.o ABSOLUTE
    ../clib/microlib/printf/printf.c         0x00000000   Number         0  printfa.o ABSOLUTE
    ../clib/microlib/printf/stubs.s          0x00000000   Number         0  stubs.o ABSOLUTE
    ../clib/microlib/stdio/fputc.c           0x00000000   Number         0  fputc.o ABSOLUTE
    ../clib/microlib/stdio/semi.s            0x00000000   Number         0  semi.o ABSOLUTE
    ../clib/microlib/stdio/streams.c         0x00000000   Number         0  stdout.o ABSOLUTE
    ../clib/microlib/stubs.s                 0x00000000   Number         0  iusesemip.o ABSOLUTE
    ../clib/microlib/stubs.s                 0x00000000   Number         0  iusefp.o ABSOLUTE
    ../fplib/microlib/f2d.c                  0x00000000   Number         0  f2d.o ABSOLUTE
    ../fplib/microlib/fpadd.c                0x00000000   Number         0  dadd.o ABSOLUTE
    ../fplib/microlib/fpadd.c                0x00000000   Number         0  fadd.o ABSOLUTE
    ../fplib/microlib/fpdiv.c                0x00000000   Number         0  ddiv.o ABSOLUTE
    ../fplib/microlib/fpdiv.c                0x00000000   Number         0  fdiv.o ABSOLUTE
    ../fplib/microlib/fpepilogue.c           0x00000000   Number         0  fepilogue.o ABSOLUTE
    ../fplib/microlib/fpepilogue.c           0x00000000   Number         0  depilogue.o ABSOLUTE
    ../fplib/microlib/fpfix.c                0x00000000   Number         0  dfixul.o ABSOLUTE
    ../fplib/microlib/fpfix.c                0x00000000   Number         0  dfixui.o ABSOLUTE
    ../fplib/microlib/fpfix.c                0x00000000   Number         0  ffixi.o ABSOLUTE
    ../fplib/microlib/fpflt.c                0x00000000   Number         0  ffltui.o ABSOLUTE
    ../fplib/microlib/fpflt.c                0x00000000   Number         0  fflti.o ABSOLUTE
    ../fplib/microlib/fpflt.c                0x00000000   Number         0  dfltui.o ABSOLUTE
    ../fplib/microlib/fpmul.c                0x00000000   Number         0  fmul.o ABSOLUTE
    ../fplib/microlib/fpmul.c                0x00000000   Number         0  dmul.o ABSOLUTE
    ../fplib/microlib/fprnd.c                0x00000000   Number         0  frnd.o ABSOLUTE
    ../fplib/microlib/fpscalb.c              0x00000000   Number         0  fscalb.o ABSOLUTE
    ../mathlib/fpclassifyf.c                 0x00000000   Number         0  fpclassifyf.o ABSOLUTE
    ../mathlib/funder.c                      0x00000000   Number         0  funder.o ABSOLUTE
    ../mathlib/rredf.c                       0x00000000   Number         0  rredf.o ABSOLUTE
    ../mathlib/sinf.c                        0x00000000   Number         0  sinf.o ABSOLUTE
    ../mathlib/sinf.c                        0x00000000   Number         0  sinf_x.o ABSOLUTE
    SRC\CM\HAL_CM1.c                         0x00000000   Number         0  hal_cm1.o ABSOLUTE
    SRC\CM\SVC_Table.s                       0x00000000   Number         0  SVC_Table.o ABSOLUTE
    SRC\CM\rt_Event.c                        0x00000000   Number         0  rt_event.o ABSOLUTE
    SRC\CM\rt_List.c                         0x00000000   Number         0  rt_list.o ABSOLUTE
    SRC\CM\rt_Mailbox.c                      0x00000000   Number         0  rt_mailbox.o ABSOLUTE
    SRC\CM\rt_MemBox.c                       0x00000000   Number         0  rt_membox.o ABSOLUTE
    SRC\CM\rt_Mutex.c                        0x00000000   Number         0  rt_mutex.o ABSOLUTE
    SRC\CM\rt_Robin.c                        0x00000000   Number         0  rt_robin.o ABSOLUTE
    SRC\CM\rt_Semaphore.c                    0x00000000   Number         0  rt_semaphore.o ABSOLUTE
    SRC\CM\rt_System.c                       0x00000000   Number         0  rt_system.o ABSOLUTE
    SRC\CM\rt_Task.c                         0x00000000   Number         0  rt_task.o ABSOLUTE
    SRC\CM\rt_Time.c                         0x00000000   Number         0  rt_time.o ABSOLUTE
    SRC\CM\rt_Timer.c                        0x00000000   Number         0  rt_timer.o ABSOLUTE
    SRC\\CM\\HAL_CM1.c                       0x00000000   Number         0  hal_cm1.o ABSOLUTE
    SRC\\CM\\rt_System.c                     0x00000000   Number         0  rt_system.o ABSOLUTE
    asm\startup_MKL25Z4.s                    0x00000000   Number         0  startup_mkl25z4.o ABSOLUTE
    cdrcmple.s                               0x00000000   Number         0  cdrcmple.o ABSOLUTE
    dc.s                                     0x00000000   Number         0  dc.o ABSOLUTE
    handlers.s                               0x00000000   Number         0  handlers.o ABSOLUTE
    init.s                                   0x00000000   Number         0  init.o ABSOLUTE
    src\DMA.c                                0x00000000   Number         0  dma.o ABSOLUTE
    src\I2C.c                                0x00000000   Number         0  i2c.o ABSOLUTE
    src\LEDs.c                               0x00000000   Number         0  leds.o ABSOLUTE
    src\MMA8451.c                            0x00000000   Number         0  mma8451.o ABSOLUTE
    src\RTX_Config.c                         0x00000000   Number         0  rtx_config.o ABSOLUTE
    src\TFT_graphics.c                       0x00000000   Number         0  tft_graphics.o ABSOLUTE
    src\TFT_lcd.c                            0x00000000   Number         0  tft_lcd.o ABSOLUTE
    src\TFT_text.c                           0x00000000   Number         0  tft_text.o ABSOLUTE
    src\\DMA.c                               0x00000000   Number         0  dma.o ABSOLUTE
    src\\I2C.c                               0x00000000   Number         0  i2c.o ABSOLUTE
    src\\LEDs.c                              0x00000000   Number         0  leds.o ABSOLUTE
    src\\MMA8451.c                           0x00000000   Number         0  mma8451.o ABSOLUTE
    src\\TFT_lcd.c                           0x00000000   Number         0  tft_lcd.o ABSOLUTE
    src\\delay.c                             0x00000000   Number         0  delay.o ABSOLUTE
    src\\main.c                              0x00000000   Number         0  main.o ABSOLUTE
    src\\profile.c                           0x00000000   Number         0  profile.o ABSOLUTE
    src\\sound.c                             0x00000000   Number         0  sound.o ABSOLUTE
    src\\system_MKL25Z4.c                    0x00000000   Number         0  system_mkl25z4.o ABSOLUTE
    src\\tasks.c                             0x00000000   Number         0  tasks.o ABSOLUTE
    src\\timers.c                            0x00000000   Number         0  timers.o ABSOLUTE
    src\delay.c                              0x00000000   Number         0  delay.o ABSOLUTE
    src\lucida_12x19.c                       0x00000000   Number         0  lucida_12x19.o ABSOLUTE
    src\lucida_20x31.c                       0x00000000   Number         0  lucida_20x31.o ABSOLUTE
    src\lucida_8x13.c                        0x00000000   Number         0  lucida_8x13.o ABSOLUTE
    src\main.c                               0x00000000   Number         0  main.o ABSOLUTE
    src\profile.c                            0x00000000   Number         0  profile.o ABSOLUTE
    src\region.c                             0x00000000   Number         0  region.o ABSOLUTE
    src\sound.c                              0x00000000   Number         0  sound.o ABSOLUTE
    src\system_MKL25Z4.c                     0x00000000   Number         0  system_mkl25z4.o ABSOLUTE
    src\tasks.c                              0x00000000   Number         0  tasks.o ABSOLUTE
    src\timers.c                             0x00000000   Number         0  timers.o ABSOLUTE
    .ARM.Collect$$$$00000000                 0x000000c0   Section        0  entry.o(.ARM.Collect$$$$00000000)
    .ARM.Collect$$$$00000001                 0x000000c0   Section        4  entry2.o(.ARM.Collect$$$$00000001)
    .ARM.Collect$$$$00000004                 0x000000c4   Section        4  entry5.o(.ARM.Collect$$$$00000004)
    .ARM.Collect$$$$00000008                 0x000000c8   Section        0  entry7b.o(.ARM.Collect$$$$00000008)
    .ARM.Collect$$$$0000000A                 0x000000c8   Section        0  entry8b.o(.ARM.Collect$$$$0000000A)
    .ARM.Collect$$$$0000000B                 0x000000c8   Section        8  entry9a.o(.ARM.Collect$$$$0000000B)
    .ARM.Collect$$$$0000000D                 0x000000d0   Section        0  entry10a.o(.ARM.Collect$$$$0000000D)
    .ARM.Collect$$$$0000000F                 0x000000d0   Section        0  entry11a.o(.ARM.Collect$$$$0000000F)
    .ARM.Collect$$$$00002712                 0x000000d0   Section        4  entry2.o(.ARM.Collect$$$$00002712)
    __lit__00000000                          0x000000d0   Data           4  entry2.o(.ARM.Collect$$$$00002712)
    .emb_text                                0x000000d4   Section      392  hal_cm1.o(.emb_text)
    .text                                    0x0000025c   Section        0  system_mkl25z4.o(.text)
    .text                                    0x000003e8   Section        0  rtx_config.o(.text)
    .text                                    0x000003f2   Section        0  ffltui.o(.text)
    .text                                    0x000003f2   Section        0  iusefp.o(.text)
    .ARM.__at_0x400                          0x00000400   Section       16  startup_mkl25z4.o(.ARM.__at_0x400)
    .text                                    0x00000410   Section       28  startup_mkl25z4.o(.text)
    .text                                    0x0000042c   Section        0  main.o(.text)
    .text                                    0x000004c0   Section        0  leds.o(.text)
    .text                                    0x0000055c   Section        0  timers.o(.text)
    .text                                    0x000007b0   Section        0  delay.o(.text)
    .text                                    0x000007d8   Section        0  sound.o(.text)
    .text                                    0x00000d40   Section        0  tasks.o(.text)
    .text                                    0x00001084   Section        0  i2c.o(.text)
    .text                                    0x000011e0   Section        0  dma.o(.text)
    .text                                    0x000012e0   Section        0  mma8451.o(.text)
    .text                                    0x00001508   Section        0  tft_graphics.o(.text)
    .text                                    0x000017d8   Section        0  tft_lcd.o(.text)
    .text                                    0x00002160   Section        0  tft_text.o(.text)
    .text                                    0x000023c0   Section        0  uidiv.o(.text)
    .text                                    0x000023ec   Section        0  idiv.o(.text)
    .text                                    0x00002414   Section        0  fadd.o(.text)
    .text                                    0x000024c6   Section        0  fmul.o(.text)
    .text                                    0x00002540   Section        0  fdiv.o(.text)
    .text                                    0x000025bc   Section        0  ddiv.o(.text)
    .text                                    0x000026ac   Section        0  fflti.o(.text)
    .text                                    0x000026c4   Section        0  dfltui.o(.text)
    .text                                    0x000026e0   Section        0  ffixi.o(.text)
    .text                                    0x00002714   Section        0  dfixui.o(.text)
    .text                                    0x00002750   Section        0  f2d.o(.text)
    .text                                    0x00002778   Section        0  uldiv.o(.text)
    .text                                    0x000027d8   Section        0  llushr.o(.text)
    .text                                    0x000027fa   Section        0  fepilogue.o(.text)
    .text                                    0x0000287c   Section        0  frnd.o(.text)
    .text                                    0x000028ba   Section        0  depilogue.o(.text)
    .text                                    0x00002978   Section        0  dadd.o(.text)
    .text                                    0x00002adc   Section        0  dmul.o(.text)
    .text                                    0x00002bac   Section        0  dfixul.o(.text)
    .text                                    0x00002bec   Section       40  cdrcmple.o(.text)
    .text                                    0x00002c14   Section       36  init.o(.text)
    .text                                    0x00002c38   Section        0  llshl.o(.text)
    .text                                    0x00002c58   Section        0  llsshr.o(.text)
    .text                                    0x00002c7e   Section        0  fscalb.o(.text)
    SVC_TABLE                                0x00002c98   Section        4  SVC_Table.o(SVC_TABLE)
    i.__0sprintf                             0x00002c9c   Section        0  printfa.o(i.__0sprintf)
    i.__ARM_clz                              0x00002cc4   Section        0  depilogue.o(i.__ARM_clz)
    i.__ARM_common_ll_muluu                  0x00002cf2   Section        0  rredf.o(i.__ARM_common_ll_muluu)
    i.__ARM_fpclassifyf                      0x00002d24   Section        0  fpclassifyf.o(i.__ARM_fpclassifyf)
    i.__mathlib_flt_infnan                   0x00002d46   Section        0  funder.o(i.__mathlib_flt_infnan)
    i.__mathlib_flt_invalid                  0x00002d50   Section        0  funder.o(i.__mathlib_flt_invalid)
    i.__mathlib_flt_underflow                0x00002d5c   Section        0  funder.o(i.__mathlib_flt_underflow)
    i.__mathlib_rredf2                       0x00002d6c   Section        0  rredf.o(i.__mathlib_rredf2)
    i.__scatterload_copy                     0x00002eec   Section       14  handlers.o(i.__scatterload_copy)
    i.__scatterload_null                     0x00002efa   Section        2  handlers.o(i.__scatterload_null)
    i.__scatterload_zeroinit                 0x00002efc   Section       14  handlers.o(i.__scatterload_zeroinit)
    i.__set_errno                            0x00002f0c   Section        0  errno.o(i.__set_errno)
    i._fp_digits                             0x00002f18   Section        0  printfa.o(i._fp_digits)
    _fp_digits                               0x00002f19   Thumb Code   316  printfa.o(i._fp_digits)
    i._init_box                              0x00003070   Section        0  rt_membox.o(i._init_box)
    i._printf_core                           0x000030b8   Section        0  printfa.o(i._printf_core)
    _printf_core                             0x000030b9   Thumb Code  1754  printfa.o(i._printf_core)
    i._printf_post_padding                   0x000037a4   Section        0  printfa.o(i._printf_post_padding)
    _printf_post_padding                     0x000037a5   Thumb Code    32  printfa.o(i._printf_post_padding)
    i._printf_pre_padding                    0x000037c4   Section        0  printfa.o(i._printf_pre_padding)
    _printf_pre_padding                      0x000037c5   Thumb Code    44  printfa.o(i._printf_pre_padding)
    i._sputc                                 0x000037f0   Section        0  printfa.o(i._sputc)
    _sputc                                   0x000037f1   Thumb Code    10  printfa.o(i._sputc)
    i.isr_evt_set                            0x000037fc   Section        0  rt_event.o(i.isr_evt_set)
    i.os_tick_init                           0x00003820   Section        0  rt_system.o(i.os_tick_init)
    i.os_tick_irqack                         0x0000384c   Section        0  rt_system.o(i.os_tick_irqack)
    i.rt_alloc_box                           0x0000384e   Section        0  rt_membox.o(i.rt_alloc_box)
    i.rt_block                               0x0000386c   Section        0  rt_task.o(i.rt_block)
    i.rt_dec_dly                             0x000038a4   Section        0  rt_list.o(i.rt_dec_dly)
    i.rt_dispatch                            0x0000391c   Section        0  rt_task.o(i.rt_dispatch)
    i.rt_evt_psh                             0x0000395c   Section        0  rt_event.o(i.rt_evt_psh)
    i.rt_evt_set                             0x000039a8   Section        0  rt_event.o(i.rt_evt_set)
    i.rt_evt_wait                            0x00003a04   Section        0  rt_event.o(i.rt_evt_wait)
    i.rt_free_box                            0x00003a44   Section        0  rt_membox.o(i.rt_free_box)
    i.rt_get_first                           0x00003a6a   Section        0  rt_list.o(i.rt_get_first)
    i.rt_init_context                        0x00003a94   Section        0  rt_task.o(i.rt_init_context)
    rt_init_context                          0x00003a95   Thumb Code    68  rt_task.o(i.rt_init_context)
    i.rt_init_stack                          0x00003adc   Section        0  hal_cm1.o(i.rt_init_stack)
    i.rt_itv_set                             0x00003b28   Section        0  rt_time.o(i.rt_itv_set)
    i.rt_itv_wait                            0x00003b40   Section        0  rt_time.o(i.rt_itv_wait)
    i.rt_mbx_psh                             0x00003b6c   Section        0  rt_mailbox.o(i.rt_mbx_psh)
    i.rt_mut_init                            0x00003c18   Section        0  rt_mutex.o(i.rt_mut_init)
    i.rt_mut_release                         0x00003c28   Section        0  rt_mutex.o(i.rt_mut_release)
    i.rt_mut_wait                            0x00003d0c   Section        0  rt_mutex.o(i.rt_mut_wait)
    i.rt_pop_req                             0x00003d7c   Section        0  rt_system.o(i.rt_pop_req)
    i.rt_psh_req                             0x00003dec   Section        0  rt_system.o(i.rt_psh_req)
    i.rt_psq_enq                             0x00003e0c   Section        0  rt_list.o(i.rt_psq_enq)
    i.rt_put_dly                             0x00003e4c   Section        0  rt_list.o(i.rt_put_dly)
    i.rt_put_prio                            0x00003e9c   Section        0  rt_list.o(i.rt_put_prio)
    i.rt_put_rdy_first                       0x00003ed8   Section        0  rt_list.o(i.rt_put_rdy_first)
    i.rt_resort_prio                         0x00003eec   Section        0  rt_list.o(i.rt_resort_prio)
    i.rt_rmv_dly                             0x00003f1c   Section        0  rt_list.o(i.rt_rmv_dly)
    i.rt_rmv_list                            0x00003f48   Section        0  rt_list.o(i.rt_rmv_list)
    i.rt_sem_psh                             0x00003f7c   Section        0  rt_semaphore.o(i.rt_sem_psh)
    i.rt_stk_check                           0x00003fb0   Section        0  rt_system.o(i.rt_stk_check)
    i.rt_switch_req                          0x00003fd8   Section        0  rt_task.o(i.rt_switch_req)
    i.rt_sys_init                            0x00003fe8   Section        0  rt_task.o(i.rt_sys_init)
    i.rt_systick                             0x00004120   Section        0  rt_system.o(i.rt_systick)
    i.rt_tmr_tick                            0x0000415c   Section        0  rt_timer.o(i.rt_tmr_tick)
    i.rt_tsk_create                          0x0000419c   Section        0  rt_task.o(i.rt_tsk_create)
    i.rt_tsk_delete                          0x00004218   Section        0  rt_task.o(i.rt_tsk_delete)
    i.sinf                                   0x00004358   Section        0  sinf.o(i.sinf)
    .constdata                               0x000044dc   Section     3360  region.o(.constdata)
    .constdata                               0x000051fc   Section        4  region.o(.constdata)
    .constdata                               0x00005200   Section     3831  lucida_12x19.o(.constdata)
    .constdata                               0x000060f8   Section        2  rtx_config.o(.constdata)
    .constdata                               0x000060fc   Section        4  rtx_config.o(.constdata)
    .constdata                               0x00006100   Section        4  rtx_config.o(.constdata)
    .constdata                               0x00006104   Section        1  rtx_config.o(.constdata)
    .constdata                               0x00006108   Section        8  rtx_config.o(.constdata)
    __tagsym$$used                           0x00006108   Number         0  rtx_config.o(.constdata)
    __tagsym$$used                           0x0000610c   Number         0  rtx_config.o(.constdata)
    .constdata                               0x00006110   Section        2  rtx_config.o(.constdata)
    .constdata                               0x00006114   Section        4  rtx_config.o(.constdata)
    .constdata                               0x00006118   Section        1  rtx_config.o(.constdata)
    .constdata                               0x0000611a   Section        2  rtx_config.o(.constdata)
    .constdata                               0x0000611c   Section        4  rt_system.o(.constdata)
    __tagsym$$used                           0x0000611c   Number         0  rt_system.o(.constdata)
    .constdata                               0x00006120   Section       32  rredf.o(.constdata)
    twooverpi                                0x00006120   Data          32  rredf.o(.constdata)
    .data                                    0x20000000   Section        4  system_mkl25z4.o(.data)
    .data                                    0x20000004   Section        4  timers.o(.data)
    .data                                    0x20000008   Section        4  profile.o(.data)
    .data                                    0x2000000c   Section        4  profile.o(.data)
    .data                                    0x20000010   Section        4  profile.o(.data)
    .data                                    0x20000014   Section        1  profile.o(.data)
    .data                                    0x20000018   Section        4  rtx_config.o(.data)
    .data                                    0x2000001c   Section       20  tasks.o(.data)
    .data                                    0x20000030   Section       12  dma.o(.data)
    .data                                    0x2000003c   Section       16  mma8451.o(.data)
    .data                                    0x2000004c   Section       40  tft_lcd.o(.data)
    xl                                       0x2000004e   Data           2  tft_lcd.o(.data)
    yu                                       0x20000050   Data           2  tft_lcd.o(.data)
    .data                                    0x20000074   Section       20  tft_text.o(.data)
    .data                                    0x20000088   Section        8  rt_task.o(.data)
    .data                                    0x20000090   Section        4  rt_time.o(.data)
    .data                                    0x20000094   Section        8  rt_system.o(.data)
    os_lock                                  0x20000094   Data           1  rt_system.o(.data)
    os_psh_flag                              0x20000095   Data           1  rt_system.o(.data)
    pend_flags                               0x20000096   Data           1  rt_system.o(.data)
    .data                                    0x2000009c   Section        8  rt_timer.o(.data)
    .data                                    0x200000a4   Section        4  errno.o(.data)
    _errno                                   0x200000a4   Data           4  errno.o(.data)
    .bss                                     0x200000a8   Section      420  region.o(.bss)
    .bss                                     0x2000024c   Section      404  rtx_config.o(.bss)
    .bss                                     0x200003e0   Section     1808  rtx_config.o(.bss)
    .bss                                     0x20000af0   Section      132  rtx_config.o(.bss)
    .bss                                     0x20000b74   Section       28  rtx_config.o(.bss)
    .bss                                     0x20000b90   Section     1312  sound.o(.bss)
    .bss                                     0x200010b0   Section      528  tasks.o(.bss)
    .bss                                     0x200012c0   Section       56  rt_task.o(.bss)
    .bss                                     0x200012f8   Section       48  rt_list.o(.bss)
    STACK                                    0x20001328   Section     2048  startup_mkl25z4.o(STACK)

    Global Symbols

    Symbol Name                              Value     Ov Type        Size  Object(Section)

    BuildAttributes$$THM_ISAv3M$S$PE$A:L22$X:L11$S22$IEEE1$IW$USESV6$~STKCKD$USESV7$~SHL$OTIME$ROPI$IEEEX$EBA8$MICROLIB$REQ8$PRES8$EABIv2 0x00000000   Number         0  anon$$obj.o ABSOLUTE
    __ARM_use_no_argv                        0x00000000   Number         0  main.o ABSOLUTE
    __Vectors                                0x00000000   Data           4  startup_mkl25z4.o(RESET)
    _printf_a                                0x00000000   Number         0  stubs.o ABSOLUTE
    _printf_c                                0x00000000   Number         0  stubs.o ABSOLUTE
    _printf_charcount                        0x00000000   Number         0  stubs.o ABSOLUTE
    _printf_d                                0x00000000   Number         0  stubs.o ABSOLUTE
    _printf_e                                0x00000000   Number         0  stubs.o ABSOLUTE
    _printf_f                                0x00000000   Number         0  stubs.o ABSOLUTE
    _printf_flags                            0x00000000   Number         0  stubs.o ABSOLUTE
    _printf_fp_dec                           0x00000000   Number         0  stubs.o ABSOLUTE
    _printf_fp_hex                           0x00000000   Number         0  stubs.o ABSOLUTE
    _printf_g                                0x00000000   Number         0  stubs.o ABSOLUTE
    _printf_i                                0x00000000   Number         0  stubs.o ABSOLUTE
    _printf_int_dec                          0x00000000   Number         0  stubs.o ABSOLUTE
    _printf_l                                0x00000000   Number         0  stubs.o ABSOLUTE
    _printf_lc                               0x00000000   Number         0  stubs.o ABSOLUTE
    _printf_ll                               0x00000000   Number         0  stubs.o ABSOLUTE
    _printf_lld                              0x00000000   Number         0  stubs.o ABSOLUTE
    _printf_lli                              0x00000000   Number         0  stubs.o ABSOLUTE
    _printf_llo                              0x00000000   Number         0  stubs.o ABSOLUTE
    _printf_llu                              0x00000000   Number         0  stubs.o ABSOLUTE
    _printf_llx                              0x00000000   Number         0  stubs.o ABSOLUTE
    _printf_longlong_dec                     0x00000000   Number         0  stubs.o ABSOLUTE
    _printf_longlong_hex                     0x00000000   Number         0  stubs.o ABSOLUTE
    _printf_longlong_oct                     0x00000000   Number         0  stubs.o ABSOLUTE
    _printf_ls                               0x00000000   Number         0  stubs.o ABSOLUTE
    _printf_mbtowc                           0x00000000   Number         0  stubs.o ABSOLUTE
    _printf_n                                0x00000000   Number         0  stubs.o ABSOLUTE
    _printf_o                                0x00000000   Number         0  stubs.o ABSOLUTE
    _printf_p                                0x00000000   Number         0  stubs.o ABSOLUTE
    _printf_percent                          0x00000000   Number         0  stubs.o ABSOLUTE
    _printf_pre_padding                      0x00000000   Number         0  stubs.o ABSOLUTE
    _printf_return_value                     0x00000000   Number         0  stubs.o ABSOLUTE
    _printf_s                                0x00000000   Number         0  stubs.o ABSOLUTE
    _printf_sizespec                         0x00000000   Number         0  stubs.o ABSOLUTE
    _printf_str                              0x00000000   Number         0  stubs.o ABSOLUTE
    _printf_truncate_signed                  0x00000000   Number         0  stubs.o ABSOLUTE
    _printf_truncate_unsigned                0x00000000   Number         0  stubs.o ABSOLUTE
    _printf_u                                0x00000000   Number         0  stubs.o ABSOLUTE
    _printf_wc                               0x00000000   Number         0  stubs.o ABSOLUTE
    _printf_wctomb                           0x00000000   Number         0  stubs.o ABSOLUTE
    _printf_widthprec                        0x00000000   Number         0  stubs.o ABSOLUTE
    _printf_x                                0x00000000   Number         0  stubs.o ABSOLUTE
    __cpp_initialize__aeabi_                  - Undefined Weak Reference
    __cxa_finalize                            - Undefined Weak Reference
    __decompress                              - Undefined Weak Reference
    _clock_init                               - Undefined Weak Reference
    _microlib_exit                            - Undefined Weak Reference
    __Vectors_End                            0x000000c0   Data           0  startup_mkl25z4.o(RESET)
    __Vectors_Size                           0x000000c0   Number         0  startup_mkl25z4.o ABSOLUTE
    __main                                   0x000000c1   Thumb Code     0  entry.o(.ARM.Collect$$$$00000000)
    _main_stk                                0x000000c1   Thumb Code     0  entry2.o(.ARM.Collect$$$$00000001)
    _main_scatterload                        0x000000c5   Thumb Code     0  entry5.o(.ARM.Collect$$$$00000004)
    __main_after_scatterload                 0x000000c9   Thumb Code     0  entry5.o(.ARM.Collect$$$$00000004)
    _main_clock                              0x000000c9   Thumb Code     0  entry7b.o(.ARM.Collect$$$$00000008)
    _main_cpp_init                           0x000000c9   Thumb Code     0  entry8b.o(.ARM.Collect$$$$0000000A)
    _main_init                               0x000000c9   Thumb Code     0  entry9a.o(.ARM.Collect$$$$0000000B)
    __rt_final_cpp                           0x000000d1   Thumb Code     0  entry10a.o(.ARM.Collect$$$$0000000D)
    __rt_final_exit                          0x000000d1   Thumb Code     0  entry11a.o(.ARM.Collect$$$$0000000F)
    rt_set_PSP                               0x000000d5   Thumb Code     6  hal_cm1.o(.emb_text)
    rt_get_PSP                               0x000000db   Thumb Code     6  hal_cm1.o(.emb_text)
    os_set_env                               0x000000e1   Thumb Code    32  hal_cm1.o(.emb_text)
    _alloc_box                               0x00000105   Thumb Code    28  hal_cm1.o(.emb_text)
    _free_box                                0x00000125   Thumb Code    28  hal_cm1.o(.emb_text)
    SVC_Handler                              0x00000145   Thumb Code   152  hal_cm1.o(.emb_text)
    PendSV_Handler                           0x000001e9   Thumb Code    92  hal_cm1.o(.emb_text)
    SysTick_Handler                          0x00000249   Thumb Code     8  hal_cm1.o(.emb_text)
    OS_Tick_Handler                          0x00000251   Thumb Code    12  hal_cm1.o(.emb_text)
    SystemInit                               0x0000025d   Thumb Code   120  system_mkl25z4.o(.text)
    SystemCoreClockUpdate                    0x000002d5   Thumb Code   224  system_mkl25z4.o(.text)
    os_idle_demon                            0x000003e9   Thumb Code     2  rtx_config.o(.text)
    os_tmr_call                              0x000003eb   Thumb Code     2  rtx_config.o(.text)
    os_error                                 0x000003ed   Thumb Code     2  rtx_config.o(.text)
    rt_init_robin                            0x000003ef   Thumb Code     2  rtx_config.o(.text)
    rt_chk_robin                             0x000003f1   Thumb Code     2  rtx_config.o(.text)
    __I$use$fp                               0x000003f3   Thumb Code     0  iusefp.o(.text)
    __aeabi_ui2f                             0x000003f3   Thumb Code    14  ffltui.o(.text)
    Reset_Handler                            0x00000411   Thumb Code     8  startup_mkl25z4.o(.text)
    NMI_Handler                              0x00000419   Thumb Code     2  startup_mkl25z4.o(.text)
    HardFault_Handler                        0x0000041b   Thumb Code     2  startup_mkl25z4.o(.text)
    ADC0_IRQHandler                          0x00000423   Thumb Code     0  startup_mkl25z4.o(.text)
    CMP0_IRQHandler                          0x00000423   Thumb Code     0  startup_mkl25z4.o(.text)
    DAC0_IRQHandler                          0x00000423   Thumb Code     0  startup_mkl25z4.o(.text)
    DMA1_IRQHandler                          0x00000423   Thumb Code     0  startup_mkl25z4.o(.text)
    DMA2_IRQHandler                          0x00000423   Thumb Code     0  startup_mkl25z4.o(.text)
    DMA3_IRQHandler                          0x00000423   Thumb Code     0  startup_mkl25z4.o(.text)
    DefaultISR                               0x00000423   Thumb Code     0  startup_mkl25z4.o(.text)
    FTFA_IRQHandler                          0x00000423   Thumb Code     0  startup_mkl25z4.o(.text)
    I2C0_IRQHandler                          0x00000423   Thumb Code     0  startup_mkl25z4.o(.text)
    I2C1_IRQHandler                          0x00000423   Thumb Code     0  startup_mkl25z4.o(.text)
    LLW_IRQHandler                           0x00000423   Thumb Code     0  startup_mkl25z4.o(.text)
    LPTimer_IRQHandler                       0x00000423   Thumb Code     0  startup_mkl25z4.o(.text)
    LVD_LVW_IRQHandler                       0x00000423   Thumb Code     0  startup_mkl25z4.o(.text)
    MCG_IRQHandler                           0x00000423   Thumb Code     0  startup_mkl25z4.o(.text)
    PORTA_IRQHandler                         0x00000423   Thumb Code     0  startup_mkl25z4.o(.text)
    PORTD_IRQHandler                         0x00000423   Thumb Code     0  startup_mkl25z4.o(.text)
    RTC_IRQHandler                           0x00000423   Thumb Code     0  startup_mkl25z4.o(.text)
    RTC_Seconds_IRQHandler                   0x00000423   Thumb Code     0  startup_mkl25z4.o(.text)
    Reserved20_IRQHandler                    0x00000423   Thumb Code     0  startup_mkl25z4.o(.text)
    Reserved39_IRQHandler                    0x00000423   Thumb Code     0  startup_mkl25z4.o(.text)
    Reserved45_IRQHandler                    0x00000423   Thumb Code     0  startup_mkl25z4.o(.text)
    SPI0_IRQHandler                          0x00000423   Thumb Code     0  startup_mkl25z4.o(.text)
    SPI1_IRQHandler                          0x00000423   Thumb Code     0  startup_mkl25z4.o(.text)
    TPM1_IRQHandler                          0x00000423   Thumb Code     0  startup_mkl25z4.o(.text)
    TPM2_IRQHandler                          0x00000423   Thumb Code     0  startup_mkl25z4.o(.text)
    TSI0_IRQHandler                          0x00000423   Thumb Code     0  startup_mkl25z4.o(.text)
    UART0_IRQHandler                         0x00000423   Thumb Code     0  startup_mkl25z4.o(.text)
    UART1_IRQHandler                         0x00000423   Thumb Code     0  startup_mkl25z4.o(.text)
    UART2_IRQHandler                         0x00000423   Thumb Code     0  startup_mkl25z4.o(.text)
    USB0_IRQHandler                          0x00000423   Thumb Code     0  startup_mkl25z4.o(.text)
    main                                     0x0000042d   Thumb Code   108  main.o(.text)
    __RL_RTX_VER                             0x00000473   Number         0  rt_system.o ABSOLUTE
    Init_RGB_LEDs                            0x000004c1   Thumb Code    82  leds.o(.text)
    Control_RGB_LEDs                         0x00000513   Thumb Code    52  leds.o(.text)
    PIT_IRQHandler                           0x0000055d   Thumb Code   138  timers.o(.text)
    PIT_Init                                 0x000005e7   Thumb Code    76  timers.o(.text)
    PIT_Start                                0x00000633   Thumb Code    12  timers.o(.text)
    PIT_Stop                                 0x0000063f   Thumb Code    12  timers.o(.text)
    Init_PWM                                 0x0000064b   Thumb Code   122  timers.o(.text)
    Old_Init_PWM                             0x000006c5   Thumb Code    64  timers.o(.text)
    PWM_Set_Value                            0x00000705   Thumb Code     8  timers.o(.text)
    TPM0_Init                                0x0000070d   Thumb Code    22  timers.o(.text)
    Configure_TPM0_for_DMA                   0x00000723   Thumb Code    20  timers.o(.text)
    TPM0_Start                               0x00000737   Thumb Code    12  timers.o(.text)
    TPM0_IRQHandler                          0x00000743   Thumb Code    20  timers.o(.text)
    Delay                                    0x000007b1   Thumb Code    20  delay.o(.text)
    ShortDelay                               0x000007c5   Thumb Code    16  delay.o(.text)
    DAC_Init                                 0x000007d9   Thumb Code    48  sound.o(.text)
    Play_Sound_Sample                        0x00000809   Thumb Code    12  sound.o(.text)
    SineTable_Init                           0x00000815   Thumb Code    76  sound.o(.text)
    Init_Waveform                            0x00000861   Thumb Code    20  sound.o(.text)
    Init_Voices                              0x00000875   Thumb Code    66  sound.o(.text)
    Sound_Init                               0x000008b7   Thumb Code   254  sound.o(.text)
    Sound_Enable_Amp                         0x000009b5   Thumb Code    10  sound.o(.text)
    Sound_Disable_Amp                        0x000009bf   Thumb Code    10  sound.o(.text)
    Play_Tone                                0x000009c9   Thumb Code    94  sound.o(.text)
    Sound_Generate_Next_Sample               0x00000a27   Thumb Code   110  sound.o(.text)
    Play_Waveform_with_DMA                   0x00000a95   Thumb Code    18  sound.o(.text)
    Task_Sound_Manager                       0x00000aa7   Thumb Code   260  sound.o(.text)
    Task_Refill_Sound_Buffer                 0x00000bab   Thumb Code   372  sound.o(.text)
    Init_Debug_Signals                       0x00000d41   Thumb Code   134  tasks.o(.text)
    Task_Update_Screen                       0x00000dc7   Thumb Code   160  tasks.o(.text)
    Task_Read_Accelerometer                  0x00000e67   Thumb Code   132  tasks.o(.text)
    Task_Read_TS                             0x00000eeb   Thumb Code   184  tasks.o(.text)
    Task_Init                                0x00000fa3   Thumb Code    90  tasks.o(.text)
    i2c_init                                 0x00001085   Thumb Code    60  i2c.o(.text)
    i2c_wait                                 0x000010c1   Thumb Code    18  i2c.o(.text)
    i2c_start                                0x000010d3   Thumb Code    20  i2c.o(.text)
    i2c_read_setup                           0x000010e7   Thumb Code    48  i2c.o(.text)
    i2c_repeated_read                        0x00001117   Thumb Code    48  i2c.o(.text)
    i2c_read_byte                            0x00001147   Thumb Code    88  i2c.o(.text)
    i2c_write_byte                           0x0000119f   Thumb Code    52  i2c.o(.text)
    DMA_Init                                 0x000011e1   Thumb Code    22  dma.o(.text)
    Configure_DMA_For_Playback               0x000011f7   Thumb Code    52  dma.o(.text)
    Start_DMA_Playback                       0x0000122b   Thumb Code    52  dma.o(.text)
    DMA0_IRQHandler                          0x0000125f   Thumb Code    82  dma.o(.text)
    init_mma                                 0x000012e1   Thumb Code    54  mma8451.o(.text)
    read_full_xyz                            0x00001317   Thumb Code    82  mma8451.o(.text)
    read_xyz                                 0x00001369   Thumb Code    54  mma8451.o(.text)
    approx_sqrtf                             0x0000139f   Thumb Code    20  mma8451.o(.text)
    approx_atan2f                            0x000013b3   Thumb Code   210  mma8451.o(.text)
    convert_xyz_to_roll_pitch                0x00001485   Thumb Code    98  mma8451.o(.text)
    TFT_Draw_Line                            0x00001509   Thumb Code   564  tft_graphics.o(.text)
    Graphics_Test                            0x0000173d   Thumb Code   156  tft_graphics.o(.text)
    TFT_GPIO_Init                            0x000017d9   Thumb Code   294  tft_lcd.o(.text)
    TFT_Init_Backlight                       0x000018ff   Thumb Code     8  tft_lcd.o(.text)
    TFT_Set_Backlight_Brightness             0x00001907   Thumb Code    38  tft_lcd.o(.text)
    TFT_24S_Write_Command                    0x0000192d   Thumb Code    36  tft_lcd.o(.text)
    TFT_24S_Write_Data                       0x00001951   Thumb Code    36  tft_lcd.o(.text)
    Init_ADC                                 0x00001975   Thumb Code    24  tft_lcd.o(.text)
    TFT_TS_Init                              0x0000198d   Thumb Code    24  tft_lcd.o(.text)
    TFT_Init                                 0x000019a5   Thumb Code   436  tft_lcd.o(.text)
    TFT_Plot_Pixel                           0x00001b59   Thumb Code   152  tft_lcd.o(.text)
    TFT_Fill_Buffer                          0x00001bf1   Thumb Code   130  tft_lcd.o(.text)
    TFT_Fill_Rectangle                       0x00001c73   Thumb Code   200  tft_lcd.o(.text)
    TFT_Start_Rectangle                      0x00001d3b   Thumb Code   150  tft_lcd.o(.text)
    TFT_Write_Rectangle_Pixel                0x00001dd1   Thumb Code    50  tft_lcd.o(.text)
    TFT_Set_BL                               0x00001e03   Thumb Code    28  tft_lcd.o(.text)
    TFT_Set_Brightness                       0x00001e1f   Thumb Code    18  tft_lcd.o(.text)
    TFT_TS_Read                              0x00001e31   Thumb Code   370  tft_lcd.o(.text)
    TFT_TS_Test                              0x00001fa3   Thumb Code   116  tft_lcd.o(.text)
    TFT_TS_Calibrate                         0x00002017   Thumb Code   234  tft_lcd.o(.text)
    TFT_Text_Set_Colors                      0x00002161   Thumb Code    30  tft_text.o(.text)
    TFT_Erase                                0x0000217f   Thumb Code    10  tft_text.o(.text)
    TFT_Text_Init                            0x00002189   Thumb Code    42  tft_text.o(.text)
    TFT_Text_PrintChar                       0x000021b3   Thumb Code   414  tft_text.o(.text)
    TFT_Text_PrintStr                        0x00002351   Thumb Code    40  tft_text.o(.text)
    TFT_Text_PrintStr_RC                     0x00002379   Thumb Code    54  tft_text.o(.text)
    __aeabi_uidiv                            0x000023c1   Thumb Code     0  uidiv.o(.text)
    __aeabi_uidivmod                         0x000023c1   Thumb Code    44  uidiv.o(.text)
    __aeabi_idiv                             0x000023ed   Thumb Code     0  idiv.o(.text)
    __aeabi_idivmod                          0x000023ed   Thumb Code    40  idiv.o(.text)
    __aeabi_fadd                             0x00002415   Thumb Code   162  fadd.o(.text)
    __aeabi_fsub                             0x000024b7   Thumb Code     8  fadd.o(.text)
    __aeabi_frsub                            0x000024bf   Thumb Code     8  fadd.o(.text)
    __aeabi_fmul                             0x000024c7   Thumb Code   122  fmul.o(.text)
    __aeabi_fdiv                             0x00002541   Thumb Code   124  fdiv.o(.text)
    __aeabi_ddiv                             0x000025bd   Thumb Code   234  ddiv.o(.text)
    __aeabi_i2f                              0x000026ad   Thumb Code    22  fflti.o(.text)
    __aeabi_ui2d                             0x000026c5   Thumb Code    24  dfltui.o(.text)
    __aeabi_f2iz                             0x000026e1   Thumb Code    50  ffixi.o(.text)
    __aeabi_d2uiz                            0x00002715   Thumb Code    50  dfixui.o(.text)
    __aeabi_f2d                              0x00002751   Thumb Code    40  f2d.o(.text)
    __aeabi_uldivmod                         0x00002779   Thumb Code    96  uldiv.o(.text)
    __aeabi_llsr                             0x000027d9   Thumb Code    34  llushr.o(.text)
    _ll_ushift_r                             0x000027d9   Thumb Code     0  llushr.o(.text)
    _float_round                             0x000027fb   Thumb Code    16  fepilogue.o(.text)
    _float_epilogue                          0x0000280b   Thumb Code   114  fepilogue.o(.text)
    _frnd                                    0x0000287d   Thumb Code    62  frnd.o(.text)
    _double_round                            0x000028bb   Thumb Code    26  depilogue.o(.text)
    _double_epilogue                         0x000028d5   Thumb Code   164  depilogue.o(.text)
    __aeabi_dadd                             0x00002979   Thumb Code   328  dadd.o(.text)
    __aeabi_dsub                             0x00002ac1   Thumb Code    12  dadd.o(.text)
    __aeabi_drsub                            0x00002acd   Thumb Code    12  dadd.o(.text)
    __aeabi_dmul                             0x00002add   Thumb Code   202  dmul.o(.text)
    __aeabi_d2ulz                            0x00002bad   Thumb Code    54  dfixul.o(.text)
    __aeabi_cdrcmple                         0x00002bed   Thumb Code    38  cdrcmple.o(.text)
    __scatterload                            0x00002c15   Thumb Code    28  init.o(.text)
    __scatterload_rt2                        0x00002c15   Thumb Code     0  init.o(.text)
    __aeabi_llsl                             0x00002c39   Thumb Code    32  llshl.o(.text)
    _ll_shift_l                              0x00002c39   Thumb Code     0  llshl.o(.text)
    __aeabi_lasr                             0x00002c59   Thumb Code    38  llsshr.o(.text)
    _ll_sshift_r                             0x00002c59   Thumb Code     0  llsshr.o(.text)
    __ARM_scalbnf                            0x00002c7f   Thumb Code    24  fscalb.o(.text)
    scalbnf                                  0x00002c7f   Thumb Code     0  fscalb.o(.text)
    SVC_Count                                0x00002c98   Data           4  SVC_Table.o(SVC_TABLE)
    SVC_Table                                0x00002c9c   Data           0  SVC_Table.o(SVC_TABLE)
    __0sprintf                               0x00002c9d   Thumb Code    36  printfa.o(i.__0sprintf)
    __1sprintf                               0x00002c9d   Thumb Code     0  printfa.o(i.__0sprintf)
    __2sprintf                               0x00002c9d   Thumb Code     0  printfa.o(i.__0sprintf)
    __c89sprintf                             0x00002c9d   Thumb Code     0  printfa.o(i.__0sprintf)
    sprintf                                  0x00002c9d   Thumb Code     0  printfa.o(i.__0sprintf)
    __ARM_clz                                0x00002cc5   Thumb Code    46  depilogue.o(i.__ARM_clz)
    __ARM_common_ll_muluu                    0x00002cf3   Thumb Code    50  rredf.o(i.__ARM_common_ll_muluu)
    __ARM_fpclassifyf                        0x00002d25   Thumb Code    34  fpclassifyf.o(i.__ARM_fpclassifyf)
    __mathlib_flt_infnan                     0x00002d47   Thumb Code    10  funder.o(i.__mathlib_flt_infnan)
    __mathlib_flt_invalid                    0x00002d51   Thumb Code    12  funder.o(i.__mathlib_flt_invalid)
    __mathlib_flt_underflow                  0x00002d5d   Thumb Code    14  funder.o(i.__mathlib_flt_underflow)
    __mathlib_rredf2                         0x00002d6d   Thumb Code   366  rredf.o(i.__mathlib_rredf2)
    __scatterload_copy                       0x00002eed   Thumb Code    14  handlers.o(i.__scatterload_copy)
    __scatterload_null                       0x00002efb   Thumb Code     2  handlers.o(i.__scatterload_null)
    __scatterload_zeroinit                   0x00002efd   Thumb Code    14  handlers.o(i.__scatterload_zeroinit)
    __set_errno                              0x00002f0d   Thumb Code     6  errno.o(i.__set_errno)
    _init_box                                0x00003071   Thumb Code    72  rt_membox.o(i._init_box)
    isr_evt_set                              0x000037fd   Thumb Code    30  rt_event.o(i.isr_evt_set)
    os_tick_init                             0x00003821   Thumb Code    32  rt_system.o(i.os_tick_init)
    os_tick_irqack                           0x0000384d   Thumb Code     2  rt_system.o(i.os_tick_irqack)
    rt_alloc_box                             0x0000384f   Thumb Code    30  rt_membox.o(i.rt_alloc_box)
    rt_block                                 0x0000386d   Thumb Code    42  rt_task.o(i.rt_block)
    rt_dec_dly                               0x000038a5   Thumb Code   112  rt_list.o(i.rt_dec_dly)
    rt_dispatch                              0x0000391d   Thumb Code    56  rt_task.o(i.rt_dispatch)
    rt_evt_psh                               0x0000395d   Thumb Code    70  rt_event.o(i.rt_evt_psh)
    rt_evt_set                               0x000039a9   Thumb Code    88  rt_event.o(i.rt_evt_set)
    rt_evt_wait                              0x00003a05   Thumb Code    58  rt_event.o(i.rt_evt_wait)
    rt_free_box                              0x00003a45   Thumb Code    38  rt_membox.o(i.rt_free_box)
    rt_get_first                             0x00003a6b   Thumb Code    42  rt_list.o(i.rt_get_first)
    rt_init_stack                            0x00003add   Thumb Code    68  hal_cm1.o(i.rt_init_stack)
    rt_itv_set                               0x00003b29   Thumb Code    16  rt_time.o(i.rt_itv_set)
    rt_itv_wait                              0x00003b41   Thumb Code    34  rt_time.o(i.rt_itv_wait)
    rt_mbx_psh                               0x00003b6d   Thumb Code   168  rt_mailbox.o(i.rt_mbx_psh)
    rt_mut_init                              0x00003c19   Thumb Code    16  rt_mutex.o(i.rt_mut_init)
    rt_mut_release                           0x00003c29   Thumb Code   218  rt_mutex.o(i.rt_mut_release)
    rt_mut_wait                              0x00003d0d   Thumb Code   106  rt_mutex.o(i.rt_mut_wait)
    rt_pop_req                               0x00003d7d   Thumb Code   100  rt_system.o(i.rt_pop_req)
    rt_psh_req                               0x00003ded   Thumb Code    24  rt_system.o(i.rt_psh_req)
    rt_psq_enq                               0x00003e0d   Thumb Code    60  rt_list.o(i.rt_psq_enq)
    rt_put_dly                               0x00003e4d   Thumb Code    74  rt_list.o(i.rt_put_dly)
    rt_put_prio                              0x00003e9d   Thumb Code    60  rt_list.o(i.rt_put_prio)
    rt_put_rdy_first                         0x00003ed9   Thumb Code    14  rt_list.o(i.rt_put_rdy_first)
    rt_resort_prio                           0x00003eed   Thumb Code    44  rt_list.o(i.rt_resort_prio)
    rt_rmv_dly                               0x00003f1d   Thumb Code    42  rt_list.o(i.rt_rmv_dly)
    rt_rmv_list                              0x00003f49   Thumb Code    46  rt_list.o(i.rt_rmv_list)
    rt_sem_psh                               0x00003f7d   Thumb Code    46  rt_semaphore.o(i.rt_sem_psh)
    rt_stk_check                             0x00003fb1   Thumb Code    30  rt_system.o(i.rt_stk_check)
    rt_switch_req                            0x00003fd9   Thumb Code    10  rt_task.o(i.rt_switch_req)
    rt_sys_init                              0x00003fe9   Thumb Code   230  rt_task.o(i.rt_sys_init)
    rt_systick                               0x00004121   Thumb Code    48  rt_system.o(i.rt_systick)
    rt_tmr_tick                              0x0000415d   Thumb Code    56  rt_timer.o(i.rt_tmr_tick)
    rt_tsk_create                            0x0000419d   Thumb Code   108  rt_task.o(i.rt_tsk_create)
    rt_tsk_delete                            0x00004219   Thumb Code   294  rt_task.o(i.rt_tsk_delete)
    sinf                                     0x00004359   Thumb Code   330  sinf.o(i.sinf)
    RegionTable                              0x000044dc   Data        3360  region.o(.constdata)
    NumProfileRegions                        0x000051fc   Data           4  region.o(.constdata)
    Lucida_Console12x19                      0x00005200   Data        3831  lucida_12x19.o(.constdata)
    os_maxtaskrun                            0x000060f8   Data           2  rtx_config.o(.constdata)
    os_stackinfo                             0x000060fc   Data           4  rtx_config.o(.constdata)
    os_trv                                   0x00006100   Data           4  rtx_config.o(.constdata)
    os_flags                                 0x00006104   Data           1  rtx_config.o(.constdata)
    os_clockrate                             0x00006108   Data           4  rtx_config.o(.constdata)
    os_timernum                              0x0000610c   Data           4  rtx_config.o(.constdata)
    mp_tcb_size                              0x00006110   Data           2  rtx_config.o(.constdata)
    mp_stk_size                              0x00006114   Data           4  rtx_config.o(.constdata)
    os_fifo_size                             0x00006118   Data           1  rtx_config.o(.constdata)
    mp_tmr_size                              0x0000611a   Data           2  rtx_config.o(.constdata)
    RL_RTX_Version                           0x0000611c   Data           4  rt_system.o(.constdata)
    Region$$Table$$Base                      0x00006140   Number         0  anon$$obj.o(Region$$Table)
    Region$$Table$$Limit                     0x00006160   Number         0  anon$$obj.o(Region$$Table)
    SystemCoreClock                          0x20000000   Data           4  system_mkl25z4.o(.data)
    PC_val                                   0x20000004   Data           4  timers.o(.data)
    adx_lost                                 0x20000008   Data           4  profile.o(.data)
    num_lost                                 0x2000000c   Data           4  profile.o(.data)
    profile_ticks                            0x20000010   Data           4  profile.o(.data)
    profiling_enabled                        0x20000014   Data           1  profile.o(.data)
    m_tmr                                    0x20000018   Data           4  rtx_config.o(.data)
    t_Read_TS                                0x2000001c   Data           4  tasks.o(.data)
    t_Read_Accelerometer                     0x20000020   Data           4  tasks.o(.data)
    t_Sound_Manager                          0x20000024   Data           4  tasks.o(.data)
    t_US                                     0x20000028   Data           4  tasks.o(.data)
    t_Refill_Sound_Buffer                    0x2000002c   Data           4  tasks.o(.data)
    Reload_DMA_Source                        0x20000030   Data           4  dma.o(.data)
    Reload_DMA_Byte_Count                    0x20000034   Data           4  dma.o(.data)
    DMA_Playback_Count                       0x20000038   Data           4  dma.o(.data)
    acc_X                                    0x2000003c   Data           2  mma8451.o(.data)
    acc_Y                                    0x2000003e   Data           2  mma8451.o(.data)
    acc_Z                                    0x20000040   Data           2  mma8451.o(.data)
    roll                                     0x20000044   Data           4  mma8451.o(.data)
    pitch                                    0x20000048   Data           4  mma8451.o(.data)
    TFT_TS_Calibrated                        0x2000004c   Data           1  tft_lcd.o(.data)
    TFT_TS_X_Scale                           0x20000054   Data           4  tft_lcd.o(.data)
    TFT_TS_X_Offset                          0x20000058   Data           4  tft_lcd.o(.data)
    TFT_TS_Y_Scale                           0x2000005c   Data           4  tft_lcd.o(.data)
    TFT_TS_Y_Offset                          0x20000060   Data           4  tft_lcd.o(.data)
    TS_Min                                   0x20000064   Data           8  tft_lcd.o(.data)
    TS_Max                                   0x2000006c   Data           8  tft_lcd.o(.data)
    G_TFT_char_width                         0x20000074   Data           1  tft_text.o(.data)
    G_TFT_char_height                        0x20000075   Data           1  tft_text.o(.data)
    fg                                       0x20000076   Data           3  tft_text.o(.data)
    bg                                       0x20000079   Data           3  tft_text.o(.data)
    font                                     0x2000007c   Data           4  tft_text.o(.data)
    font_header                              0x20000080   Data           4  tft_text.o(.data)
    glyph_index                              0x20000084   Data           4  tft_text.o(.data)
    os_tsk                                   0x20000088   Data           8  rt_task.o(.data)
    os_time                                  0x20000090   Data           4  rt_time.o(.data)
    os_tick_irqn                             0x20000098   Data           4  rt_system.o(.data)
    os_tmr                                   0x2000009c   Data           8  rt_timer.o(.data)
    RegionCount                              0x200000a8   Data         420  region.o(.bss)
    mp_tcb                                   0x2000024c   Data         404  rtx_config.o(.bss)
    mp_stk                                   0x200003e0   Data        1808  rtx_config.o(.bss)
    os_fifo                                  0x20000af0   Data         132  rtx_config.o(.bss)
    os_active_TCB                            0x20000b74   Data          28  rtx_config.o(.bss)
    SineTable                                0x20000b90   Data         128  sound.o(.bss)
    Waveform                                 0x20000c10   Data        1024  sound.o(.bss)
    Voice                                    0x20001010   Data         160  sound.o(.bss)
    RA_Stack                                 0x200010b0   Data         512  tasks.o(.bss)
    LCD_mutex                                0x200012b0   Data          16  tasks.o(.bss)
    os_idle_TCB                              0x200012c0   Data          56  rt_task.o(.bss)
    os_rdy                                   0x200012f8   Data          24  rt_list.o(.bss)
    os_dly                                   0x20001310   Data          24  rt_list.o(.bss)
    __initial_sp                             0x20001b28   Data           0  startup_mkl25z4.o(STACK)



==============================================================================

Memory Map of the image

  Image Entry point : 0x000000c1

  Load Region LR_IROM1 (Base: 0x00000000, Size: 0x00006208, Max: 0x00020000, ABSOLUTE)

    Execution Region ER_IROM1 (Base: 0x00000000, Size: 0x00006160, Max: 0x00020000, ABSOLUTE)

    Base Addr    Size         Type   Attr      Idx    E Section Name        Object

    0x00000000   0x000000c0   Data   RO           47    RESET               startup_mkl25z4.o
    0x000000c0   0x00000000   Code   RO         1070  * .ARM.Collect$$$$00000000  mc_p.l(entry.o)
    0x000000c0   0x00000004   Code   RO         1377    .ARM.Collect$$$$00000001  mc_p.l(entry2.o)
    0x000000c4   0x00000004   Code   RO         1380    .ARM.Collect$$$$00000004  mc_p.l(entry5.o)
    0x000000c8   0x00000000   Code   RO         1382    .ARM.Collect$$$$00000008  mc_p.l(entry7b.o)
    0x000000c8   0x00000000   Code   RO         1384    .ARM.Collect$$$$0000000A  mc_p.l(entry8b.o)
    0x000000c8   0x00000008   Code   RO         1385    .ARM.Collect$$$$0000000B  mc_p.l(entry9a.o)
    0x000000d0   0x00000000   Code   RO         1387    .ARM.Collect$$$$0000000D  mc_p.l(entry10a.o)
    0x000000d0   0x00000000   Code   RO         1389    .ARM.Collect$$$$0000000F  mc_p.l(entry11a.o)
    0x000000d0   0x00000004   Code   RO         1378    .ARM.Collect$$$$00002712  mc_p.l(entry2.o)
    0x000000d4   0x00000188   Code   RO          713    .emb_text           RTX_CM1.LIB(hal_cm1.o)
    0x0000025c   0x0000018c   Code   RO            3    .text               system_mkl25z4.o
    0x000003e8   0x0000000a   Code   RO          288    .text               rtx_config.o
    0x000003f2   0x00000000   Code   RO         1405    .text               mc_p.l(iusefp.o)
    0x000003f2   0x0000000e   Code   RO         1432    .text               mf_p.l(ffltui.o)
    0x00000400   0x00000010   Code   RO           48    .ARM.__at_0x400     startup_mkl25z4.o
    0x00000410   0x0000001c   Code   RO           49    .text               startup_mkl25z4.o
    0x0000042c   0x00000094   Code   RO           57    .text               main.o
    0x000004c0   0x0000009c   Code   RO          139    .text               leds.o
    0x0000055c   0x00000254   Code   RO          159    .text               timers.o
    0x000007b0   0x00000028   Code   RO          192    .text               delay.o
    0x000007d8   0x00000568   Code   RO          325    .text               sound.o
    0x00000d40   0x00000344   Code   RO          353    .text               tasks.o
    0x00001084   0x0000015c   Code   RO          385    .text               i2c.o
    0x000011e0   0x00000100   Code   RO          405    .text               dma.o
    0x000012e0   0x00000228   Code   RO          429    .text               mma8451.o
    0x00001508   0x000002d0   Code   RO          454    .text               tft_graphics.o
    0x000017d8   0x00000988   Code   RO          468    .text               tft_lcd.o
    0x00002160   0x00000260   Code   RO          490    .text               tft_text.o
    0x000023c0   0x0000002c   Code   RO         1073    .text               mc_p.l(uidiv.o)
    0x000023ec   0x00000028   Code   RO         1075    .text               mc_p.l(idiv.o)
    0x00002414   0x000000b2   Code   RO         1338    .text               mf_p.l(fadd.o)
    0x000024c6   0x0000007a   Code   RO         1340    .text               mf_p.l(fmul.o)
    0x00002540   0x0000007c   Code   RO         1342    .text               mf_p.l(fdiv.o)
    0x000025bc   0x000000f0   Code   RO         1344    .text               mf_p.l(ddiv.o)
    0x000026ac   0x00000016   Code   RO         1346    .text               mf_p.l(fflti.o)
    0x000026c2   0x00000002   PAD
    0x000026c4   0x0000001c   Code   RO         1348    .text               mf_p.l(dfltui.o)
    0x000026e0   0x00000032   Code   RO         1350    .text               mf_p.l(ffixi.o)
    0x00002712   0x00000002   PAD
    0x00002714   0x0000003c   Code   RO         1352    .text               mf_p.l(dfixui.o)
    0x00002750   0x00000028   Code   RO         1354    .text               mf_p.l(f2d.o)
    0x00002778   0x00000060   Code   RO         1394    .text               mc_p.l(uldiv.o)
    0x000027d8   0x00000022   Code   RO         1396    .text               mc_p.l(llushr.o)
    0x000027fa   0x00000082   Code   RO         1406    .text               mf_p.l(fepilogue.o)
    0x0000287c   0x0000003e   Code   RO         1408    .text               mf_p.l(frnd.o)
    0x000028ba   0x000000be   Code   RO         1410    .text               mf_p.l(depilogue.o)
    0x00002978   0x00000164   Code   RO         1414    .text               mf_p.l(dadd.o)
    0x00002adc   0x000000d0   Code   RO         1416    .text               mf_p.l(dmul.o)
    0x00002bac   0x00000040   Code   RO         1418    .text               mf_p.l(dfixul.o)
    0x00002bec   0x00000028   Code   RO         1420    .text               mf_p.l(cdrcmple.o)
    0x00002c14   0x00000024   Code   RO         1422    .text               mc_p.l(init.o)
    0x00002c38   0x00000020   Code   RO         1425    .text               mc_p.l(llshl.o)
    0x00002c58   0x00000026   Code   RO         1427    .text               mc_p.l(llsshr.o)
    0x00002c7e   0x00000018   Code   RO         1430    .text               mf_p.l(fscalb.o)
    0x00002c96   0x00000002   PAD
    0x00002c98   0x00000004   Code   RO          927    SVC_TABLE           RTX_CM1.LIB(SVC_Table.o)
    0x00002c9c   0x00000028   Code   RO         1312    i.__0sprintf        mc_p.l(printfa.o)
    0x00002cc4   0x0000002e   Code   RO         1412    i.__ARM_clz         mf_p.l(depilogue.o)
    0x00002cf2   0x00000032   Code   RO         1375    i.__ARM_common_ll_muluu  m_ps.l(rredf.o)
    0x00002d24   0x00000022   Code   RO         1356    i.__ARM_fpclassifyf  m_ps.l(fpclassifyf.o)
    0x00002d46   0x0000000a   Code   RO         1359    i.__mathlib_flt_infnan  m_ps.l(funder.o)
    0x00002d50   0x0000000c   Code   RO         1361    i.__mathlib_flt_invalid  m_ps.l(funder.o)
    0x00002d5c   0x0000000e   Code   RO         1364    i.__mathlib_flt_underflow  m_ps.l(funder.o)
    0x00002d6a   0x00000002   PAD
    0x00002d6c   0x00000180   Code   RO         1372    i.__mathlib_rredf2  m_ps.l(rredf.o)
    0x00002eec   0x0000000e   Code   RO         1436    i.__scatterload_copy  mc_p.l(handlers.o)
    0x00002efa   0x00000002   Code   RO         1437    i.__scatterload_null  mc_p.l(handlers.o)
    0x00002efc   0x0000000e   Code   RO         1438    i.__scatterload_zeroinit  mc_p.l(handlers.o)
    0x00002f0a   0x00000002   PAD
    0x00002f0c   0x0000000c   Code   RO         1400    i.__set_errno       mc_p.l(errno.o)
    0x00002f18   0x00000158   Code   RO         1317    i._fp_digits        mc_p.l(printfa.o)
    0x00003070   0x00000048   Code   RO          898    i._init_box         RTX_CM1.LIB(rt_membox.o)
    0x000030b8   0x000006ec   Code   RO         1318    i._printf_core      mc_p.l(printfa.o)
    0x000037a4   0x00000020   Code   RO         1319    i._printf_post_padding  mc_p.l(printfa.o)
    0x000037c4   0x0000002c   Code   RO         1320    i._printf_pre_padding  mc_p.l(printfa.o)
    0x000037f0   0x0000000a   Code   RO         1322    i._sputc            mc_p.l(printfa.o)
    0x000037fa   0x00000002   PAD
    0x000037fc   0x00000024   Code   RO          610    i.isr_evt_set       RTX_CM1.LIB(rt_event.o)
    0x00003820   0x0000002c   Code   RO          734    i.os_tick_init      RTX_CM1.LIB(rt_system.o)
    0x0000384c   0x00000002   Code   RO          735    i.os_tick_irqack    RTX_CM1.LIB(rt_system.o)
    0x0000384e   0x0000001e   Code   RO          899    i.rt_alloc_box      RTX_CM1.LIB(rt_membox.o)
    0x0000386c   0x00000038   Code   RO          511    i.rt_block          RTX_CM1.LIB(rt_task.o)
    0x000038a4   0x00000078   Code   RO          818    i.rt_dec_dly        RTX_CM1.LIB(rt_list.o)
    0x0000391c   0x00000040   Code   RO          512    i.rt_dispatch       RTX_CM1.LIB(rt_task.o)
    0x0000395c   0x0000004c   Code   RO          613    i.rt_evt_psh        RTX_CM1.LIB(rt_event.o)
    0x000039a8   0x0000005c   Code   RO          614    i.rt_evt_set        RTX_CM1.LIB(rt_event.o)
    0x00003a04   0x00000040   Code   RO          615    i.rt_evt_wait       RTX_CM1.LIB(rt_event.o)
    0x00003a44   0x00000026   Code   RO          900    i.rt_free_box       RTX_CM1.LIB(rt_membox.o)
    0x00003a6a   0x0000002a   Code   RO          819    i.rt_get_first      RTX_CM1.LIB(rt_list.o)
    0x00003a94   0x00000048   Code   RO          513    i.rt_init_context   RTX_CM1.LIB(rt_task.o)
    0x00003adc   0x0000004c   Code   RO          714    i.rt_init_stack     RTX_CM1.LIB(hal_cm1.o)
    0x00003b28   0x00000018   Code   RO          657    i.rt_itv_set        RTX_CM1.LIB(rt_time.o)
    0x00003b40   0x0000002c   Code   RO          658    i.rt_itv_wait       RTX_CM1.LIB(rt_time.o)
    0x00003b6c   0x000000ac   Code   RO          934    i.rt_mbx_psh        RTX_CM1.LIB(rt_mailbox.o)
    0x00003c18   0x00000010   Code   RO          689    i.rt_mut_init       RTX_CM1.LIB(rt_mutex.o)
    0x00003c28   0x000000e4   Code   RO          690    i.rt_mut_release    RTX_CM1.LIB(rt_mutex.o)
    0x00003d0c   0x00000070   Code   RO          691    i.rt_mut_wait       RTX_CM1.LIB(rt_mutex.o)
    0x00003d7c   0x00000070   Code   RO          736    i.rt_pop_req        RTX_CM1.LIB(rt_system.o)
    0x00003dec   0x00000020   Code   RO          737    i.rt_psh_req        RTX_CM1.LIB(rt_system.o)
    0x00003e0c   0x00000040   Code   RO          821    i.rt_psq_enq        RTX_CM1.LIB(rt_list.o)
    0x00003e4c   0x00000050   Code   RO          822    i.rt_put_dly        RTX_CM1.LIB(rt_list.o)
    0x00003e9c   0x0000003c   Code   RO          823    i.rt_put_prio       RTX_CM1.LIB(rt_list.o)
    0x00003ed8   0x00000014   Code   RO          824    i.rt_put_rdy_first  RTX_CM1.LIB(rt_list.o)
    0x00003eec   0x00000030   Code   RO          825    i.rt_resort_prio    RTX_CM1.LIB(rt_list.o)
    0x00003f1c   0x0000002a   Code   RO          826    i.rt_rmv_dly        RTX_CM1.LIB(rt_list.o)
    0x00003f46   0x00000002   PAD
    0x00003f48   0x00000034   Code   RO          827    i.rt_rmv_list       RTX_CM1.LIB(rt_list.o)
    0x00003f7c   0x00000034   Code   RO          980    i.rt_sem_psh        RTX_CM1.LIB(rt_semaphore.o)
    0x00003fb0   0x00000028   Code   RO          739    i.rt_stk_check      RTX_CM1.LIB(rt_system.o)
    0x00003fd8   0x00000010   Code   RO          514    i.rt_switch_req     RTX_CM1.LIB(rt_task.o)
    0x00003fe8   0x00000138   Code   RO          515    i.rt_sys_init       RTX_CM1.LIB(rt_task.o)
    0x00004120   0x0000003c   Code   RO          741    i.rt_systick        RTX_CM1.LIB(rt_system.o)
    0x0000415c   0x00000040   Code   RO         1016    i.rt_tmr_tick       RTX_CM1.LIB(rt_timer.o)
    0x0000419c   0x0000007c   Code   RO          516    i.rt_tsk_create     RTX_CM1.LIB(rt_task.o)
    0x00004218   0x00000140   Code   RO          517    i.rt_tsk_delete     RTX_CM1.LIB(rt_task.o)
    0x00004358   0x00000184   Code   RO         1063    i.sinf              m_ps.l(sinf.o)
    0x000044dc   0x00000d20   Data   RO          248    .constdata          region.o
    0x000051fc   0x00000004   Data   RO          249    .constdata          region.o
    0x00005200   0x00000ef7   Data   RO          270    .constdata          lucida_12x19.o
    0x000060f7   0x00000001   PAD
    0x000060f8   0x00000002   Data   RO          293    .constdata          rtx_config.o
    0x000060fa   0x00000002   PAD
    0x000060fc   0x00000004   Data   RO          294    .constdata          rtx_config.o
    0x00006100   0x00000004   Data   RO          296    .constdata          rtx_config.o
    0x00006104   0x00000001   Data   RO          297    .constdata          rtx_config.o
    0x00006105   0x00000003   PAD
    0x00006108   0x00000008   Data   RO          298    .constdata          rtx_config.o
    0x00006110   0x00000002   Data   RO          299    .constdata          rtx_config.o
    0x00006112   0x00000002   PAD
    0x00006114   0x00000004   Data   RO          300    .constdata          rtx_config.o
    0x00006118   0x00000001   Data   RO          301    .constdata          rtx_config.o
    0x00006119   0x00000001   PAD
    0x0000611a   0x00000002   Data   RO          302    .constdata          rtx_config.o
    0x0000611c   0x00000004   Data   RO          744    .constdata          RTX_CM1.LIB(rt_system.o)
    0x00006120   0x00000020   Data   RO         1373    .constdata          m_ps.l(rredf.o)
    0x00006140   0x00000020   Data   RO         1434    Region$$Table       anon$$obj.o


    Execution Region RW_IRAM1 (Base: 0x1ffff000, Size: 0x00000000, Max: 0x00001000, ABSOLUTE)

    **** No section assigned to this execution region ****


    Execution Region RW_IRAM2 (Base: 0x20000000, Size: 0x00001b28, Max: 0x00003000, ABSOLUTE)

    Base Addr    Size         Type   Attr      Idx    E Section Name        Object

    0x20000000   0x00000004   Data   RW            4    .data               system_mkl25z4.o
    0x20000004   0x00000004   Data   RW          162    .data               timers.o
    0x20000008   0x00000004   Data   RW          213    .data               profile.o
    0x2000000c   0x00000004   Data   RW          214    .data               profile.o
    0x20000010   0x00000004   Data   RW          215    .data               profile.o
    0x20000014   0x00000001   Data   RW          216    .data               profile.o
    0x20000015   0x00000003   PAD
    0x20000018   0x00000004   Data   RW          303    .data               rtx_config.o
    0x2000001c   0x00000014   Data   RW          356    .data               tasks.o
    0x20000030   0x0000000c   Data   RW          406    .data               dma.o
    0x2000003c   0x00000010   Data   RW          430    .data               mma8451.o
    0x2000004c   0x00000028   Data   RW          469    .data               tft_lcd.o
    0x20000074   0x00000014   Data   RW          494    .data               tft_text.o
    0x20000088   0x00000008   Data   RW          522    .data               RTX_CM1.LIB(rt_task.o)
    0x20000090   0x00000004   Data   RW          660    .data               RTX_CM1.LIB(rt_time.o)
    0x20000094   0x00000008   Data   RW          745    .data               RTX_CM1.LIB(rt_system.o)
    0x2000009c   0x00000008   Data   RW         1017    .data               RTX_CM1.LIB(rt_timer.o)
    0x200000a4   0x00000004   Data   RW         1401    .data               mc_p.l(errno.o)
    0x200000a8   0x000001a4   Zero   RW          246    .bss                region.o
    0x2000024c   0x00000194   Zero   RW          289    .bss                rtx_config.o
    0x200003e0   0x00000710   Zero   RW          290    .bss                rtx_config.o
    0x20000af0   0x00000084   Zero   RW          291    .bss                rtx_config.o
    0x20000b74   0x0000001c   Zero   RW          292    .bss                rtx_config.o
    0x20000b90   0x00000520   Zero   RW          326    .bss                sound.o
    0x200010b0   0x00000210   Zero   RW          354    .bss                tasks.o
    0x200012c0   0x00000038   Zero   RW          521    .bss                RTX_CM1.LIB(rt_task.o)
    0x200012f8   0x00000030   Zero   RW          828    .bss                RTX_CM1.LIB(rt_list.o)
    0x20001328   0x00000800   Zero   RW           45    STACK               startup_mkl25z4.o


==============================================================================

Image component sizes


      Code (inc. data)   RO Data    RW Data    ZI Data      Debug   Object Name

        40          4          0          0          0        987   delay.o
       256         48          0         12          0       2152   dma.o
       348         14          0          0          0       1520   i2c.o
       156         22          0          0          0        737   leds.o
         0          0       3831          0          0        606   lucida_12x19.o
       148         40          0          0          0       9640   main.o
       552         34          0         16          0       2931   mma8451.o
         0          0          0         13          0       1741   profile.o
         0          0       3364          0        420       1102   region.o
        10          0         28          4       2372       9395   rtx_config.o
      1384        170          0          0       1312       4729   sound.o
        44         24        192          0       2048        868   startup_mkl25z4.o
       396         60          0          4          0      98697   system_mkl25z4.o
       836        136          0         20        528       2631   tasks.o
       720          0          0          0          0       2194   tft_graphics.o
      2440        134          0         40          0       6012   tft_lcd.o
       608         18          0         20          0       4263   tft_text.o
       596         90          0          4          0       8907   timers.o

    ----------------------------------------------------------------------
      8534        794       7456        136       6680     159112   Object Totals
         0          0         32          0          0          0   (incl. Generated)
         0          0          9          3          0          0   (incl. Padding)

    ----------------------------------------------------------------------

      Code (inc. data)   RO Data    RW Data    ZI Data      Debug   Library Member Name

         4          4          0          0          0        140   SVC_Table.o
       468         50          0          0          0       1304   hal_cm1.o
       268         22          0          0          0       1962   rt_event.o
       528         34          0          0         48       6577   rt_list.o
       172          4          0          0          0        553   rt_mailbox.o
       140          0          0          0          0       1509   rt_membox.o
       356         16          0          0          0       1625   rt_mutex.o
        52          6          0          0          0        433   rt_semaphore.o
       290         54          4          8          0       3310   rt_system.o
       964        156          0          8         56       6242   rt_task.o
        68         18          0          4          0        901   rt_time.o
        64          8          0          8          0        575   rt_timer.o
        34          0          0          0          0         60   fpclassifyf.o
        36          0          0          0          0        204   funder.o
       434         18         32          0          0        168   rredf.o
       388         58          0          0          0        104   sinf.o
         0          0          0          0          0          0   entry.o
         0          0          0          0          0          0   entry10a.o
         0          0          0          0          0          0   entry11a.o
         8          4          0          0          0          0   entry2.o
         4          0          0          0          0          0   entry5.o
         0          0          0          0          0          0   entry7b.o
         0          0          0          0          0          0   entry8b.o
         8          4          0          0          0          0   entry9a.o
        12          6          0          4          0         60   errno.o
        30          0          0          0          0          0   handlers.o
        40          0          0          0          0         72   idiv.o
        36          8          0          0          0         68   init.o
         0          0          0          0          0          0   iusefp.o
        32          0          0          0          0         68   llshl.o
        38          0          0          0          0         68   llsshr.o
        34          0          0          0          0         68   llushr.o
      2242         94          0          0          0        472   printfa.o
        44          0          0          0          0         72   uidiv.o
        96          0          0          0          0         84   uldiv.o
        40          2          0          0          0         68   cdrcmple.o
       356          4          0          0          0        140   dadd.o
       240          6          0          0          0         84   ddiv.o
       236          0          0          0          0        216   depilogue.o
        60         10          0          0          0         68   dfixui.o
        64         10          0          0          0         68   dfixul.o
        28          4          0          0          0         68   dfltui.o
       208          6          0          0          0         88   dmul.o
        40          0          0          0          0         60   f2d.o
       178          0          0          0          0        108   fadd.o
       124          0          0          0          0         72   fdiv.o
       130          0          0          0          0        144   fepilogue.o
        50          0          0          0          0         60   ffixi.o
        22          0          0          0          0         68   fflti.o
        14          0          0          0          0         68   ffltui.o
       122          0          0          0          0         72   fmul.o
        62          0          0          0          0         68   frnd.o
        24          0          0          0          0         60   fscalb.o

    ----------------------------------------------------------------------
      8902        606         36         32        104      28279   Library Totals
        14          0          0          0          0          0   (incl. Padding)

    ----------------------------------------------------------------------

      Code (inc. data)   RO Data    RW Data    ZI Data      Debug   Library Name

      3374        372          4         28        104      25131   RTX_CM1.LIB
       892         76         32          0          0        536   m_ps.l
      2624        116          0          4          0       1032   mc_p.l
      1998         42          0          0          0       1580   mf_p.l

    ----------------------------------------------------------------------
      8902        606         36         32        104      28279   Library Totals

    ----------------------------------------------------------------------

==============================================================================


      Code (inc. data)   RO Data    RW Data    ZI Data      Debug   

     17436       1400       7492        168       6784     182907   Grand Totals
     17436       1400       7492        168       6784     182907   ELF Image Totals
     17436       1400       7492        168          0          0   ROM Totals

==============================================================================

    Total RO  Size (Code + RO Data)                24928 (  24.34kB)
    Total RW  Size (RW Data + ZI Data)              6952 (   6.79kB)
    Total ROM Size (Code + RO Data + RW Data)      25096 (  24.51kB)

==============================================================================

