Component: ARM Compiler 5.05 update 1 (build 106) Tool: armlink [4d0efa]

==============================================================================

Section Cross References

    startup_mkl25z4.o(RESET) refers to startup_mkl25z4.o(STACK) for __initial_sp
    startup_mkl25z4.o(RESET) refers to startup_mkl25z4.o(.text) for Reset_Handler
    startup_mkl25z4.o(RESET) refers to mma8451.o(.text) for PORTA_IRQHandler
    startup_mkl25z4.o(.text) refers to system_mkl25z4.o(.text) for SystemInit
    startup_mkl25z4.o(.text) refers to entry.o(.ARM.Collect$$$$00000000) for __main
    system_mkl25z4.o(.text) refers to uidiv.o(.text) for __aeabi_uidivmod
    system_mkl25z4.o(.text) refers to system_mkl25z4.o(i.__ARM_common_switch8) for __ARM_common_switch8
    system_mkl25z4.o(.text) refers to system_mkl25z4.o(.data) for SystemCoreClock
    main.o(.text) refers to leds.o(.text) for Init_RGB_LEDs
    main.o(.text) refers to i2c.o(.text) for i2c_init
    main.o(.text) refers to mma8451.o(.text) for init_mma
    main.o(.text) refers to delay.o(.text) for Delay
    mma8451.o(.text) refers to i2c.o(.text) for i2c_read_byte
    mma8451.o(.text) refers to delay.o(.text) for Delay
    mma8451.o(.text) refers to fflti.o(.text) for __aeabi_i2f
    mma8451.o(.text) refers to atan2f.o(i.atan2f) for atan2f
    mma8451.o(.text) refers to f2d.o(.text) for __aeabi_f2d
    mma8451.o(.text) refers to dmul.o(.text) for __aeabi_dmul
    mma8451.o(.text) refers to d2f.o(.text) for __aeabi_d2f
    mma8451.o(.text) refers to sqrtf.o(i.sqrtf) for sqrtf
    mma8451.o(.text) refers to leds.o(.text) for Control_RGB_LEDs
    mma8451.o(.text) refers to mma8451.o(.data) for byte
    atan2f.o(i.__softfp_atan2f) refers (Special) to iusefp.o(.text) for __I$use$fp
    atan2f.o(i.__softfp_atan2f) refers to atan2f.o(i.atan2f) for atan2f
    atan2f.o(i.atan2f) refers (Special) to iusefp.o(.text) for __I$use$fp
    atan2f.o(i.atan2f) refers to fdiv.o(.text) for __aeabi_fdiv
    atan2f.o(i.atan2f) refers to fpclassifyf.o(i.__ARM_fpclassifyf) for __ARM_fpclassifyf
    atan2f.o(i.atan2f) refers to funder.o(i.__mathlib_flt_underflow) for __mathlib_flt_underflow
    atan2f.o(i.atan2f) refers to fadd.o(.text) for __aeabi_fsub
    atan2f.o(i.atan2f) refers to fmul.o(.text) for __aeabi_fmul
    atan2f.o(i.atan2f) refers to funder.o(i.__mathlib_flt_infnan2) for __mathlib_flt_infnan2
    atan2f_x.o(i.____softfp_atan2f$lsc) refers (Special) to iusefp.o(.text) for __I$use$fp
    atan2f_x.o(i.____softfp_atan2f$lsc) refers to atan2f_x.o(i.__atan2f$lsc) for __atan2f$lsc
    atan2f_x.o(i.__atan2f$lsc) refers (Special) to iusefp.o(.text) for __I$use$fp
    atan2f_x.o(i.__atan2f$lsc) refers to fdiv.o(.text) for __aeabi_fdiv
    atan2f_x.o(i.__atan2f$lsc) refers to fadd.o(.text) for __aeabi_fsub
    atan2f_x.o(i.__atan2f$lsc) refers to fmul.o(.text) for __aeabi_fmul
    atan2f_x.o(i.__atan2f$lsc) refers to funder.o(i.__mathlib_flt_infnan2) for __mathlib_flt_infnan2
    atan2f_x.o(i.__atan2f$lsc) refers to errno.o(i.__set_errno) for __set_errno
    sqrtf.o(i.__softfp_sqrtf) refers (Special) to iusefp.o(.text) for __I$use$fp
    sqrtf.o(i.__softfp_sqrtf) refers to fsqrt.o(.text) for _fsqrt
    sqrtf.o(i.__softfp_sqrtf) refers to errno.o(i.__set_errno) for __set_errno
    sqrtf.o(i.sqrtf) refers (Special) to iusefp.o(.text) for __I$use$fp
    sqrtf.o(i.sqrtf) refers to fsqrt.o(.text) for _fsqrt
    sqrtf.o(i.sqrtf) refers to errno.o(i.__set_errno) for __set_errno
    sqrtf_x.o(i.____softfp_sqrtf$lsc) refers (Special) to iusefp.o(.text) for __I$use$fp
    sqrtf_x.o(i.____softfp_sqrtf$lsc) refers to errno.o(i.__set_errno) for __set_errno
    sqrtf_x.o(i.____softfp_sqrtf$lsc) refers to fsqrt.o(.text) for _fsqrt
    sqrtf_x.o(i.__sqrtf$lsc) refers (Special) to iusefp.o(.text) for __I$use$fp
    sqrtf_x.o(i.__sqrtf$lsc) refers to errno.o(i.__set_errno) for __set_errno
    sqrtf_x.o(i.__sqrtf$lsc) refers to fsqrt.o(.text) for _fsqrt
    entry.o(.ARM.Collect$$$$00000000) refers (Special) to entry10a.o(.ARM.Collect$$$$0000000D) for __rt_final_cpp
    entry.o(.ARM.Collect$$$$00000000) refers (Special) to entry11a.o(.ARM.Collect$$$$0000000F) for __rt_final_exit
    entry.o(.ARM.Collect$$$$00000000) refers (Special) to entry7b.o(.ARM.Collect$$$$00000008) for _main_clock
    entry.o(.ARM.Collect$$$$00000000) refers (Special) to entry8b.o(.ARM.Collect$$$$0000000A) for _main_cpp_init
    entry.o(.ARM.Collect$$$$00000000) refers (Special) to entry9a.o(.ARM.Collect$$$$0000000B) for _main_init
    entry.o(.ARM.Collect$$$$00000000) refers (Special) to entry5.o(.ARM.Collect$$$$00000004) for _main_scatterload
    entry.o(.ARM.Collect$$$$00000000) refers (Special) to entry2.o(.ARM.Collect$$$$00000001) for _main_stk
    dmul.o(.text) refers (Special) to iusefp.o(.text) for __I$use$fp
    dmul.o(.text) refers to depilogue.o(.text) for _double_epilogue
    fflti.o(.text) refers (Special) to iusefp.o(.text) for __I$use$fp
    fflti.o(.text) refers to fepilogue.o(.text) for _float_epilogue
    f2d.o(.text) refers (Special) to iusefp.o(.text) for __I$use$fp
    d2f.o(.text) refers (Special) to iusefp.o(.text) for __I$use$fp
    d2f.o(.text) refers to fepilogue.o(.text) for _float_round
    fpclassifyf.o(i.__ARM_fpclassifyf) refers (Special) to iusefp.o(.text) for __I$use$fp
    funder.o(i.__mathlib_flt_divzero) refers to fdiv.o(.text) for __aeabi_fdiv
    funder.o(i.__mathlib_flt_infnan) refers to fscalb.o(.text) for __ARM_scalbnf
    funder.o(i.__mathlib_flt_infnan2) refers to fadd.o(.text) for __aeabi_fadd
    funder.o(i.__mathlib_flt_invalid) refers to fdiv.o(.text) for __aeabi_fdiv
    funder.o(i.__mathlib_flt_overflow) refers to fscalb.o(.text) for __ARM_scalbnf
    funder.o(i.__mathlib_flt_posinfnan) refers to fmul.o(.text) for __aeabi_fmul
    funder.o(i.__mathlib_flt_underflow) refers to fscalb.o(.text) for __ARM_scalbnf
    entry2.o(.ARM.Collect$$$$00000001) refers to entry2.o(.ARM.Collect$$$$00002712) for __lit__00000000
    entry2.o(.ARM.Collect$$$$00002712) refers to startup_mkl25z4.o(STACK) for __initial_sp
    entry2.o(__vectab_stack_and_reset_area) refers to startup_mkl25z4.o(STACK) for __initial_sp
    entry2.o(__vectab_stack_and_reset_area) refers to entry.o(.ARM.Collect$$$$00000000) for __main
    entry5.o(.ARM.Collect$$$$00000004) refers to init.o(.text) for __scatterload
    entry9a.o(.ARM.Collect$$$$0000000B) refers to main.o(.text) for main
    entry9b.o(.ARM.Collect$$$$0000000C) refers to main.o(.text) for main
    errno.o(i.__aeabi_errno_addr) refers to errno.o(.data) for .data
    errno.o(i.__read_errno) refers to errno.o(.data) for .data
    errno.o(i.__set_errno) refers to errno.o(.data) for .data
    fadd.o(.text) refers to fepilogue.o(.text) for _float_epilogue
    fdiv.o(.text) refers to fepilogue.o(.text) for _float_round
    fsqrt.o(.text) refers to fepilogue.o(.text) for _float_round
    depilogue.o(.text) refers to depilogue.o(i.__ARM_clz) for __ARM_clz
    depilogue.o(.text) refers to llshl.o(.text) for __aeabi_llsl
    depilogue.o(.text) refers to llushr.o(.text) for __aeabi_llsr
    init.o(.text) refers to entry5.o(.ARM.Collect$$$$00000004) for __main_after_scatterload


==============================================================================

Removing Unused input sections from the image.

    Removing startup_mkl25z4.o(HEAP), (0 bytes).
    Removing system_mkl25z4.o(.rev16_text), (4 bytes).
    Removing system_mkl25z4.o(.revsh_text), (4 bytes).
    Removing main.o(.rev16_text), (4 bytes).
    Removing main.o(.revsh_text), (4 bytes).
    Removing leds.o(.rev16_text), (4 bytes).
    Removing leds.o(.revsh_text), (4 bytes).
    Removing i2c.o(.rev16_text), (4 bytes).
    Removing i2c.o(.revsh_text), (4 bytes).
    Removing mma8451.o(.rev16_text), (4 bytes).
    Removing mma8451.o(.revsh_text), (4 bytes).
    Removing delay.o(.rev16_text), (4 bytes).
    Removing delay.o(.revsh_text), (4 bytes).

13 unused section(s) (total 48 bytes) removed from the image.

==============================================================================

Image Symbol Table

    Local Symbols

    Symbol Name                              Value     Ov Type        Size  Object(Section)

    RESET                                    0x00000000   Section      192  startup_mkl25z4.o(RESET)
    ../clib/microlib/division.c              0x00000000   Number         0  uidiv.o ABSOLUTE
    ../clib/microlib/errno.c                 0x00000000   Number         0  errno.o ABSOLUTE
    ../clib/microlib/init/entry.s            0x00000000   Number         0  entry8a.o ABSOLUTE
    ../clib/microlib/init/entry.s            0x00000000   Number         0  entry8b.o ABSOLUTE
    ../clib/microlib/init/entry.s            0x00000000   Number         0  entry7b.o ABSOLUTE
    ../clib/microlib/init/entry.s            0x00000000   Number         0  entry9b.o ABSOLUTE
    ../clib/microlib/init/entry.s            0x00000000   Number         0  entry7a.o ABSOLUTE
    ../clib/microlib/init/entry.s            0x00000000   Number         0  entry5.o ABSOLUTE
    ../clib/microlib/init/entry.s            0x00000000   Number         0  entry9a.o ABSOLUTE
    ../clib/microlib/init/entry.s            0x00000000   Number         0  entry2.o ABSOLUTE
    ../clib/microlib/init/entry.s            0x00000000   Number         0  entry10a.o ABSOLUTE
    ../clib/microlib/init/entry.s            0x00000000   Number         0  entry10b.o ABSOLUTE
    ../clib/microlib/init/entry.s            0x00000000   Number         0  entry.o ABSOLUTE
    ../clib/microlib/init/entry.s            0x00000000   Number         0  entry11a.o ABSOLUTE
    ../clib/microlib/init/entry.s            0x00000000   Number         0  entry11b.o ABSOLUTE
    ../clib/microlib/longlong.c              0x00000000   Number         0  llushr.o ABSOLUTE
    ../clib/microlib/longlong.c              0x00000000   Number         0  llshl.o ABSOLUTE
    ../clib/microlib/stubs.s                 0x00000000   Number         0  iusefp.o ABSOLUTE
    ../fplib/microlib/d2f.c                  0x00000000   Number         0  d2f.o ABSOLUTE
    ../fplib/microlib/f2d.c                  0x00000000   Number         0  f2d.o ABSOLUTE
    ../fplib/microlib/fpadd.c                0x00000000   Number         0  fadd.o ABSOLUTE
    ../fplib/microlib/fpdiv.c                0x00000000   Number         0  fdiv.o ABSOLUTE
    ../fplib/microlib/fpepilogue.c           0x00000000   Number         0  depilogue.o ABSOLUTE
    ../fplib/microlib/fpepilogue.c           0x00000000   Number         0  fepilogue.o ABSOLUTE
    ../fplib/microlib/fpflt.c                0x00000000   Number         0  fflti.o ABSOLUTE
    ../fplib/microlib/fpmul.c                0x00000000   Number         0  fmul.o ABSOLUTE
    ../fplib/microlib/fpmul.c                0x00000000   Number         0  dmul.o ABSOLUTE
    ../fplib/microlib/fpscalb.c              0x00000000   Number         0  fscalb.o ABSOLUTE
    ../fplib/microlib/fpsqrt.c               0x00000000   Number         0  fsqrt.o ABSOLUTE
    ../mathlib/atan2f.c                      0x00000000   Number         0  atan2f.o ABSOLUTE
    ../mathlib/atan2f.c                      0x00000000   Number         0  atan2f_x.o ABSOLUTE
    ../mathlib/fpclassifyf.c                 0x00000000   Number         0  fpclassifyf.o ABSOLUTE
    ../mathlib/funder.c                      0x00000000   Number         0  funder.o ABSOLUTE
    ../mathlib/sqrtf.c                       0x00000000   Number         0  sqrtf.o ABSOLUTE
    ../mathlib/sqrtf.c                       0x00000000   Number         0  sqrtf_x.o ABSOLUTE
    dc.s                                     0x00000000   Number         0  dc.o ABSOLUTE
    handlers.s                               0x00000000   Number         0  handlers.o ABSOLUTE
    init.s                                   0x00000000   Number         0  init.o ABSOLUTE
    src\LEDs.c                               0x00000000   Number         0  leds.o ABSOLUTE
    src\\LEDs.c                              0x00000000   Number         0  leds.o ABSOLUTE
    src\\delay.c                             0x00000000   Number         0  delay.o ABSOLUTE
    src\\i2c.c                               0x00000000   Number         0  i2c.o ABSOLUTE
    src\\main.c                              0x00000000   Number         0  main.o ABSOLUTE
    src\\mma8451.c                           0x00000000   Number         0  mma8451.o ABSOLUTE
    src\\system_MKL25Z4.c                    0x00000000   Number         0  system_mkl25z4.o ABSOLUTE
    src\delay.c                              0x00000000   Number         0  delay.o ABSOLUTE
    src\i2c.c                                0x00000000   Number         0  i2c.o ABSOLUTE
    src\main.c                               0x00000000   Number         0  main.o ABSOLUTE
    src\mma8451.c                            0x00000000   Number         0  mma8451.o ABSOLUTE
    src\system_MKL25Z4.c                     0x00000000   Number         0  system_mkl25z4.o ABSOLUTE
    startup_MKL25Z4.s                        0x00000000   Number         0  startup_mkl25z4.o ABSOLUTE
    .ARM.Collect$$$$00000000                 0x000000c0   Section        0  entry.o(.ARM.Collect$$$$00000000)
    .ARM.Collect$$$$00000001                 0x000000c0   Section        4  entry2.o(.ARM.Collect$$$$00000001)
    .ARM.Collect$$$$00000004                 0x000000c4   Section        4  entry5.o(.ARM.Collect$$$$00000004)
    .ARM.Collect$$$$00000008                 0x000000c8   Section        0  entry7b.o(.ARM.Collect$$$$00000008)
    .ARM.Collect$$$$0000000A                 0x000000c8   Section        0  entry8b.o(.ARM.Collect$$$$0000000A)
    .ARM.Collect$$$$0000000B                 0x000000c8   Section        8  entry9a.o(.ARM.Collect$$$$0000000B)
    .ARM.Collect$$$$0000000D                 0x000000d0   Section        0  entry10a.o(.ARM.Collect$$$$0000000D)
    .ARM.Collect$$$$0000000F                 0x000000d0   Section        0  entry11a.o(.ARM.Collect$$$$0000000F)
    .ARM.Collect$$$$00002712                 0x000000d0   Section        4  entry2.o(.ARM.Collect$$$$00002712)
    __lit__00000000                          0x000000d0   Data           4  entry2.o(.ARM.Collect$$$$00002712)
    .text                                    0x000000d4   Section       28  startup_mkl25z4.o(.text)
    .text                                    0x000000f0   Section        0  system_mkl25z4.o(.text)
    .text                                    0x0000030c   Section        0  main.o(.text)
    .text                                    0x00000348   Section        0  delay.o(.text)
    .text                                    0x00000364   Section        0  uidiv.o(.text)
    .text                                    0x00000390   Section        0  fflti.o(.text)
    .text                                    0x000003a6   Section        0  f2d.o(.text)
    .text                                    0x000003ce   Section        0  iusefp.o(.text)
    .text                                    0x000003d0   Section       36  init.o(.text)
    i.__mathlib_flt_infnan2                  0x000003f4   Section        0  funder.o(i.__mathlib_flt_infnan2)
    i.__scatterload_null                     0x000003fc   Section        2  handlers.o(i.__scatterload_null)
    .ARM.__at_0x400                          0x00000400   Section       16  startup_mkl25z4.o(.ARM.__at_0x400)
    .text                                    0x00000410   Section        0  leds.o(.text)
    .text                                    0x000004e4   Section        0  i2c.o(.text)
    .text                                    0x00000758   Section        0  mma8451.o(.text)
    NVIC_ClearPendingIRQ                     0x00000b41   Thumb Code    14  mma8451.o(.text)
    NVIC_SetPriority                         0x00000b4f   Thumb Code   172  mma8451.o(.text)
    .text                                    0x00000c04   Section        0  dmul.o(.text)
    .text                                    0x00000cd4   Section        0  d2f.o(.text)
    .text                                    0x00000d0c   Section        0  fepilogue.o(.text)
    .text                                    0x00000d8e   Section        0  fadd.o(.text)
    .text                                    0x00000e40   Section        0  fmul.o(.text)
    .text                                    0x00000eba   Section        0  fdiv.o(.text)
    .text                                    0x00000f36   Section        0  fsqrt.o(.text)
    .text                                    0x00000f8e   Section        0  depilogue.o(.text)
    .text                                    0x0000104c   Section        0  llshl.o(.text)
    .text                                    0x0000106c   Section        0  llushr.o(.text)
    .text                                    0x0000108e   Section        0  fscalb.o(.text)
    i.__ARM_clz                              0x000010a6   Section        0  depilogue.o(i.__ARM_clz)
    i.__ARM_common_switch8                   0x000010d4   Section        0  system_mkl25z4.o(i.__ARM_common_switch8)
    i.__ARM_fpclassifyf                      0x000010f0   Section        0  fpclassifyf.o(i.__ARM_fpclassifyf)
    i.__mathlib_flt_underflow                0x00001112   Section        0  funder.o(i.__mathlib_flt_underflow)
    i.__scatterload_copy                     0x00001120   Section       14  handlers.o(i.__scatterload_copy)
    i.__scatterload_zeroinit                 0x0000112e   Section       14  handlers.o(i.__scatterload_zeroinit)
    i.__set_errno                            0x0000113c   Section        0  errno.o(i.__set_errno)
    i.atan2f                                 0x00001148   Section        0  atan2f.o(i.atan2f)
    i.sqrtf                                  0x000013a4   Section        0  sqrtf.o(i.sqrtf)
    .data                                    0x1ffff000   Section        4  system_mkl25z4.o(.data)
    .data                                    0x1ffff004   Section       17  mma8451.o(.data)
    .data                                    0x1ffff018   Section        4  errno.o(.data)
    _errno                                   0x1ffff018   Data           4  errno.o(.data)
    STACK                                    0x1ffff020   Section     1024  startup_mkl25z4.o(STACK)

    Global Symbols

    Symbol Name                              Value     Ov Type        Size  Object(Section)

    BuildAttributes$$THM_ISAv3M$S$PE$A:L22$X:L11$S22$IEEE1$IW$USESV6$~STKCKD$USESV7$~SHL$OTIME$ROPI$IEEEX$EBA8$MICROLIB$REQ8$PRES8$EABIv2 0x00000000   Number         0  anon$$obj.o ABSOLUTE
    __ARM_use_no_argv                        0x00000000   Number         0  main.o ABSOLUTE
    __Vectors                                0x00000000   Data           4  startup_mkl25z4.o(RESET)
    __cpp_initialize__aeabi_                  - Undefined Weak Reference
    __cxa_finalize                            - Undefined Weak Reference
    __decompress                              - Undefined Weak Reference
    _clock_init                               - Undefined Weak Reference
    _microlib_exit                            - Undefined Weak Reference
    __Vectors_End                            0x000000c0   Data           0  startup_mkl25z4.o(RESET)
    __Vectors_Size                           0x000000c0   Number         0  startup_mkl25z4.o ABSOLUTE
    __main                                   0x000000c1   Thumb Code     0  entry.o(.ARM.Collect$$$$00000000)
    _main_stk                                0x000000c1   Thumb Code     0  entry2.o(.ARM.Collect$$$$00000001)
    _main_scatterload                        0x000000c5   Thumb Code     0  entry5.o(.ARM.Collect$$$$00000004)
    __main_after_scatterload                 0x000000c9   Thumb Code     0  entry5.o(.ARM.Collect$$$$00000004)
    _main_clock                              0x000000c9   Thumb Code     0  entry7b.o(.ARM.Collect$$$$00000008)
    _main_cpp_init                           0x000000c9   Thumb Code     0  entry8b.o(.ARM.Collect$$$$0000000A)
    _main_init                               0x000000c9   Thumb Code     0  entry9a.o(.ARM.Collect$$$$0000000B)
    __rt_final_cpp                           0x000000d1   Thumb Code     0  entry10a.o(.ARM.Collect$$$$0000000D)
    __rt_final_exit                          0x000000d1   Thumb Code     0  entry11a.o(.ARM.Collect$$$$0000000F)
    Reset_Handler                            0x000000d5   Thumb Code     8  startup_mkl25z4.o(.text)
    NMI_Handler                              0x000000dd   Thumb Code     2  startup_mkl25z4.o(.text)
    HardFault_Handler                        0x000000df   Thumb Code     2  startup_mkl25z4.o(.text)
    SVC_Handler                              0x000000e1   Thumb Code     2  startup_mkl25z4.o(.text)
    PendSV_Handler                           0x000000e3   Thumb Code     2  startup_mkl25z4.o(.text)
    SysTick_Handler                          0x000000e5   Thumb Code     2  startup_mkl25z4.o(.text)
    ADC0_IRQHandler                          0x000000e7   Thumb Code     0  startup_mkl25z4.o(.text)
    CMP0_IRQHandler                          0x000000e7   Thumb Code     0  startup_mkl25z4.o(.text)
    DAC0_IRQHandler                          0x000000e7   Thumb Code     0  startup_mkl25z4.o(.text)
    DMA0_IRQHandler                          0x000000e7   Thumb Code     0  startup_mkl25z4.o(.text)
    DMA1_IRQHandler                          0x000000e7   Thumb Code     0  startup_mkl25z4.o(.text)
    DMA2_IRQHandler                          0x000000e7   Thumb Code     0  startup_mkl25z4.o(.text)
    DMA3_IRQHandler                          0x000000e7   Thumb Code     0  startup_mkl25z4.o(.text)
    DefaultISR                               0x000000e7   Thumb Code     0  startup_mkl25z4.o(.text)
    FTFA_IRQHandler                          0x000000e7   Thumb Code     0  startup_mkl25z4.o(.text)
    I2C0_IRQHandler                          0x000000e7   Thumb Code     0  startup_mkl25z4.o(.text)
    I2C1_IRQHandler                          0x000000e7   Thumb Code     0  startup_mkl25z4.o(.text)
    LLW_IRQHandler                           0x000000e7   Thumb Code     0  startup_mkl25z4.o(.text)
    LPTimer_IRQHandler                       0x000000e7   Thumb Code     0  startup_mkl25z4.o(.text)
    LVD_LVW_IRQHandler                       0x000000e7   Thumb Code     0  startup_mkl25z4.o(.text)
    MCG_IRQHandler                           0x000000e7   Thumb Code     0  startup_mkl25z4.o(.text)
    PIT_IRQHandler                           0x000000e7   Thumb Code     0  startup_mkl25z4.o(.text)
    PORTD_IRQHandler                         0x000000e7   Thumb Code     0  startup_mkl25z4.o(.text)
    RTC_IRQHandler                           0x000000e7   Thumb Code     0  startup_mkl25z4.o(.text)
    RTC_Seconds_IRQHandler                   0x000000e7   Thumb Code     0  startup_mkl25z4.o(.text)
    Reserved20_IRQHandler                    0x000000e7   Thumb Code     0  startup_mkl25z4.o(.text)
    Reserved39_IRQHandler                    0x000000e7   Thumb Code     0  startup_mkl25z4.o(.text)
    Reserved45_IRQHandler                    0x000000e7   Thumb Code     0  startup_mkl25z4.o(.text)
    SPI0_IRQHandler                          0x000000e7   Thumb Code     0  startup_mkl25z4.o(.text)
    SPI1_IRQHandler                          0x000000e7   Thumb Code     0  startup_mkl25z4.o(.text)
    TPM0_IRQHandler                          0x000000e7   Thumb Code     0  startup_mkl25z4.o(.text)
    TPM1_IRQHandler                          0x000000e7   Thumb Code     0  startup_mkl25z4.o(.text)
    TPM2_IRQHandler                          0x000000e7   Thumb Code     0  startup_mkl25z4.o(.text)
    TSI0_IRQHandler                          0x000000e7   Thumb Code     0  startup_mkl25z4.o(.text)
    UART0_IRQHandler                         0x000000e7   Thumb Code     0  startup_mkl25z4.o(.text)
    UART1_IRQHandler                         0x000000e7   Thumb Code     0  startup_mkl25z4.o(.text)
    UART2_IRQHandler                         0x000000e7   Thumb Code     0  startup_mkl25z4.o(.text)
    USB0_IRQHandler                          0x000000e7   Thumb Code     0  startup_mkl25z4.o(.text)
    SystemInit                               0x000000f1   Thumb Code   168  system_mkl25z4.o(.text)
    SystemCoreClockUpdate                    0x00000199   Thumb Code   322  system_mkl25z4.o(.text)
    main                                     0x0000030d   Thumb Code    58  main.o(.text)
    Delay                                    0x00000349   Thumb Code    24  delay.o(.text)
    __aeabi_uidiv                            0x00000365   Thumb Code     0  uidiv.o(.text)
    __aeabi_uidivmod                         0x00000365   Thumb Code    44  uidiv.o(.text)
    __aeabi_i2f                              0x00000391   Thumb Code    22  fflti.o(.text)
    __aeabi_f2d                              0x000003a7   Thumb Code    40  f2d.o(.text)
    __I$use$fp                               0x000003cf   Thumb Code     0  iusefp.o(.text)
    __scatterload                            0x000003d1   Thumb Code    28  init.o(.text)
    __scatterload_rt2                        0x000003d1   Thumb Code     0  init.o(.text)
    __mathlib_flt_infnan2                    0x000003f5   Thumb Code     8  funder.o(i.__mathlib_flt_infnan2)
    __scatterload_null                       0x000003fd   Thumb Code     2  handlers.o(i.__scatterload_null)
    Init_RGB_LEDs                            0x00000411   Thumb Code   124  leds.o(.text)
    Control_RGB_LEDs                         0x0000048d   Thumb Code    70  leds.o(.text)
    i2c_init                                 0x000004e5   Thumb Code    74  i2c.o(.text)
    i2c_start                                0x0000052f   Thumb Code    26  i2c.o(.text)
    i2c_read_setup                           0x00000549   Thumb Code   112  i2c.o(.text)
    i2c_repeated_read                        0x000005b9   Thumb Code    82  i2c.o(.text)
    i2c_read_byte                            0x0000060b   Thumb Code   196  i2c.o(.text)
    i2c_write_byte                           0x000006cf   Thumb Code   124  i2c.o(.text)
    init_mma                                 0x00000759   Thumb Code   614  mma8451.o(.text)
    read_full_xyz                            0x000009bf   Thumb Code   100  mma8451.o(.text)
    read_xyz                                 0x00000a23   Thumb Code    58  mma8451.o(.text)
    convert_xyz_to_roll_pitch                0x00000a5d   Thumb Code   138  mma8451.o(.text)
    Init_MMA_Int                             0x00000ae7   Thumb Code    70  mma8451.o(.text)
    PORTA_IRQHandler                         0x00000b2d   Thumb Code    20  mma8451.o(.text)
    __aeabi_dmul                             0x00000c05   Thumb Code   202  dmul.o(.text)
    __aeabi_d2f                              0x00000cd5   Thumb Code    56  d2f.o(.text)
    _float_round                             0x00000d0d   Thumb Code    16  fepilogue.o(.text)
    _float_epilogue                          0x00000d1d   Thumb Code   114  fepilogue.o(.text)
    __aeabi_fadd                             0x00000d8f   Thumb Code   162  fadd.o(.text)
    __aeabi_fsub                             0x00000e31   Thumb Code     8  fadd.o(.text)
    __aeabi_frsub                            0x00000e39   Thumb Code     8  fadd.o(.text)
    __aeabi_fmul                             0x00000e41   Thumb Code   122  fmul.o(.text)
    __aeabi_fdiv                             0x00000ebb   Thumb Code   124  fdiv.o(.text)
    _fsqrt                                   0x00000f37   Thumb Code    88  fsqrt.o(.text)
    _double_round                            0x00000f8f   Thumb Code    26  depilogue.o(.text)
    _double_epilogue                         0x00000fa9   Thumb Code   164  depilogue.o(.text)
    __aeabi_llsl                             0x0000104d   Thumb Code    32  llshl.o(.text)
    _ll_shift_l                              0x0000104d   Thumb Code     0  llshl.o(.text)
    __aeabi_llsr                             0x0000106d   Thumb Code    34  llushr.o(.text)
    _ll_ushift_r                             0x0000106d   Thumb Code     0  llushr.o(.text)
    __ARM_scalbnf                            0x0000108f   Thumb Code    24  fscalb.o(.text)
    scalbnf                                  0x0000108f   Thumb Code     0  fscalb.o(.text)
    __ARM_clz                                0x000010a7   Thumb Code    46  depilogue.o(i.__ARM_clz)
    __ARM_common_switch8                     0x000010d5   Thumb Code    28  system_mkl25z4.o(i.__ARM_common_switch8)
    __ARM_fpclassifyf                        0x000010f1   Thumb Code    34  fpclassifyf.o(i.__ARM_fpclassifyf)
    __mathlib_flt_underflow                  0x00001113   Thumb Code    14  funder.o(i.__mathlib_flt_underflow)
    __scatterload_copy                       0x00001121   Thumb Code    14  handlers.o(i.__scatterload_copy)
    __scatterload_zeroinit                   0x0000112f   Thumb Code    14  handlers.o(i.__scatterload_zeroinit)
    __set_errno                              0x0000113d   Thumb Code     6  errno.o(i.__set_errno)
    atan2f                                   0x00001149   Thumb Code   526  atan2f.o(i.atan2f)
    sqrtf                                    0x000013a5   Thumb Code    44  sqrtf.o(i.sqrtf)
    Region$$Table$$Base                      0x000013d0   Number         0  anon$$obj.o(Region$$Table)
    Region$$Table$$Limit                     0x000013f0   Number         0  anon$$obj.o(Region$$Table)
    SystemCoreClock                          0x1ffff000   Data           4  system_mkl25z4.o(.data)
    acc_X                                    0x1ffff004   Data           2  mma8451.o(.data)
    acc_Y                                    0x1ffff006   Data           2  mma8451.o(.data)
    acc_Z                                    0x1ffff008   Data           2  mma8451.o(.data)
    roll                                     0x1ffff00c   Data           4  mma8451.o(.data)
    pitch                                    0x1ffff010   Data           4  mma8451.o(.data)
    byte                                     0x1ffff014   Data           1  mma8451.o(.data)
    __initial_sp                             0x1ffff420   Data           0  startup_mkl25z4.o(STACK)



==============================================================================

Memory Map of the image

  Image Entry point : 0x000000c1

  Load Region LR_IROM1 (Base: 0x00000000, Size: 0x0000140c, Max: 0x00020000, ABSOLUTE)

    Execution Region ER_IROM1 (Base: 0x00000000, Size: 0x000013f0, Max: 0x00020000, ABSOLUTE)

    Base Addr    Size         Type   Attr      Idx    E Section Name        Object

    0x00000000   0x000000c0   Data   RO            3    RESET               startup_mkl25z4.o
    0x000000c0   0x00000000   Code   RO          217  * .ARM.Collect$$$$00000000  mc_p.l(entry.o)
    0x000000c0   0x00000004   Code   RO          246    .ARM.Collect$$$$00000001  mc_p.l(entry2.o)
    0x000000c4   0x00000004   Code   RO          249    .ARM.Collect$$$$00000004  mc_p.l(entry5.o)
    0x000000c8   0x00000000   Code   RO          251    .ARM.Collect$$$$00000008  mc_p.l(entry7b.o)
    0x000000c8   0x00000000   Code   RO          253    .ARM.Collect$$$$0000000A  mc_p.l(entry8b.o)
    0x000000c8   0x00000008   Code   RO          254    .ARM.Collect$$$$0000000B  mc_p.l(entry9a.o)
    0x000000d0   0x00000000   Code   RO          256    .ARM.Collect$$$$0000000D  mc_p.l(entry10a.o)
    0x000000d0   0x00000000   Code   RO          258    .ARM.Collect$$$$0000000F  mc_p.l(entry11a.o)
    0x000000d0   0x00000004   Code   RO          247    .ARM.Collect$$$$00002712  mc_p.l(entry2.o)
    0x000000d4   0x0000001c   Code   RO            5    .text               startup_mkl25z4.o
    0x000000f0   0x0000021c   Code   RO           15    .text               system_mkl25z4.o
    0x0000030c   0x0000003a   Code   RO           59    .text               main.o
    0x00000346   0x00000002   PAD
    0x00000348   0x0000001c   Code   RO          183    .text               delay.o
    0x00000364   0x0000002c   Code   RO          220    .text               mc_p.l(uidiv.o)
    0x00000390   0x00000016   Code   RO          224    .text               mf_p.l(fflti.o)
    0x000003a6   0x00000028   Code   RO          226    .text               mf_p.l(f2d.o)
    0x000003ce   0x00000000   Code   RO          267    .text               mc_p.l(iusefp.o)
    0x000003ce   0x00000002   PAD
    0x000003d0   0x00000024   Code   RO          282    .text               mc_p.l(init.o)
    0x000003f4   0x00000008   Code   RO          234    i.__mathlib_flt_infnan2  m_ps.l(funder.o)
    0x000003fc   0x00000002   Code   RO          293    i.__scatterload_null  mc_p.l(handlers.o)
    0x000003fe   0x00000002   PAD
    0x00000400   0x00000010   Code   RO            4    .ARM.__at_0x400     startup_mkl25z4.o
    0x00000410   0x000000d4   Code   RO          113    .text               leds.o
    0x000004e4   0x00000274   Code   RO          133    .text               i2c.o
    0x00000758   0x000004ac   Code   RO          153    .text               mma8451.o
    0x00000c04   0x000000d0   Code   RO          222    .text               mf_p.l(dmul.o)
    0x00000cd4   0x00000038   Code   RO          228    .text               mf_p.l(d2f.o)
    0x00000d0c   0x00000082   Code   RO          268    .text               mf_p.l(fepilogue.o)
    0x00000d8e   0x000000b2   Code   RO          270    .text               mf_p.l(fadd.o)
    0x00000e40   0x0000007a   Code   RO          272    .text               mf_p.l(fmul.o)
    0x00000eba   0x0000007c   Code   RO          274    .text               mf_p.l(fdiv.o)
    0x00000f36   0x00000058   Code   RO          276    .text               mf_p.l(fsqrt.o)
    0x00000f8e   0x000000be   Code   RO          278    .text               mf_p.l(depilogue.o)
    0x0000104c   0x00000020   Code   RO          284    .text               mc_p.l(llshl.o)
    0x0000106c   0x00000022   Code   RO          286    .text               mc_p.l(llushr.o)
    0x0000108e   0x00000018   Code   RO          288    .text               mf_p.l(fscalb.o)
    0x000010a6   0x0000002e   Code   RO          280    i.__ARM_clz         mf_p.l(depilogue.o)
    0x000010d4   0x0000001c   Code   RO           33    i.__ARM_common_switch8  system_mkl25z4.o
    0x000010f0   0x00000022   Code   RO          230    i.__ARM_fpclassifyf  m_ps.l(fpclassifyf.o)
    0x00001112   0x0000000e   Code   RO          238    i.__mathlib_flt_underflow  m_ps.l(funder.o)
    0x00001120   0x0000000e   Code   RO          292    i.__scatterload_copy  mc_p.l(handlers.o)
    0x0000112e   0x0000000e   Code   RO          294    i.__scatterload_zeroinit  mc_p.l(handlers.o)
    0x0000113c   0x0000000c   Code   RO          262    i.__set_errno       mc_p.l(errno.o)
    0x00001148   0x0000025c   Code   RO          202    i.atan2f            m_ps.l(atan2f.o)
    0x000013a4   0x0000002c   Code   RO          210    i.sqrtf             m_ps.l(sqrtf.o)
    0x000013d0   0x00000020   Data   RO          290    Region$$Table       anon$$obj.o


    Execution Region RW_IRAM1 (Base: 0x1ffff000, Size: 0x00000420, Max: 0x00001000, ABSOLUTE)

    Base Addr    Size         Type   Attr      Idx    E Section Name        Object

    0x1ffff000   0x00000004   Data   RW           16    .data               system_mkl25z4.o
    0x1ffff004   0x00000011   Data   RW          154    .data               mma8451.o
    0x1ffff015   0x00000003   PAD
    0x1ffff018   0x00000004   Data   RW          263    .data               mc_p.l(errno.o)
    0x1ffff01c   0x00000004   PAD
    0x1ffff020   0x00000400   Zero   RW            1    STACK               startup_mkl25z4.o


==============================================================================

Image component sizes


      Code (inc. data)   RO Data    RW Data    ZI Data      Debug   Object Name

        28          4          0          0          0        880   delay.o
       628         14          0          0          0       1619   i2c.o
       212         18          0          0          0        829   leds.o
        58          0          0          0          0      93487   main.o
      1196         70          0         17          0       8122   mma8451.o
        44         24        192          0       1024        968   startup_mkl25z4.o
       568         60          0          4          0       5909   system_mkl25z4.o

    ----------------------------------------------------------------------
      2736        190        224         24       1024     111814   Object Totals
         0          0         32          0          0          0   (incl. Generated)
         2          0          0          3          0          0   (incl. Padding)

    ----------------------------------------------------------------------

      Code (inc. data)   RO Data    RW Data    ZI Data      Debug   Library Member Name

       604         78          0          0          0        120   atan2f.o
        34          0          0          0          0         60   fpclassifyf.o
        22          0          0          0          0        136   funder.o
        44          0          0          0          0         72   sqrtf.o
         0          0          0          0          0          0   entry.o
         0          0          0          0          0          0   entry10a.o
         0          0          0          0          0          0   entry11a.o
         8          4          0          0          0          0   entry2.o
         4          0          0          0          0          0   entry5.o
         0          0          0          0          0          0   entry7b.o
         0          0          0          0          0          0   entry8b.o
         8          4          0          0          0          0   entry9a.o
        12          6          0          4          0         60   errno.o
        30          0          0          0          0          0   handlers.o
        36          8          0          0          0         68   init.o
         0          0          0          0          0          0   iusefp.o
        32          0          0          0          0         68   llshl.o
        34          0          0          0          0         68   llushr.o
        44          0          0          0          0         72   uidiv.o
        56          0          0          0          0         68   d2f.o
       236          0          0          0          0        216   depilogue.o
       208          6          0          0          0         88   dmul.o
        40          0          0          0          0         60   f2d.o
       178          0          0          0          0        108   fadd.o
       124          0          0          0          0         72   fdiv.o
       130          0          0          0          0        144   fepilogue.o
        22          0          0          0          0         68   fflti.o
       122          0          0          0          0         72   fmul.o
        24          0          0          0          0         60   fscalb.o
        88          0          0          0          0         72   fsqrt.o

    ----------------------------------------------------------------------
      2144        106          0          4          4       1752   Library Totals
         4          0          0          0          4          0   (incl. Padding)

    ----------------------------------------------------------------------

      Code (inc. data)   RO Data    RW Data    ZI Data      Debug   Library Name

       704         78          0          0          0        388   m_ps.l
       208         22          0          4          0        336   mc_p.l
      1228          6          0          0          0       1028   mf_p.l

    ----------------------------------------------------------------------
      2144        106          0          4          4       1752   Library Totals

    ----------------------------------------------------------------------

==============================================================================


      Code (inc. data)   RO Data    RW Data    ZI Data      Debug   

      4880        296        224         28       1028     112530   Grand Totals
      4880        296        224         28       1028     112530   ELF Image Totals
      4880        296        224         28          0          0   ROM Totals

==============================================================================

    Total RO  Size (Code + RO Data)                 5104 (   4.98kB)
    Total RW  Size (RW Data + ZI Data)              1056 (   1.03kB)
    Total ROM Size (Code + RO Data + RW Data)       5132 (   5.01kB)

==============================================================================

