<html>
<body>
<pre>
<h1>µVision Build Log</h1>
<h2>Tool Versions:</h2>
IDE-Version: µVision V5.12.0.0
Copyright (C) 2014 ARM Ltd and ARM Germany GmbH. All rights reserved.
License Information: Alexander Dean, North Carolina State University, LIC=IC9TL-JLX5P-VNNFG-TIA77-47UGM-XIR90
 
Tool Versions:
Toolchain:       MDK-ARM Professional  Version: 5.12.0.0
Toolchain Path:  C:\Keil_v5\ARM\ARMCC\Bin
C Compiler:      Armcc.exe V5.05 (build 41)
Assembler:       Armasm.exe V5.05 (build 41)
Linker/Locator:  ArmLink.exe V5.05 (build 41)
Library Manager: ArmAr.exe V5.05 (build 41)
Hex Converter:   FromElf.exe V5.05 (build 41)
CPU DLL:         SARMCM3.DLL V5.12.0.0
Dialog DLL:      DARMCM1.DLL V1.11.00.0
Target DLL:      CMSIS_AGDI.dll V1.19.0.0
Dialog DLL:      TARMCM1.DLL V1.08.00.0
 
<h2>Project:</h2>
C:\Users\Alex\Documents\Teaching\ESD\2015-Spring\Expansion Board\Test Code\TFT-TS-BL-Profiler-RTX\BasicUI.uvproj
Project File Date:  04/24/2015

<h2>Output:</h2>
Build target 'KL25Z Flash'
compiling sound.c...
linking...
Program Size: Code=17436 RO-data=7492 RW-data=168 ZI-data=6784  
".\obj\BasicUI.axf" - 0 Error(s), 0 Warning(s).
</pre>
</body>
</html>

compiling region.c...
compiling lucida_8x13.c...
compiling lucida_12x19.c...
compiling lucida_20x31.c...
compiling RTX_Config.c...
compiling sound.c...
compiling tasks.c...
src\tasks.c(65): warning:  #1461-D: function declared with "noreturn" does return
  }
src\tasks.c: 1 warning, 0 errors
compiling I2C.c...
compiling DMA.c...
compiling MMA8451.c...
compiling TFT_graphics.c...
compiling TFT_lcd.c...
compiling TFT_text.c...
linking...
Program Size: Code=17436 RO-data=7492 RW-data=168 ZI-data=6784  
".\obj\BasicUI.axf" - 0 Error(s), 1 Warning(s).
Load "C:\\Users\\Alex\\Documents\\Teaching\\ESD\\2015-Spring\\Expansion Board\\Test Code\\TFT-TS-BL-Profiler-RTX\\obj\\BasicUI.axf" 
Erase Done.
Programming Done.
Verify OK.
Application running ...
...
linking...
Program Size: Code=17560 RO-data=7508 RW-data=168 ZI-data=6784  
".\obj\BasicUI.axf" - 0 Error(s), 3 Warning(s).
Load "C:\\Users\\Alex\\Documents\\Teaching\\ESD\\2015-Spring\\Expansion Board\\Test Code\\TFT-TS-BL-Profiler-RTX\\obj\\BasicUI.axf" 
Erase Done.
Programming Done.
Verify OK.
Application running ...
