<html>
<body>
<pre>
<h1>µVision Build Log</h1>
<h2>Tool Versions:</h2>
IDE-Version: µVision V5.13.0.0
Copyright (C) 2014 ARM Ltd and ARM Germany GmbH. All rights reserved.
License Information: Michael Meli, NCSU, LIC=----
 
Tool Versions:
Toolchain:       MDK-Lite  Version: 5.13.0.0
Toolchain Path:  C:\Keil_v5\ARM\ARMCC\Bin
C Compiler:      Armcc.exe V5.05 update 1 (build 106)
Assembler:       Armasm.exe V5.05 update 1 (build 106)
Linker/Locator:  ArmLink.exe V5.05 update 1 (build 106)
Library Manager: ArmAr.exe V5.05 update 1 (build 106)
Hex Converter:   FromElf.exe V5.05 update 1 (build 106)
CPU DLL:         SARMCM3.DLL V5.13.0.0
Dialog DLL:      DARMCM1.DLL V1.12.0.0
Target DLL:      CMSIS_AGDI.dll V1.20.8.0
Dialog DLL:      TARMCM1.DLL V1.9.0.0
 
<h2>Project:</h2>
C:\Users\Michael\Documents\GitHub\ECE561\Project 4 - Multithreaded Game Project\Project Code\BasicUI.uvproj
Project File Date:  04/18/2015

<h2>Output:</h2>
Build target 'KL25Z Flash'
compiling tasks.c...
src\tasks.c(184): warning:  #177-D: variable "msg" was declared but never referenced
        void * msg;
src\tasks.c(185): warning:  #177-D: variable "current_height" was declared but never referenced
        uint32_t current_height;
src\tasks.c: 2 warnings, 0 errors
linking...
Program Size: Code=16576 RO-data=7460 RW-data=172 ZI-data=5356  
".\obj\BasicUI.axf" - 0 Error(s), 2 Warning(s).
</pre>
</body>
</html>
