Component: ARM Compiler 5.05 update 1 (build 106) Tool: armlink [4d0efa]

==============================================================================

Section Cross References

    system_mkl25z4.o(.text) refers to uidiv.o(.text) for __aeabi_uidivmod
    system_mkl25z4.o(.text) refers to system_mkl25z4.o(.data) for .data
    startup_mkl25z4.o(RESET) refers to startup_mkl25z4.o(STACK) for __initial_sp
    startup_mkl25z4.o(RESET) refers to startup_mkl25z4.o(.text) for Reset_Handler
    startup_mkl25z4.o(RESET) refers to i2c.o(.text) for I2C0_IRQHandler
    startup_mkl25z4.o(RESET) refers to timers.o(.text) for PIT_IRQHandler
    startup_mkl25z4.o(.text) refers to system_mkl25z4.o(.text) for SystemInit
    startup_mkl25z4.o(.text) refers to entry.o(.ARM.Collect$$$$00000000) for __main
    lcd_4bit.o(.text) refers to delay.o(.text) for Delay
    main.o(.text) refers to leds.o(.text) for Init_RGB_LEDs
    main.o(.text) refers to triggers.o(.text) for init_triggers
    main.o(.text) refers to i2c.o(.text) for i2c_init
    main.o(.text) refers to spi.o(.text) for spi_init
    main.o(.text) refers to mma8451.o(.text) for init_mma
    main.o(.text) refers to delay.o(.text) for Delay
    main.o(.text) refers to profile.o(.text) for Init_Profiling
    main.o(.text) refers to i2c.o(.data) for i2cLockedUp
    main.o(.text) refers to main.o(.data) for .data
    timers.o(.text) refers to profile.o(.data) for profiling_enabled
    timers.o(.text) refers to timers.o(.data) for .data
    timers.o(.text) refers to profile.o(.data) for profile_ticks
    timers.o(.text) refers to region.o(.constdata) for NumProfileRegions
    timers.o(.text) refers to region.o(.constdata) for RegionTable
    timers.o(.text) refers to region.o(.bss) for RegionCount
    timers.o(.text) refers to profile.o(.data) for adx_lost
    timers.o(.text) refers to profile.o(.data) for num_lost
    i2c.o(.text) refers to i2c.o(.data) for .data
    mma8451.o(.text) refers to i2c.o(.text) for i2c_read_byte
    mma8451.o(.text) refers to delay.o(.text) for Delay
    mma8451.o(.text) refers to fflti.o(.text) for __aeabi_i2f
    mma8451.o(.text) refers to fscalb.o(.text) for __ARM_scalbnf
    mma8451.o(.text) refers to approximations.o(.text) for atan2_approx
    mma8451.o(.text) refers to fmul.o(.text) for __aeabi_fmul
    mma8451.o(.text) refers to fadd.o(.text) for __aeabi_fadd
    mma8451.o(.text) refers to i2c.o(.data) for i2cLockedUp
    mma8451.o(.text) refers to mma8451.o(.data) for .data
    sine_table.o(.text) refers to dfltui.o(.text) for __aeabi_ui2d
    sine_table.o(.text) refers to dmul.o(.text) for __aeabi_dmul
    sine_table.o(.text) refers to sin.o(i.sin) for sin
    sine_table.o(.text) refers to dadd.o(.text) for __aeabi_dadd
    sine_table.o(.text) refers to dfixui.o(.text) for __aeabi_d2uiz
    sine_table.o(.text) refers to sine_table.o(.bss) for .bss
    profile.o(.text) refers to uidiv.o(.text) for __aeabi_uidivmod
    profile.o(.text) refers to timers.o(.text) for Init_PIT
    profile.o(.text) refers to region.o(.constdata) for NumProfileRegions
    profile.o(.text) refers to region.o(.bss) for RegionCount
    profile.o(.text) refers to system_mkl25z4.o(.data) for SystemCoreClock
    profile.o(.text) refers to profile.o(.data) for .data
    approximations.o(.text) refers to fdiv.o(.text) for __aeabi_fdiv
    approximations.o(.text) refers to fmul.o(.text) for __aeabi_fmul
    approximations.o(.text) refers to fadd.o(.text) for __aeabi_fadd
    approximations.o(.text) refers to atanf.o(i.atanf) for atanf
    approximations.o(.text) refers to roundf.o(i.roundf) for roundf
    approximations.o(.text) refers to ffixi.o(.text) for __aeabi_f2iz
    approximations.o(.text) refers to approximations.o(.data) for .data
    approximations.o(.text) refers to approximations.o(.bss) for .bss
    v2xe.o(.text) refers to spi.o(.text) for spi_transmit
    v2xe.o(.text) refers to delay.o(.text) for Delay
    v2xe.o(.text) refers to leds.o(.text) for Control_RGB_LEDs
    atanf.o(i.__softfp_atanf) refers (Special) to iusefp.o(.text) for __I$use$fp
    atanf.o(i.__softfp_atanf) refers to atanf.o(i.atanf) for atanf
    atanf.o(i.atanf) refers (Special) to iusefp.o(.text) for __I$use$fp
    atanf.o(i.atanf) refers to fdiv.o(.text) for __aeabi_fdiv
    atanf.o(i.atanf) refers to fadd.o(.text) for __aeabi_fsub
    atanf.o(i.atanf) refers to fmul.o(.text) for __aeabi_fmul
    atanf.o(i.atanf) refers to fpclassifyf.o(i.__ARM_fpclassifyf) for __ARM_fpclassifyf
    atanf.o(i.atanf) refers to funder.o(i.__mathlib_flt_underflow) for __mathlib_flt_underflow
    atanf.o(i.atanf) refers to funder.o(i.__mathlib_flt_infnan) for __mathlib_flt_infnan
    atanf_x.o(i.____softfp_atanf$lsc) refers (Special) to iusefp.o(.text) for __I$use$fp
    atanf_x.o(i.____softfp_atanf$lsc) refers to atanf_x.o(i.__atanf$lsc) for __atanf$lsc
    atanf_x.o(i.__atanf$lsc) refers (Special) to iusefp.o(.text) for __I$use$fp
    atanf_x.o(i.__atanf$lsc) refers to fdiv.o(.text) for __aeabi_fdiv
    atanf_x.o(i.__atanf$lsc) refers to fadd.o(.text) for __aeabi_fsub
    atanf_x.o(i.__atanf$lsc) refers to fmul.o(.text) for __aeabi_fmul
    atanf_x.o(i.__atanf$lsc) refers to funder.o(i.__mathlib_flt_infnan) for __mathlib_flt_infnan
    sin.o(i.__softfp_sin) refers (Special) to iusefp.o(.text) for __I$use$fp
    sin.o(i.__softfp_sin) refers to sin.o(i.sin) for sin
    sin.o(i.sin) refers (Special) to iusefp.o(.text) for __I$use$fp
    sin.o(i.sin) refers to errno.o(i.__set_errno) for __set_errno
    sin.o(i.sin) refers to dunder.o(i.__mathlib_dbl_invalid) for __mathlib_dbl_invalid
    sin.o(i.sin) refers to dunder.o(i.__mathlib_dbl_infnan) for __mathlib_dbl_infnan
    sin.o(i.sin) refers to rred.o(i.__ieee754_rem_pio2) for __ieee754_rem_pio2
    sin.o(i.sin) refers to cos_i.o(i.__kernel_cos) for __kernel_cos
    sin.o(i.sin) refers to sin_i.o(i.__kernel_sin) for __kernel_sin
    sin_x.o(i.____softfp_sin$lsc) refers (Special) to iusefp.o(.text) for __I$use$fp
    sin_x.o(i.____softfp_sin$lsc) refers to sin_x.o(i.__sin$lsc) for __sin$lsc
    sin_x.o(i.__sin$lsc) refers (Special) to iusefp.o(.text) for __I$use$fp
    sin_x.o(i.__sin$lsc) refers to errno.o(i.__set_errno) for __set_errno
    sin_x.o(i.__sin$lsc) refers to dunder.o(i.__mathlib_dbl_infnan) for __mathlib_dbl_infnan
    sin_x.o(i.__sin$lsc) refers to rred.o(i.__ieee754_rem_pio2) for __ieee754_rem_pio2
    sin_x.o(i.__sin$lsc) refers to cos_i.o(i.__kernel_cos) for __kernel_cos
    sin_x.o(i.__sin$lsc) refers to sin_i.o(i.__kernel_sin) for __kernel_sin
    roundf.o(i.roundf) refers (Special) to iusefp.o(.text) for __I$use$fp
    roundf.o(i.roundf) refers to frnd.o(.text) for _frnd
    roundf.o(i.roundf) refers to fadd.o(.text) for __aeabi_fsub
    entry.o(.ARM.Collect$$$$00000000) refers (Special) to entry10a.o(.ARM.Collect$$$$0000000D) for __rt_final_cpp
    entry.o(.ARM.Collect$$$$00000000) refers (Special) to entry11a.o(.ARM.Collect$$$$0000000F) for __rt_final_exit
    entry.o(.ARM.Collect$$$$00000000) refers (Special) to entry7b.o(.ARM.Collect$$$$00000008) for _main_clock
    entry.o(.ARM.Collect$$$$00000000) refers (Special) to entry8b.o(.ARM.Collect$$$$0000000A) for _main_cpp_init
    entry.o(.ARM.Collect$$$$00000000) refers (Special) to entry9a.o(.ARM.Collect$$$$0000000B) for _main_init
    entry.o(.ARM.Collect$$$$00000000) refers (Special) to entry5.o(.ARM.Collect$$$$00000004) for _main_scatterload
    entry.o(.ARM.Collect$$$$00000000) refers (Special) to entry2.o(.ARM.Collect$$$$00000001) for _main_stk
    fadd.o(.text) refers (Special) to iusefp.o(.text) for __I$use$fp
    fadd.o(.text) refers to fepilogue.o(.text) for _float_epilogue
    fmul.o(.text) refers (Special) to iusefp.o(.text) for __I$use$fp
    fdiv.o(.text) refers (Special) to iusefp.o(.text) for __I$use$fp
    fdiv.o(.text) refers to fepilogue.o(.text) for _float_round
    fscalb.o(.text) refers (Special) to iusefp.o(.text) for __I$use$fp
    dadd.o(.text) refers (Special) to iusefp.o(.text) for __I$use$fp
    dadd.o(.text) refers to llshl.o(.text) for __aeabi_llsl
    dadd.o(.text) refers to llsshr.o(.text) for __aeabi_lasr
    dadd.o(.text) refers to depilogue.o(.text) for _double_epilogue
    dmul.o(.text) refers (Special) to iusefp.o(.text) for __I$use$fp
    dmul.o(.text) refers to depilogue.o(.text) for _double_epilogue
    fflti.o(.text) refers (Special) to iusefp.o(.text) for __I$use$fp
    fflti.o(.text) refers to fepilogue.o(.text) for _float_epilogue
    dfltui.o(.text) refers (Special) to iusefp.o(.text) for __I$use$fp
    dfltui.o(.text) refers to depilogue.o(.text) for _double_epilogue
    ffixi.o(.text) refers (Special) to iusefp.o(.text) for __I$use$fp
    dfixui.o(.text) refers (Special) to iusefp.o(.text) for __I$use$fp
    dfixui.o(.text) refers to llushr.o(.text) for __aeabi_llsr
    cos_i.o(i.__kernel_cos) refers (Special) to iusefp.o(.text) for __I$use$fp
    cos_i.o(i.__kernel_cos) refers to dfixi.o(.text) for __aeabi_d2iz
    cos_i.o(i.__kernel_cos) refers to dmul.o(.text) for __aeabi_dmul
    cos_i.o(i.__kernel_cos) refers to poly.o(i.__kernel_poly) for __kernel_poly
    cos_i.o(i.__kernel_cos) refers to dadd.o(.text) for __aeabi_dsub
    cos_i.o(i.__kernel_cos) refers to dscalb.o(.text) for __ARM_scalbn
    cos_i.o(i.__kernel_cos) refers to cos_i.o(.constdata) for .constdata
    cos_i.o(.constdata) refers (Special) to iusefp.o(.text) for __I$use$fp
    dunder.o(i.__mathlib_dbl_divzero) refers to ddiv.o(.text) for __aeabi_ddiv
    dunder.o(i.__mathlib_dbl_infnan) refers to dscalb.o(.text) for __ARM_scalbn
    dunder.o(i.__mathlib_dbl_infnan2) refers to dadd.o(.text) for __aeabi_dadd
    dunder.o(i.__mathlib_dbl_invalid) refers to ddiv.o(.text) for __aeabi_ddiv
    dunder.o(i.__mathlib_dbl_overflow) refers to dscalb.o(.text) for __ARM_scalbn
    dunder.o(i.__mathlib_dbl_posinfnan) refers to dmul.o(.text) for __aeabi_dmul
    dunder.o(i.__mathlib_dbl_underflow) refers to dscalb.o(.text) for __ARM_scalbn
    fpclassifyf.o(i.__ARM_fpclassifyf) refers (Special) to iusefp.o(.text) for __I$use$fp
    funder.o(i.__mathlib_flt_divzero) refers to fdiv.o(.text) for __aeabi_fdiv
    funder.o(i.__mathlib_flt_infnan) refers to fscalb.o(.text) for __ARM_scalbnf
    funder.o(i.__mathlib_flt_infnan2) refers to fadd.o(.text) for __aeabi_fadd
    funder.o(i.__mathlib_flt_invalid) refers to fdiv.o(.text) for __aeabi_fdiv
    funder.o(i.__mathlib_flt_overflow) refers to fscalb.o(.text) for __ARM_scalbnf
    funder.o(i.__mathlib_flt_posinfnan) refers to fmul.o(.text) for __aeabi_fmul
    funder.o(i.__mathlib_flt_underflow) refers to fscalb.o(.text) for __ARM_scalbnf
    rred.o(i.__ieee754_rem_pio2) refers (Special) to iusefp.o(.text) for __I$use$fp
    rred.o(i.__ieee754_rem_pio2) refers to dadd.o(.text) for __aeabi_dsub
    rred.o(i.__ieee754_rem_pio2) refers to dmul.o(.text) for __aeabi_dmul
    rred.o(i.__ieee754_rem_pio2) refers to dfixi.o(.text) for __aeabi_d2iz
    rred.o(i.__ieee754_rem_pio2) refers to dflti.o(.text) for __aeabi_i2d
    rred.o(i.__ieee754_rem_pio2) refers to rred.o(i.__ARM_common_ll_muluu) for __ARM_common_ll_muluu
    rred.o(i.__ieee754_rem_pio2) refers to dfltui.o(.text) for __aeabi_ui2d
    rred.o(i.__ieee754_rem_pio2) refers to dscalb.o(.text) for __ARM_scalbn
    rred.o(i.__ieee754_rem_pio2) refers to rred.o(.constdata) for .constdata
    rred.o(i.__use_accurate_range_reduction) refers (Special) to iusefp.o(.text) for __I$use$fp
    rred.o(.constdata) refers (Special) to iusefp.o(.text) for __I$use$fp
    sin_i.o(i.__kernel_sin) refers (Special) to iusefp.o(.text) for __I$use$fp
    sin_i.o(i.__kernel_sin) refers to fpclassify.o(i.__ARM_fpclassify) for __ARM_fpclassify
    sin_i.o(i.__kernel_sin) refers to dunder.o(i.__mathlib_dbl_underflow) for __mathlib_dbl_underflow
    sin_i.o(i.__kernel_sin) refers to dmul.o(.text) for __aeabi_dmul
    sin_i.o(i.__kernel_sin) refers to poly.o(i.__kernel_poly) for __kernel_poly
    sin_i.o(i.__kernel_sin) refers to dscalb.o(.text) for __ARM_scalbn
    sin_i.o(i.__kernel_sin) refers to dadd.o(.text) for __aeabi_dsub
    sin_i.o(i.__kernel_sin) refers to sin_i.o(.constdata) for .constdata
    sin_i.o(.constdata) refers (Special) to iusefp.o(.text) for __I$use$fp
    sin_i_x.o(i.____kernel_sin$lsc) refers (Special) to iusefp.o(.text) for __I$use$fp
    sin_i_x.o(i.____kernel_sin$lsc) refers to dmul.o(.text) for __aeabi_dmul
    sin_i_x.o(i.____kernel_sin$lsc) refers to poly.o(i.__kernel_poly) for __kernel_poly
    sin_i_x.o(i.____kernel_sin$lsc) refers to dscalb.o(.text) for __ARM_scalbn
    sin_i_x.o(i.____kernel_sin$lsc) refers to dadd.o(.text) for __aeabi_dsub
    sin_i_x.o(i.____kernel_sin$lsc) refers to sin_i_x.o(.constdata) for .constdata
    sin_i_x.o(.constdata) refers (Special) to iusefp.o(.text) for __I$use$fp
    entry2.o(.ARM.Collect$$$$00000001) refers to entry2.o(.ARM.Collect$$$$00002712) for __lit__00000000
    entry2.o(.ARM.Collect$$$$00002712) refers to startup_mkl25z4.o(STACK) for __initial_sp
    entry2.o(__vectab_stack_and_reset_area) refers to startup_mkl25z4.o(STACK) for __initial_sp
    entry2.o(__vectab_stack_and_reset_area) refers to entry.o(.ARM.Collect$$$$00000000) for __main
    entry5.o(.ARM.Collect$$$$00000004) refers to init.o(.text) for __scatterload
    entry9a.o(.ARM.Collect$$$$0000000B) refers to main.o(.text) for main
    entry9b.o(.ARM.Collect$$$$0000000C) refers to main.o(.text) for main
    errno.o(i.__aeabi_errno_addr) refers to errno.o(.data) for .data
    errno.o(i.__read_errno) refers to errno.o(.data) for .data
    errno.o(i.__set_errno) refers to errno.o(.data) for .data
    frnd.o(.text) refers to fepilogue.o(.text) for _float_round
    depilogue.o(.text) refers to depilogue.o(i.__ARM_clz) for __ARM_clz
    depilogue.o(.text) refers to llshl.o(.text) for __aeabi_llsl
    depilogue.o(.text) refers to llushr.o(.text) for __aeabi_llsr
    fpclassify.o(i.__ARM_fpclassify) refers (Special) to iusefp.o(.text) for __I$use$fp
    poly.o(i.__kernel_poly) refers (Special) to iusefp.o(.text) for __I$use$fp
    poly.o(i.__kernel_poly) refers to dmul.o(.text) for __aeabi_dmul
    poly.o(i.__kernel_poly) refers to dadd.o(.text) for __aeabi_dadd
    init.o(.text) refers to entry5.o(.ARM.Collect$$$$00000004) for __main_after_scatterload
    ddiv.o(.text) refers to depilogue.o(.text) for _double_round
    dflti.o(.text) refers to depilogue.o(.text) for _double_epilogue
    dfixi.o(.text) refers to llushr.o(.text) for __aeabi_llsr
    rred.o(i.__ARM_common_ll_muluu) refers (Special) to iusefp.o(.text) for __I$use$fp


==============================================================================

Removing Unused input sections from the image.

    Removing system_mkl25z4.o(.rev16_text), (4 bytes).
    Removing system_mkl25z4.o(.revsh_text), (4 bytes).
    Removing startup_mkl25z4.o(HEAP), (0 bytes).
    Removing lcd_4bit.o(.rev16_text), (4 bytes).
    Removing lcd_4bit.o(.revsh_text), (4 bytes).
    Removing lcd_4bit.o(.text), (568 bytes).
    Removing main.o(.rev16_text), (4 bytes).
    Removing main.o(.revsh_text), (4 bytes).
    Removing leds.o(.rev16_text), (4 bytes).
    Removing leds.o(.revsh_text), (4 bytes).
    Removing timers.o(.rev16_text), (4 bytes).
    Removing timers.o(.revsh_text), (4 bytes).
    Removing timers.o(.data), (4 bytes).
    Removing timers.o(.data), (4 bytes).
    Removing i2c.o(.rev16_text), (4 bytes).
    Removing i2c.o(.revsh_text), (4 bytes).
    Removing mma8451.o(.rev16_text), (4 bytes).
    Removing mma8451.o(.revsh_text), (4 bytes).
    Removing delay.o(.rev16_text), (4 bytes).
    Removing delay.o(.revsh_text), (4 bytes).
    Removing sine_table.o(.rev16_text), (4 bytes).
    Removing sine_table.o(.revsh_text), (4 bytes).
    Removing sine_table.o(.text), (156 bytes).
    Removing sine_table.o(.bss), (128 bytes).
    Removing profile.o(.rev16_text), (4 bytes).
    Removing profile.o(.revsh_text), (4 bytes).
    Removing v2xe.o(.rev16_text), (4 bytes).
    Removing v2xe.o(.revsh_text), (4 bytes).
    Removing v2xe.o(.text), (392 bytes).
    Removing v2xe.o(.data), (4 bytes).
    Removing v2xe.o(.data), (4 bytes).
    Removing v2xe.o(.data), (4 bytes).
    Removing spi.o(.rev16_text), (4 bytes).
    Removing spi.o(.revsh_text), (4 bytes).
    Removing triggers.o(.rev16_text), (4 bytes).
    Removing triggers.o(.revsh_text), (4 bytes).
    Removing dadd.o(.text), (356 bytes).
    Removing dmul.o(.text), (208 bytes).
    Removing dfltui.o(.text), (28 bytes).
    Removing dfixui.o(.text), (60 bytes).
    Removing depilogue.o(.text), (190 bytes).
    Removing ddiv.o(.text), (240 bytes).
    Removing dscalb.o(.text), (44 bytes).
    Removing dflti.o(.text), (40 bytes).
    Removing dfixi.o(.text), (72 bytes).
    Removing depilogue.o(i.__ARM_clz), (46 bytes).

46 unused section(s) (total 2652 bytes) removed from the image.

==============================================================================

Image Symbol Table

    Local Symbols

    Symbol Name                              Value     Ov Type        Size  Object(Section)

    RESET                                    0x00000000   Section      192  startup_mkl25z4.o(RESET)
    ../clib/microlib/division.c              0x00000000   Number         0  uidiv.o ABSOLUTE
    ../clib/microlib/errno.c                 0x00000000   Number         0  errno.o ABSOLUTE
    ../clib/microlib/init/entry.s            0x00000000   Number         0  entry2.o ABSOLUTE
    ../clib/microlib/init/entry.s            0x00000000   Number         0  entry5.o ABSOLUTE
    ../clib/microlib/init/entry.s            0x00000000   Number         0  entry.o ABSOLUTE
    ../clib/microlib/init/entry.s            0x00000000   Number         0  entry8a.o ABSOLUTE
    ../clib/microlib/init/entry.s            0x00000000   Number         0  entry7b.o ABSOLUTE
    ../clib/microlib/init/entry.s            0x00000000   Number         0  entry11b.o ABSOLUTE
    ../clib/microlib/init/entry.s            0x00000000   Number         0  entry11a.o ABSOLUTE
    ../clib/microlib/init/entry.s            0x00000000   Number         0  entry7a.o ABSOLUTE
    ../clib/microlib/init/entry.s            0x00000000   Number         0  entry10b.o ABSOLUTE
    ../clib/microlib/init/entry.s            0x00000000   Number         0  entry10a.o ABSOLUTE
    ../clib/microlib/init/entry.s            0x00000000   Number         0  entry9b.o ABSOLUTE
    ../clib/microlib/init/entry.s            0x00000000   Number         0  entry9a.o ABSOLUTE
    ../clib/microlib/init/entry.s            0x00000000   Number         0  entry8b.o ABSOLUTE
    ../clib/microlib/longlong.c              0x00000000   Number         0  llsshr.o ABSOLUTE
    ../clib/microlib/longlong.c              0x00000000   Number         0  llushr.o ABSOLUTE
    ../clib/microlib/longlong.c              0x00000000   Number         0  llshl.o ABSOLUTE
    ../clib/microlib/stubs.s                 0x00000000   Number         0  iusefp.o ABSOLUTE
    ../fplib/microlib/fpadd.c                0x00000000   Number         0  fadd.o ABSOLUTE
    ../fplib/microlib/fpadd.c                0x00000000   Number         0  dadd.o ABSOLUTE
    ../fplib/microlib/fpdiv.c                0x00000000   Number         0  ddiv.o ABSOLUTE
    ../fplib/microlib/fpdiv.c                0x00000000   Number         0  fdiv.o ABSOLUTE
    ../fplib/microlib/fpepilogue.c           0x00000000   Number         0  depilogue.o ABSOLUTE
    ../fplib/microlib/fpepilogue.c           0x00000000   Number         0  fepilogue.o ABSOLUTE
    ../fplib/microlib/fpfix.c                0x00000000   Number         0  dfixi.o ABSOLUTE
    ../fplib/microlib/fpfix.c                0x00000000   Number         0  ffixi.o ABSOLUTE
    ../fplib/microlib/fpfix.c                0x00000000   Number         0  dfixui.o ABSOLUTE
    ../fplib/microlib/fpflt.c                0x00000000   Number         0  dflti.o ABSOLUTE
    ../fplib/microlib/fpflt.c                0x00000000   Number         0  fflti.o ABSOLUTE
    ../fplib/microlib/fpflt.c                0x00000000   Number         0  dfltui.o ABSOLUTE
    ../fplib/microlib/fpmul.c                0x00000000   Number         0  dmul.o ABSOLUTE
    ../fplib/microlib/fpmul.c                0x00000000   Number         0  fmul.o ABSOLUTE
    ../fplib/microlib/fprnd.c                0x00000000   Number         0  frnd.o ABSOLUTE
    ../fplib/microlib/fpscalb.c              0x00000000   Number         0  dscalb.o ABSOLUTE
    ../fplib/microlib/fpscalb.c              0x00000000   Number         0  fscalb.o ABSOLUTE
    ../mathlib/atanf.c                       0x00000000   Number         0  atanf_x.o ABSOLUTE
    ../mathlib/atanf.c                       0x00000000   Number         0  atanf.o ABSOLUTE
    ../mathlib/cos_i.c                       0x00000000   Number         0  cos_i.o ABSOLUTE
    ../mathlib/dunder.c                      0x00000000   Number         0  dunder.o ABSOLUTE
    ../mathlib/fpclassify.c                  0x00000000   Number         0  fpclassify.o ABSOLUTE
    ../mathlib/fpclassifyf.c                 0x00000000   Number         0  fpclassifyf.o ABSOLUTE
    ../mathlib/funder.c                      0x00000000   Number         0  funder.o ABSOLUTE
    ../mathlib/poly.c                        0x00000000   Number         0  poly.o ABSOLUTE
    ../mathlib/round.c                       0x00000000   Number         0  roundf.o ABSOLUTE
    ../mathlib/rred.c                        0x00000000   Number         0  rred.o ABSOLUTE
    ../mathlib/sin.c                         0x00000000   Number         0  sin_x.o ABSOLUTE
    ../mathlib/sin.c                         0x00000000   Number         0  sin.o ABSOLUTE
    ../mathlib/sin_i.c                       0x00000000   Number         0  sin_i_x.o ABSOLUTE
    ../mathlib/sin_i.c                       0x00000000   Number         0  sin_i.o ABSOLUTE
    asm\startup_MKL25Z4.s                    0x00000000   Number         0  startup_mkl25z4.o ABSOLUTE
    dc.s                                     0x00000000   Number         0  dc.o ABSOLUTE
    handlers.s                               0x00000000   Number         0  handlers.o ABSOLUTE
    init.s                                   0x00000000   Number         0  init.o ABSOLUTE
    src\LCD_4bit.c                           0x00000000   Number         0  lcd_4bit.o ABSOLUTE
    src\LEDs.c                               0x00000000   Number         0  leds.o ABSOLUTE
    src\\LCD_4bit.c                          0x00000000   Number         0  lcd_4bit.o ABSOLUTE
    src\\LEDs.c                              0x00000000   Number         0  leds.o ABSOLUTE
    src\\delay.c                             0x00000000   Number         0  delay.o ABSOLUTE
    src\\i2c.c                               0x00000000   Number         0  i2c.o ABSOLUTE
    src\\main.c                              0x00000000   Number         0  main.o ABSOLUTE
    src\\mma8451.c                           0x00000000   Number         0  mma8451.o ABSOLUTE
    src\\profile.c                           0x00000000   Number         0  profile.o ABSOLUTE
    src\\sine_table.c                        0x00000000   Number         0  sine_table.o ABSOLUTE
    src\\spi.c                               0x00000000   Number         0  spi.o ABSOLUTE
    src\\system_MKL25Z4.c                    0x00000000   Number         0  system_mkl25z4.o ABSOLUTE
    src\\timers.c                            0x00000000   Number         0  timers.o ABSOLUTE
    src\\triggers.c                          0x00000000   Number         0  triggers.o ABSOLUTE
    src\\v2xe.c                              0x00000000   Number         0  v2xe.o ABSOLUTE
    src\approximations.c                     0x00000000   Number         0  approximations.o ABSOLUTE
    src\delay.c                              0x00000000   Number         0  delay.o ABSOLUTE
    src\i2c.c                                0x00000000   Number         0  i2c.o ABSOLUTE
    src\main.c                               0x00000000   Number         0  main.o ABSOLUTE
    src\mma8451.c                            0x00000000   Number         0  mma8451.o ABSOLUTE
    src\profile.c                            0x00000000   Number         0  profile.o ABSOLUTE
    src\region.c                             0x00000000   Number         0  region.o ABSOLUTE
    src\sine_table.c                         0x00000000   Number         0  sine_table.o ABSOLUTE
    src\spi.c                                0x00000000   Number         0  spi.o ABSOLUTE
    src\system_MKL25Z4.c                     0x00000000   Number         0  system_mkl25z4.o ABSOLUTE
    src\timers.c                             0x00000000   Number         0  timers.o ABSOLUTE
    src\triggers.c                           0x00000000   Number         0  triggers.o ABSOLUTE
    src\v2xe.c                               0x00000000   Number         0  v2xe.o ABSOLUTE
    .ARM.Collect$$$$00000000                 0x000000c0   Section        0  entry.o(.ARM.Collect$$$$00000000)
    .ARM.Collect$$$$00000001                 0x000000c0   Section        4  entry2.o(.ARM.Collect$$$$00000001)
    .ARM.Collect$$$$00000004                 0x000000c4   Section        4  entry5.o(.ARM.Collect$$$$00000004)
    .ARM.Collect$$$$00000008                 0x000000c8   Section        0  entry7b.o(.ARM.Collect$$$$00000008)
    .ARM.Collect$$$$0000000A                 0x000000c8   Section        0  entry8b.o(.ARM.Collect$$$$0000000A)
    .ARM.Collect$$$$0000000B                 0x000000c8   Section        8  entry9a.o(.ARM.Collect$$$$0000000B)
    .ARM.Collect$$$$0000000D                 0x000000d0   Section        0  entry10a.o(.ARM.Collect$$$$0000000D)
    .ARM.Collect$$$$0000000F                 0x000000d0   Section        0  entry11a.o(.ARM.Collect$$$$0000000F)
    .ARM.Collect$$$$00002712                 0x000000d0   Section        4  entry2.o(.ARM.Collect$$$$00002712)
    __lit__00000000                          0x000000d0   Data           4  entry2.o(.ARM.Collect$$$$00002712)
    .text                                    0x000000d4   Section        0  system_mkl25z4.o(.text)
    .text                                    0x00000260   Section       28  startup_mkl25z4.o(.text)
    .text                                    0x0000027c   Section        0  main.o(.text)
    .text                                    0x00000310   Section        0  leds.o(.text)
    .text                                    0x000003ac   Section        0  delay.o(.text)
    .text                                    0x000003c4   Section        0  uidiv.o(.text)
    .text                                    0x000003f0   Section        0  iusefp.o(.text)
    i.__mathlib_flt_infnan                   0x000003f0   Section        0  funder.o(i.__mathlib_flt_infnan)
    i.__scatterload_null                     0x000003fa   Section        2  handlers.o(i.__scatterload_null)
    .constdata                               0x000003fc   Section        4  region.o(.constdata)
    .ARM.__at_0x400                          0x00000400   Section       16  startup_mkl25z4.o(.ARM.__at_0x400)
    .text                                    0x00000410   Section        0  timers.o(.text)
    .text                                    0x000005c0   Section        0  i2c.o(.text)
    .text                                    0x00000934   Section        0  mma8451.o(.text)
    .text                                    0x00000b14   Section        0  profile.o(.text)
    .text                                    0x00000b7c   Section        0  approximations.o(.text)
    .text                                    0x00000cfc   Section        0  spi.o(.text)
    .text                                    0x00000d54   Section        0  triggers.o(.text)
    .text                                    0x00000db4   Section        0  fadd.o(.text)
    .text                                    0x00000e66   Section        0  fmul.o(.text)
    .text                                    0x00000ee0   Section        0  fdiv.o(.text)
    .text                                    0x00000f5c   Section        0  fscalb.o(.text)
    .text                                    0x00000f74   Section        0  fflti.o(.text)
    .text                                    0x00000f8a   Section        0  ffixi.o(.text)
    .text                                    0x00000fbc   Section        0  fepilogue.o(.text)
    .text                                    0x0000103e   Section        0  frnd.o(.text)
    .text                                    0x0000107c   Section       36  init.o(.text)
    i.__ARM_fpclassifyf                      0x000010a0   Section        0  fpclassifyf.o(i.__ARM_fpclassifyf)
    i.__mathlib_flt_underflow                0x000010c2   Section        0  funder.o(i.__mathlib_flt_underflow)
    i.__scatterload_copy                     0x000010d0   Section       14  handlers.o(i.__scatterload_copy)
    i.__scatterload_zeroinit                 0x000010de   Section       14  handlers.o(i.__scatterload_zeroinit)
    i.atanf                                  0x000010ec   Section        0  atanf.o(i.atanf)
    i.roundf                                 0x0000124c   Section        0  roundf.o(i.roundf)
    .constdata                               0x000012c0   Section     2048  region.o(.constdata)
    .data                                    0x1ffff000   Section        4  system_mkl25z4.o(.data)
    .data                                    0x1ffff004   Section        4  main.o(.data)
    .data                                    0x1ffff008   Section        4  timers.o(.data)
    .data                                    0x1ffff00c   Section       11  i2c.o(.data)
    .data                                    0x1ffff018   Section       16  mma8451.o(.data)
    .data                                    0x1ffff028   Section        4  profile.o(.data)
    .data                                    0x1ffff02c   Section        4  profile.o(.data)
    .data                                    0x1ffff030   Section        4  profile.o(.data)
    .data                                    0x1ffff034   Section        1  profile.o(.data)
    .data                                    0x1ffff038   Section        4  approximations.o(.data)
    error_fix                                0x1ffff038   Data           4  approximations.o(.data)
    .bss                                     0x1ffff03c   Section      256  region.o(.bss)
    .bss                                     0x1ffff13c   Section      404  approximations.o(.bss)
    STACK                                    0x1ffff2d0   Section     1024  startup_mkl25z4.o(STACK)

    Global Symbols

    Symbol Name                              Value     Ov Type        Size  Object(Section)

    BuildAttributes$$THM_ISAv3M$S$PE$A:L22$X:L11$S22$IEEE1$IW$USESV6$~STKCKD$USESV7$~SHL$OTIME$ROPI$IEEEX$EBA8$MICROLIB$REQ8$PRES8$EABIv2 0x00000000   Number         0  anon$$obj.o ABSOLUTE
    __ARM_use_no_argv                        0x00000000   Number         0  main.o ABSOLUTE
    __Vectors                                0x00000000   Data           4  startup_mkl25z4.o(RESET)
    __cpp_initialize__aeabi_                  - Undefined Weak Reference
    __cxa_finalize                            - Undefined Weak Reference
    __decompress                              - Undefined Weak Reference
    _clock_init                               - Undefined Weak Reference
    _microlib_exit                            - Undefined Weak Reference
    __Vectors_End                            0x000000c0   Data           0  startup_mkl25z4.o(RESET)
    __Vectors_Size                           0x000000c0   Number         0  startup_mkl25z4.o ABSOLUTE
    __main                                   0x000000c1   Thumb Code     0  entry.o(.ARM.Collect$$$$00000000)
    _main_stk                                0x000000c1   Thumb Code     0  entry2.o(.ARM.Collect$$$$00000001)
    _main_scatterload                        0x000000c5   Thumb Code     0  entry5.o(.ARM.Collect$$$$00000004)
    __main_after_scatterload                 0x000000c9   Thumb Code     0  entry5.o(.ARM.Collect$$$$00000004)
    _main_clock                              0x000000c9   Thumb Code     0  entry7b.o(.ARM.Collect$$$$00000008)
    _main_cpp_init                           0x000000c9   Thumb Code     0  entry8b.o(.ARM.Collect$$$$0000000A)
    _main_init                               0x000000c9   Thumb Code     0  entry9a.o(.ARM.Collect$$$$0000000B)
    __rt_final_cpp                           0x000000d1   Thumb Code     0  entry10a.o(.ARM.Collect$$$$0000000D)
    __rt_final_exit                          0x000000d1   Thumb Code     0  entry11a.o(.ARM.Collect$$$$0000000F)
    SystemInit                               0x000000d5   Thumb Code   120  system_mkl25z4.o(.text)
    SystemCoreClockUpdate                    0x0000014d   Thumb Code   224  system_mkl25z4.o(.text)
    Reset_Handler                            0x00000261   Thumb Code     8  startup_mkl25z4.o(.text)
    NMI_Handler                              0x00000269   Thumb Code     2  startup_mkl25z4.o(.text)
    HardFault_Handler                        0x0000026b   Thumb Code     2  startup_mkl25z4.o(.text)
    SVC_Handler                              0x0000026d   Thumb Code     2  startup_mkl25z4.o(.text)
    PendSV_Handler                           0x0000026f   Thumb Code     2  startup_mkl25z4.o(.text)
    SysTick_Handler                          0x00000271   Thumb Code     2  startup_mkl25z4.o(.text)
    ADC0_IRQHandler                          0x00000273   Thumb Code     0  startup_mkl25z4.o(.text)
    CMP0_IRQHandler                          0x00000273   Thumb Code     0  startup_mkl25z4.o(.text)
    DAC0_IRQHandler                          0x00000273   Thumb Code     0  startup_mkl25z4.o(.text)
    DMA0_IRQHandler                          0x00000273   Thumb Code     0  startup_mkl25z4.o(.text)
    DMA1_IRQHandler                          0x00000273   Thumb Code     0  startup_mkl25z4.o(.text)
    DMA2_IRQHandler                          0x00000273   Thumb Code     0  startup_mkl25z4.o(.text)
    DMA3_IRQHandler                          0x00000273   Thumb Code     0  startup_mkl25z4.o(.text)
    DefaultISR                               0x00000273   Thumb Code     0  startup_mkl25z4.o(.text)
    FTFA_IRQHandler                          0x00000273   Thumb Code     0  startup_mkl25z4.o(.text)
    I2C1_IRQHandler                          0x00000273   Thumb Code     0  startup_mkl25z4.o(.text)
    LLW_IRQHandler                           0x00000273   Thumb Code     0  startup_mkl25z4.o(.text)
    LPTimer_IRQHandler                       0x00000273   Thumb Code     0  startup_mkl25z4.o(.text)
    LVD_LVW_IRQHandler                       0x00000273   Thumb Code     0  startup_mkl25z4.o(.text)
    MCG_IRQHandler                           0x00000273   Thumb Code     0  startup_mkl25z4.o(.text)
    PORTA_IRQHandler                         0x00000273   Thumb Code     0  startup_mkl25z4.o(.text)
    PORTD_IRQHandler                         0x00000273   Thumb Code     0  startup_mkl25z4.o(.text)
    RTC_IRQHandler                           0x00000273   Thumb Code     0  startup_mkl25z4.o(.text)
    RTC_Seconds_IRQHandler                   0x00000273   Thumb Code     0  startup_mkl25z4.o(.text)
    Reserved20_IRQHandler                    0x00000273   Thumb Code     0  startup_mkl25z4.o(.text)
    Reserved39_IRQHandler                    0x00000273   Thumb Code     0  startup_mkl25z4.o(.text)
    Reserved45_IRQHandler                    0x00000273   Thumb Code     0  startup_mkl25z4.o(.text)
    SPI0_IRQHandler                          0x00000273   Thumb Code     0  startup_mkl25z4.o(.text)
    SPI1_IRQHandler                          0x00000273   Thumb Code     0  startup_mkl25z4.o(.text)
    TPM0_IRQHandler                          0x00000273   Thumb Code     0  startup_mkl25z4.o(.text)
    TPM1_IRQHandler                          0x00000273   Thumb Code     0  startup_mkl25z4.o(.text)
    TPM2_IRQHandler                          0x00000273   Thumb Code     0  startup_mkl25z4.o(.text)
    TSI0_IRQHandler                          0x00000273   Thumb Code     0  startup_mkl25z4.o(.text)
    UART0_IRQHandler                         0x00000273   Thumb Code     0  startup_mkl25z4.o(.text)
    UART1_IRQHandler                         0x00000273   Thumb Code     0  startup_mkl25z4.o(.text)
    UART2_IRQHandler                         0x00000273   Thumb Code     0  startup_mkl25z4.o(.text)
    USB0_IRQHandler                          0x00000273   Thumb Code     0  startup_mkl25z4.o(.text)
    main                                     0x0000027d   Thumb Code   136  main.o(.text)
    Init_RGB_LEDs                            0x00000311   Thumb Code    82  leds.o(.text)
    Control_RGB_LEDs                         0x00000363   Thumb Code    52  leds.o(.text)
    Delay                                    0x000003ad   Thumb Code    20  delay.o(.text)
    __aeabi_uidiv                            0x000003c5   Thumb Code     0  uidiv.o(.text)
    __aeabi_uidivmod                         0x000003c5   Thumb Code    44  uidiv.o(.text)
    __I$use$fp                               0x000003f1   Thumb Code     0  iusefp.o(.text)
    __mathlib_flt_infnan                     0x000003f1   Thumb Code    10  funder.o(i.__mathlib_flt_infnan)
    __scatterload_null                       0x000003fb   Thumb Code     2  handlers.o(i.__scatterload_null)
    NumProfileRegions                        0x000003fc   Data           4  region.o(.constdata)
    PIT_IRQHandler                           0x00000411   Thumb Code   138  timers.o(.text)
    Init_PIT                                 0x0000049b   Thumb Code    76  timers.o(.text)
    Start_PIT                                0x000004e7   Thumb Code    12  timers.o(.text)
    Stop_PIT                                 0x000004f3   Thumb Code    12  timers.o(.text)
    Init_PWM                                 0x000004ff   Thumb Code    82  timers.o(.text)
    Set_PWM_Values                           0x00000551   Thumb Code    26  timers.o(.text)
    i2c_init                                 0x000005c1   Thumb Code    72  i2c.o(.text)
    i2c_start                                0x00000609   Thumb Code    26  i2c.o(.text)
    i2c_wait                                 0x00000623   Thumb Code    46  i2c.o(.text)
    i2c_read_setup                           0x00000651   Thumb Code    68  i2c.o(.text)
    i2c_repeated_read                        0x00000695   Thumb Code    56  i2c.o(.text)
    i2c_read_byte                            0x000006cd   Thumb Code   118  i2c.o(.text)
    i2c_write_byte                           0x00000743   Thumb Code    72  i2c.o(.text)
    i2c_reset                                0x0000078b   Thumb Code   164  i2c.o(.text)
    I2C0_IRQHandler                          0x0000082f   Thumb Code   176  i2c.o(.text)
    i2c_int_start                            0x000008df   Thumb Code    54  i2c.o(.text)
    init_mma                                 0x00000935   Thumb Code    68  mma8451.o(.text)
    read_full_xyz                            0x00000979   Thumb Code   134  mma8451.o(.text)
    read_xyz                                 0x000009ff   Thumb Code    68  mma8451.o(.text)
    convert_xyz_to_roll_pitch                0x00000a43   Thumb Code   118  mma8451.o(.text)
    get_accel_from_data                      0x00000ab9   Thumb Code    76  mma8451.o(.text)
    Init_Profiling                           0x00000b15   Thumb Code    72  profile.o(.text)
    Disable_Profiling                        0x00000b5d   Thumb Code     8  profile.o(.text)
    Enable_Profiling                         0x00000b65   Thumb Code     8  profile.o(.text)
    sqrt_approx                              0x00000b7d   Thumb Code    28  approximations.o(.text)
    atan2_approx                             0x00000b99   Thumb Code   132  approximations.o(.text)
    populate_atan_lut                        0x00000c1d   Thumb Code    52  approximations.o(.text)
    atan2_approx_lut                         0x00000c51   Thumb Code   132  approximations.o(.text)
    spi_init                                 0x00000cfd   Thumb Code    54  spi.o(.text)
    spi_transmit                             0x00000d33   Thumb Code    20  spi.o(.text)
    init_triggers                            0x00000d55   Thumb Code    84  triggers.o(.text)
    __aeabi_fadd                             0x00000db5   Thumb Code   162  fadd.o(.text)
    __aeabi_fsub                             0x00000e57   Thumb Code     8  fadd.o(.text)
    __aeabi_frsub                            0x00000e5f   Thumb Code     8  fadd.o(.text)
    __aeabi_fmul                             0x00000e67   Thumb Code   122  fmul.o(.text)
    __aeabi_fdiv                             0x00000ee1   Thumb Code   124  fdiv.o(.text)
    __ARM_scalbnf                            0x00000f5d   Thumb Code    24  fscalb.o(.text)
    scalbnf                                  0x00000f5d   Thumb Code     0  fscalb.o(.text)
    __aeabi_i2f                              0x00000f75   Thumb Code    22  fflti.o(.text)
    __aeabi_f2iz                             0x00000f8b   Thumb Code    50  ffixi.o(.text)
    _float_round                             0x00000fbd   Thumb Code    16  fepilogue.o(.text)
    _float_epilogue                          0x00000fcd   Thumb Code   114  fepilogue.o(.text)
    _frnd                                    0x0000103f   Thumb Code    62  frnd.o(.text)
    __scatterload                            0x0000107d   Thumb Code    28  init.o(.text)
    __scatterload_rt2                        0x0000107d   Thumb Code     0  init.o(.text)
    __ARM_fpclassifyf                        0x000010a1   Thumb Code    34  fpclassifyf.o(i.__ARM_fpclassifyf)
    __mathlib_flt_underflow                  0x000010c3   Thumb Code    14  funder.o(i.__mathlib_flt_underflow)
    __scatterload_copy                       0x000010d1   Thumb Code    14  handlers.o(i.__scatterload_copy)
    __scatterload_zeroinit                   0x000010df   Thumb Code    14  handlers.o(i.__scatterload_zeroinit)
    atanf                                    0x000010ed   Thumb Code   296  atanf.o(i.atanf)
    roundf                                   0x0000124d   Thumb Code   116  roundf.o(i.roundf)
    RegionTable                              0x000012c0   Data        2048  region.o(.constdata)
    Region$$Table$$Base                      0x00001ac0   Number         0  anon$$obj.o(Region$$Table)
    Region$$Table$$Limit                     0x00001ae0   Number         0  anon$$obj.o(Region$$Table)
    SystemCoreClock                          0x1ffff000   Data           4  system_mkl25z4.o(.data)
    i2cLockedUpCount                         0x1ffff004   Data           4  main.o(.data)
    PC_val                                   0x1ffff008   Data           4  timers.o(.data)
    i2cLockedUp                              0x1ffff00c   Data           1  i2c.o(.data)
    i2cCount                                 0x1ffff00d   Data           1  i2c.o(.data)
    i2cState                                 0x1ffff00e   Data           1  i2c.o(.data)
    devAddress                               0x1ffff00f   Data           1  i2c.o(.data)
    readAddress                              0x1ffff010   Data           1  i2c.o(.data)
    data                                     0x1ffff011   Data           6  i2c.o(.data)
    acc_X                                    0x1ffff018   Data           2  mma8451.o(.data)
    acc_Y                                    0x1ffff01a   Data           2  mma8451.o(.data)
    acc_Z                                    0x1ffff01c   Data           2  mma8451.o(.data)
    roll                                     0x1ffff020   Data           4  mma8451.o(.data)
    pitch                                    0x1ffff024   Data           4  mma8451.o(.data)
    adx_lost                                 0x1ffff028   Data           4  profile.o(.data)
    num_lost                                 0x1ffff02c   Data           4  profile.o(.data)
    profile_ticks                            0x1ffff030   Data           4  profile.o(.data)
    profiling_enabled                        0x1ffff034   Data           1  profile.o(.data)
    RegionCount                              0x1ffff03c   Data         256  region.o(.bss)
    atanLUT                                  0x1ffff13c   Data         404  approximations.o(.bss)
    __initial_sp                             0x1ffff6d0   Data           0  startup_mkl25z4.o(STACK)



==============================================================================

Memory Map of the image

  Image Entry point : 0x000000c1

  Load Region LR_IROM1 (Base: 0x00000000, Size: 0x00001b1c, Max: 0x00020000, ABSOLUTE)

    Execution Region ER_IROM1 (Base: 0x00000000, Size: 0x00001ae0, Max: 0x00020000, ABSOLUTE)

    Base Addr    Size         Type   Attr      Idx    E Section Name        Object

    0x00000000   0x000000c0   Data   RO           47    RESET               startup_mkl25z4.o
    0x000000c0   0x00000000   Code   RO          445  * .ARM.Collect$$$$00000000  mc_p.l(entry.o)
    0x000000c0   0x00000004   Code   RO          516    .ARM.Collect$$$$00000001  mc_p.l(entry2.o)
    0x000000c4   0x00000004   Code   RO          519    .ARM.Collect$$$$00000004  mc_p.l(entry5.o)
    0x000000c8   0x00000000   Code   RO          521    .ARM.Collect$$$$00000008  mc_p.l(entry7b.o)
    0x000000c8   0x00000000   Code   RO          523    .ARM.Collect$$$$0000000A  mc_p.l(entry8b.o)
    0x000000c8   0x00000008   Code   RO          524    .ARM.Collect$$$$0000000B  mc_p.l(entry9a.o)
    0x000000d0   0x00000000   Code   RO          526    .ARM.Collect$$$$0000000D  mc_p.l(entry10a.o)
    0x000000d0   0x00000000   Code   RO          528    .ARM.Collect$$$$0000000F  mc_p.l(entry11a.o)
    0x000000d0   0x00000004   Code   RO          517    .ARM.Collect$$$$00002712  mc_p.l(entry2.o)
    0x000000d4   0x0000018c   Code   RO            3    .text               system_mkl25z4.o
    0x00000260   0x0000001c   Code   RO           49    .text               startup_mkl25z4.o
    0x0000027c   0x00000094   Code   RO           94    .text               main.o
    0x00000310   0x0000009c   Code   RO          157    .text               leds.o
    0x000003ac   0x00000018   Code   RO          264    .text               delay.o
    0x000003c4   0x0000002c   Code   RO          448    .text               mc_p.l(uidiv.o)
    0x000003f0   0x00000000   Code   RO          543    .text               mc_p.l(iusefp.o)
    0x000003f0   0x0000000a   Code   RO          490    i.__mathlib_flt_infnan  m_ps.l(funder.o)
    0x000003fa   0x00000002   Code   RO          569    i.__scatterload_null  mc_p.l(handlers.o)
    0x000003fc   0x00000004   Data   RO          333    .constdata          region.o
    0x00000400   0x00000010   Code   RO           48    .ARM.__at_0x400     startup_mkl25z4.o
    0x00000410   0x000001b0   Code   RO          177    .text               timers.o
    0x000005c0   0x00000374   Code   RO          210    .text               i2c.o
    0x00000934   0x000001e0   Code   RO          237    .text               mma8451.o
    0x00000b14   0x00000068   Code   RO          307    .text               profile.o
    0x00000b7c   0x00000180   Code   RO          345    .text               approximations.o
    0x00000cfc   0x00000058   Code   RO          389    .text               spi.o
    0x00000d54   0x00000060   Code   RO          409    .text               triggers.o
    0x00000db4   0x000000b2   Code   RO          450    .text               mf_p.l(fadd.o)
    0x00000e66   0x0000007a   Code   RO          452    .text               mf_p.l(fmul.o)
    0x00000ee0   0x0000007c   Code   RO          454    .text               mf_p.l(fdiv.o)
    0x00000f5c   0x00000018   Code   RO          456    .text               mf_p.l(fscalb.o)
    0x00000f74   0x00000016   Code   RO          462    .text               mf_p.l(fflti.o)
    0x00000f8a   0x00000032   Code   RO          466    .text               mf_p.l(ffixi.o)
    0x00000fbc   0x00000082   Code   RO          544    .text               mf_p.l(fepilogue.o)
    0x0000103e   0x0000003e   Code   RO          546    .text               mf_p.l(frnd.o)
    0x0000107c   0x00000024   Code   RO          556    .text               mc_p.l(init.o)
    0x000010a0   0x00000022   Code   RO          487    i.__ARM_fpclassifyf  m_ps.l(fpclassifyf.o)
    0x000010c2   0x0000000e   Code   RO          495    i.__mathlib_flt_underflow  m_ps.l(funder.o)
    0x000010d0   0x0000000e   Code   RO          568    i.__scatterload_copy  mc_p.l(handlers.o)
    0x000010de   0x0000000e   Code   RO          570    i.__scatterload_zeroinit  mc_p.l(handlers.o)
    0x000010ec   0x00000160   Code   RO          428    i.atanf             m_ps.l(atanf.o)
    0x0000124c   0x00000074   Code   RO          443    i.roundf            m_ps.l(roundf.o)
    0x000012c0   0x00000800   Data   RO          332    .constdata          region.o
    0x00001ac0   0x00000020   Data   RO          566    Region$$Table       anon$$obj.o


    Execution Region RW_IRAM1 (Base: 0x1ffff000, Size: 0x000006d0, Max: 0x00001000, ABSOLUTE)

    Base Addr    Size         Type   Attr      Idx    E Section Name        Object

    0x1ffff000   0x00000004   Data   RW            4    .data               system_mkl25z4.o
    0x1ffff004   0x00000004   Data   RW           95    .data               main.o
    0x1ffff008   0x00000004   Data   RW          180    .data               timers.o
    0x1ffff00c   0x0000000b   Data   RW          211    .data               i2c.o
    0x1ffff017   0x00000001   PAD
    0x1ffff018   0x00000010   Data   RW          238    .data               mma8451.o
    0x1ffff028   0x00000004   Data   RW          308    .data               profile.o
    0x1ffff02c   0x00000004   Data   RW          309    .data               profile.o
    0x1ffff030   0x00000004   Data   RW          310    .data               profile.o
    0x1ffff034   0x00000001   Data   RW          311    .data               profile.o
    0x1ffff035   0x00000003   PAD
    0x1ffff038   0x00000004   Data   RW          347    .data               approximations.o
    0x1ffff03c   0x00000100   Zero   RW          331    .bss                region.o
    0x1ffff13c   0x00000194   Zero   RW          346    .bss                approximations.o
    0x1ffff2d0   0x00000400   Zero   RW           45    STACK               startup_mkl25z4.o


==============================================================================

Image component sizes


      Code (inc. data)   RO Data    RW Data    ZI Data      Debug   Object Name

       384         40          0          4        404       2136   approximations.o
        24          4          0          0          0        724   delay.o
       884         32          0         11          0       9250   i2c.o
         0          0          0          0          0      92980   lcd_4bit.o
       156         22          0          0          0        705   leds.o
       148         12          0          4          0        778   main.o
       480         16          0         16          0       1751   mma8451.o
       104         16          0         13          0       1160   profile.o
         0          0       2052          0        256        948   region.o
        88         14          0          0          0        548   spi.o
        44         24        192          0       1024        804   startup_mkl25z4.o
       396         60          0          4          0      98657   system_mkl25z4.o
       432         86          0          4          0       7633   timers.o
        96         12          0          0          0        468   triggers.o

    ----------------------------------------------------------------------
      3236        338       2276         60       1684     218542   Object Totals
         0          0         32          0          0          0   (incl. Generated)
         0          0          0          4          0          0   (incl. Padding)

    ----------------------------------------------------------------------

      Code (inc. data)   RO Data    RW Data    ZI Data      Debug   Library Member Name

       352         56          0          0          0         84   atanf.o
        34          0          0          0          0         60   fpclassifyf.o
        24          0          0          0          0        136   funder.o
       116          0          0          0          0         72   roundf.o
         0          0          0          0          0          0   entry.o
         0          0          0          0          0          0   entry10a.o
         0          0          0          0          0          0   entry11a.o
         8          4          0          0          0          0   entry2.o
         4          0          0          0          0          0   entry5.o
         0          0          0          0          0          0   entry7b.o
         0          0          0          0          0          0   entry8b.o
         8          4          0          0          0          0   entry9a.o
        30          0          0          0          0          0   handlers.o
        36          8          0          0          0         68   init.o
         0          0          0          0          0          0   iusefp.o
        44          0          0          0          0         72   uidiv.o
       178          0          0          0          0        108   fadd.o
       124          0          0          0          0         72   fdiv.o
       130          0          0          0          0        144   fepilogue.o
        50          0          0          0          0         60   ffixi.o
        22          0          0          0          0         68   fflti.o
       122          0          0          0          0         72   fmul.o
        62          0          0          0          0         68   frnd.o
        24          0          0          0          0         60   fscalb.o

    ----------------------------------------------------------------------
      1368         72          0          0          0       1144   Library Totals
         0          0          0          0          0          0   (incl. Padding)

    ----------------------------------------------------------------------

      Code (inc. data)   RO Data    RW Data    ZI Data      Debug   Library Name

       526         56          0          0          0        352   m_ps.l
       130         16          0          0          0        140   mc_p.l
       712          0          0          0          0        652   mf_p.l

    ----------------------------------------------------------------------
      1368         72          0          0          0       1144   Library Totals

    ----------------------------------------------------------------------

==============================================================================


      Code (inc. data)   RO Data    RW Data    ZI Data      Debug   

      4604        410       2276         60       1684     218606   Grand Totals
      4604        410       2276         60       1684     218606   ELF Image Totals
      4604        410       2276         60          0          0   ROM Totals

==============================================================================

    Total RO  Size (Code + RO Data)                 6880 (   6.72kB)
    Total RW  Size (RW Data + ZI Data)              1744 (   1.70kB)
    Total ROM Size (Code + RO Data + RW Data)       6940 (   6.78kB)

==============================================================================

